Archive member included to satisfy reference by file (symbol)

c:/program files (x86)/atmel/studio/7.0/toolchain/arm/arm-gnu-toolchain/bin/../lib/gcc/arm-none-eabi/6.3.1/thumb/v7e-m\libgcc.a(_arm_addsubdf3.o)
                              src/main.o (__aeabi_i2d)
c:/program files (x86)/atmel/studio/7.0/toolchain/arm/arm-gnu-toolchain/bin/../lib/gcc/arm-none-eabi/6.3.1/thumb/v7e-m\libgcc.a(_arm_muldivdf3.o)
                              src/main.o (__aeabi_dmul)
c:/program files (x86)/atmel/studio/7.0/toolchain/arm/arm-gnu-toolchain/bin/../lib/gcc/arm-none-eabi/6.3.1/thumb/v7e-m\libgcc.a(_arm_truncdfsf2.o)
                              src/main.o (__aeabi_d2f)
c:/program files (x86)/atmel/studio/7.0/toolchain/arm/arm-gnu-toolchain/bin/../lib/gcc/arm-none-eabi/6.3.1/thumb/v7e-m\libgcc.a(_aeabi_uldivmod.o)
                              src/main.o (__aeabi_uldivmod)
c:/program files (x86)/atmel/studio/7.0/toolchain/arm/arm-gnu-toolchain/bin/../lib/gcc/arm-none-eabi/6.3.1/thumb/v7e-m\libgcc.a(_udivmoddi4.o)
                              c:/program files (x86)/atmel/studio/7.0/toolchain/arm/arm-gnu-toolchain/bin/../lib/gcc/arm-none-eabi/6.3.1/thumb/v7e-m\libgcc.a(_aeabi_uldivmod.o) (__udivmoddi4)
c:/program files (x86)/atmel/studio/7.0/toolchain/arm/arm-gnu-toolchain/bin/../lib/gcc/arm-none-eabi/6.3.1/thumb/v7e-m\libgcc.a(_dvmd_tls.o)
                              c:/program files (x86)/atmel/studio/7.0/toolchain/arm/arm-gnu-toolchain/bin/../lib/gcc/arm-none-eabi/6.3.1/thumb/v7e-m\libgcc.a(_aeabi_uldivmod.o) (__aeabi_ldiv0)
c:/program files (x86)/atmel/studio/7.0/toolchain/arm/arm-gnu-toolchain/bin/../lib/gcc/arm-none-eabi/6.3.1/../../../../arm-none-eabi/lib/thumb/v7e-m\libc.a(lib_a-exit.o)
                              c:/program files (x86)/atmel/studio/7.0/toolchain/arm/arm-gnu-toolchain/bin/../lib/gcc/arm-none-eabi/6.3.1/../../../../arm-none-eabi/lib/thumb/v7e-m/crt0.o (exit)
c:/program files (x86)/atmel/studio/7.0/toolchain/arm/arm-gnu-toolchain/bin/../lib/gcc/arm-none-eabi/6.3.1/../../../../arm-none-eabi/lib/thumb/v7e-m\libc.a(lib_a-impure.o)
                              c:/program files (x86)/atmel/studio/7.0/toolchain/arm/arm-gnu-toolchain/bin/../lib/gcc/arm-none-eabi/6.3.1/../../../../arm-none-eabi/lib/thumb/v7e-m\libc.a(lib_a-exit.o) (_global_impure_ptr)
c:/program files (x86)/atmel/studio/7.0/toolchain/arm/arm-gnu-toolchain/bin/../lib/gcc/arm-none-eabi/6.3.1/../../../../arm-none-eabi/lib/thumb/v7e-m\libc.a(lib_a-init.o)
                              c:/program files (x86)/atmel/studio/7.0/toolchain/arm/arm-gnu-toolchain/bin/../lib/gcc/arm-none-eabi/6.3.1/../../../../arm-none-eabi/lib/thumb/v7e-m/crt0.o (__libc_init_array)
c:/program files (x86)/atmel/studio/7.0/toolchain/arm/arm-gnu-toolchain/bin/../lib/gcc/arm-none-eabi/6.3.1/../../../../arm-none-eabi/lib/thumb/v7e-m\libc.a(lib_a-memset.o)
                              c:/program files (x86)/atmel/studio/7.0/toolchain/arm/arm-gnu-toolchain/bin/../lib/gcc/arm-none-eabi/6.3.1/../../../../arm-none-eabi/lib/thumb/v7e-m/crt0.o (memset)
c:/program files (x86)/atmel/studio/7.0/toolchain/arm/arm-gnu-toolchain/bin/../lib/gcc/arm-none-eabi/6.3.1/../../../../arm-none-eabi/lib/thumb/v7e-m\libc.a(lib_a-sprintf.o)
                              src/main.o (sprintf)
c:/program files (x86)/atmel/studio/7.0/toolchain/arm/arm-gnu-toolchain/bin/../lib/gcc/arm-none-eabi/6.3.1/../../../../arm-none-eabi/lib/thumb/v7e-m\libc.a(lib_a-svfprintf.o)
                              c:/program files (x86)/atmel/studio/7.0/toolchain/arm/arm-gnu-toolchain/bin/../lib/gcc/arm-none-eabi/6.3.1/../../../../arm-none-eabi/lib/thumb/v7e-m\libc.a(lib_a-sprintf.o) (_svfprintf_r)
c:/program files (x86)/atmel/studio/7.0/toolchain/arm/arm-gnu-toolchain/bin/../lib/gcc/arm-none-eabi/6.3.1/../../../../arm-none-eabi/lib/thumb/v7e-m\libc.a(lib_a-__call_atexit.o)
                              c:/program files (x86)/atmel/studio/7.0/toolchain/arm/arm-gnu-toolchain/bin/../lib/gcc/arm-none-eabi/6.3.1/../../../../arm-none-eabi/lib/thumb/v7e-m\libc.a(lib_a-exit.o) (__call_exitprocs)
c:/program files (x86)/atmel/studio/7.0/toolchain/arm/arm-gnu-toolchain/bin/../lib/gcc/arm-none-eabi/6.3.1/../../../../arm-none-eabi/lib/thumb/v7e-m\libc.a(lib_a-atexit.o)
                              c:/program files (x86)/atmel/studio/7.0/toolchain/arm/arm-gnu-toolchain/bin/../lib/gcc/arm-none-eabi/6.3.1/../../../../arm-none-eabi/lib/thumb/v7e-m\libc.a(lib_a-__call_atexit.o) (atexit)
c:/program files (x86)/atmel/studio/7.0/toolchain/arm/arm-gnu-toolchain/bin/../lib/gcc/arm-none-eabi/6.3.1/../../../../arm-none-eabi/lib/thumb/v7e-m\libc.a(lib_a-dtoa.o)
                              c:/program files (x86)/atmel/studio/7.0/toolchain/arm/arm-gnu-toolchain/bin/../lib/gcc/arm-none-eabi/6.3.1/../../../../arm-none-eabi/lib/thumb/v7e-m\libc.a(lib_a-svfprintf.o) (_dtoa_r)
[...]
Memory Configuration

Name             Origin             Length             Attributes
rom              0x00400000         0x00200000         xr
ram              0x20400000         0x00060000         xrw
*default*        0x00000000         0xffffffff

Linker script and memory map

LOAD c:/program files (x86)/atmel/studio/7.0/toolchain/arm/arm-gnu-toolchain/bin/../lib/gcc/arm-none-eabi/6.3.1/thumb/v7e-m/crti.o
LOAD c:/program files (x86)/atmel/studio/7.0/toolchain/arm/arm-gnu-toolchain/bin/../lib/gcc/arm-none-eabi/6.3.1/thumb/v7e-m/crtbegin.o
LOAD c:/program files (x86)/atmel/studio/7.0/toolchain/arm/arm-gnu-toolchain/bin/../lib/gcc/arm-none-eabi/6.3.1/../../../../arm-none-eabi/lib/thumb/v7e-m/crt0.o
LOAD src/main.o
LOAD src/ASF/common/services/delay/sam/cycle_counter.o
LOAD src/ASF/common/services/spi/sam_spi/spi_master.o
LOAD src/ASF/sam/components/display/ili9488/ili9488.o
LOAD src/ASF/sam/drivers/spi/spi.o
LOAD src/ASF/common/services/clock/same70/sysclk.o
LOAD src/ASF/common/utils/interrupt/interrupt_sam_nvic.o
LOAD src/ASF/sam/boards/same70_xplained/init.o
LOAD src/ASF/sam/drivers/mpu/mpu.o
LOAD src/ASF/sam/drivers/pio/pio.o
LOAD src/ASF/sam/drivers/pio/pio_handler.o
LOAD src/ASF/sam/drivers/pmc/pmc.o
LOAD src/ASF/sam/drivers/pmc/sleep.o
LOAD src/ASF/sam/utils/cmsis/same70/source/templates/gcc/startup_same70.o
LOAD src/ASF/sam/utils/cmsis/same70/source/templates/system_same70.o
LOAD src/ASF/sam/utils/syscalls/gcc/syscalls.o
START GROUP
LOAD ../src/ASF/thirdparty/CMSIS/Lib/GCC\libarm_cortexM7lfsp_math_softfp.a
LOAD c:/program files (x86)/atmel/studio/7.0/toolchain/arm/arm-gnu-toolchain/bin/../lib/gcc/arm-none-eabi/6.3.1/../../../../arm-none-eabi/lib/thumb/v7e-m\libm.a
END GROUP
START GROUP
LOAD c:/program files (x86)/atmel/studio/7.0/toolchain/arm/arm-gnu-toolchain/bin/../lib/gcc/arm-none-eabi/6.3.1/thumb/v7e-m\libgcc.a
LOAD c:/program files (x86)/atmel/studio/7.0/toolchain/arm/arm-gnu-toolchain/bin/../lib/gcc/arm-none-eabi/6.3.1/../../../../arm-none-eabi/lib/thumb/v7e-m\libc.a
END GROUP
LOAD c:/program files (x86)/atmel/studio/7.0/toolchain/arm/arm-gnu-toolchain/bin/../lib/gcc/arm-none-eabi/6.3.1/thumb/v7e-m/crtend.o
LOAD c:/program files (x86)/atmel/studio/7.0/toolchain/arm/arm-gnu-toolchain/bin/../lib/gcc/arm-none-eabi/6.3.1/thumb/v7e-m/crtn.o
                0x00002000                STACK_SIZE = DEFINED (STACK_SIZE)?STACK_SIZE:0x2000
                0x2045fffc                __ram_end__ = ((ORIGIN (ram) + LENGTH (ram)) - 0x4)
                0x00000200                HEAP_SIZE = DEFINED (HEAP_SIZE)?HEAP_SIZE:0x200

.text           0x00400000    0x343d4
                0x00400000                . = ALIGN (0x4)
                0x00400000                _sfixed = .
 *(.vectors .vectors.*)
 .vectors       0x00400000      0x168 src/ASF/sam/utils/cmsis/same70/source/templates/gcc/startup_same70.o
                0x00400000                exception_table
 *(.text .text.* .gnu.linkonce.t.*)
 .text          0x00400168       0x6c c:/program files (x86)/atmel/studio/7.0/toolchain/arm/arm-gnu-toolchain/bin/../lib/gcc/arm-none-eabi/6.3.1/thumb/v7e-m/crtbegin.o
 .text.NVIC_EnableIRQ
                0x004001d4       0x34 src/main.o
 .text.NVIC_SetPriority
                0x00400208       0x54 src/main.o
 .text.osc_get_rate
                0x0040025c       0x74 src/main.o
 .text.sysclk_get_main_hz
                0x004002d0       0x20 src/main.o
 .text.sysclk_get_cpu_hz
                0x004002f0       0x14 src/main.o
 .text.but_callback
                0x00400304       0x78 src/main.o
                0x00400304                but_callback
 .text.configure_lcd
                0x0040037c       0x4c src/main.o
                0x0040037c                configure_lcd
 .text.init_but
                0x004003c8       0x70 src/main.o
                0x004003c8                init_but
 .text.font_draw_text
                0x00400438       0x88 src/main.o
                0x00400438                font_draw_text
 .text.velocidade
                0x004004c0       0x88 src/main.o
                0x004004c0                velocidade
 .text.distancia
                0x00400548       0x4c src/main.o
                0x00400548                distancia
 .text.main     0x00400594       0xe8 src/main.o
                0x00400594                main
 .text.osc_get_rate
                0x0040067c       0x74 src/ASF/common/services/spi/sam_spi/spi_master.o
 .text.sysclk_get_main_hz
                0x004006f0       0x20 src/ASF/common/services/spi/sam_spi/spi_master.o
 .text.sysclk_get_peripheral_hz
                0x00400710       0x14 src/ASF/common/services/spi/sam_spi/spi_master.o
 .text.spi_reset
                0x00400724       0x1a src/ASF/common/services/spi/sam_spi/spi_master.o
 .text.spi_set_master_mode
                0x0040073e       0x20 src/ASF/common/services/spi/sam_spi/spi_master.o
 .text.spi_set_fixed_peripheral_select
                0x0040075e       0x20 src/ASF/common/services/spi/sam_spi/spi_master.o
 .text.spi_disable_peripheral_select_decode
                0x0040077e       0x20 src/ASF/common/services/spi/sam_spi/spi_master.o
 .text.spi_get_peripheral_select_decode_setting
                0x0040079e       0x26 src/ASF/common/services/spi/sam_spi/spi_master.o
 .text.spi_disable_mode_fault_detect
                0x004007c4       0x20 src/ASF/common/services/spi/sam_spi/spi_master.o
 .text.spi_disable_loopback
                0x004007e4       0x20 src/ASF/common/services/spi/sam_spi/spi_master.o
 .text.spi_put  0x00400804       0x1e src/ASF/common/services/spi/sam_spi/spi_master.o
 .text.spi_get  0x00400822       0x1a src/ASF/common/services/spi/sam_spi/spi_master.o
 .text.spi_is_tx_ready
                0x0040083c       0x26 src/ASF/common/services/spi/sam_spi/spi_master.o
 .text.spi_is_rx_ready
                0x00400862       0x2c src/ASF/common/services/spi/sam_spi/spi_master.o
 *fill*         0x0040088e        0x2 
 .text.spi_write_single
                0x00400890       0x24 src/ASF/common/services/spi/sam_spi/spi_master.o
 .text.spi_read_single
                0x004008b4       0x24 src/ASF/common/services/spi/sam_spi/spi_master.o
 .text.spi_master_init
                0x004008d8       0x70 src/ASF/common/services/spi/sam_spi/spi_master.o
                0x004008d8                spi_master_init
 .text.spi_master_setup_device
                0x00400948       0xb4 src/ASF/common/services/spi/sam_spi/spi_master.o
                0x00400948                spi_master_setup_device
 .text.spi_select_device
                0x004009fc       0x58 src/ASF/common/services/spi/sam_spi/spi_master.o
                0x004009fc                spi_select_device
 .text.spi_write_packet
                0x00400a54       0x74 src/ASF/common/services/spi/sam_spi/spi_master.o
                0x00400a54                spi_write_packet
 .text.spi_read_packet
                0x00400ac8       0xac src/ASF/common/services/spi/sam_spi/spi_master.o
                0x00400ac8                spi_read_packet
 .text.spi_enable
                0x00400b74       0x1a src/ASF/sam/components/display/ili9488/ili9488.o
 .text.spi_enable_interrupt
                0x00400b8e       0x1c src/ASF/sam/components/display/ili9488/ili9488.o
 *fill*         0x00400baa        0x2 
 .text.ili9488_write_ram_prepare
                0x00400bac       0x40 src/ASF/sam/components/display/ili9488/ili9488.o
 .text.ili9488_write_ram_buffer
                0x00400bec       0x40 src/ASF/sam/components/display/ili9488/ili9488.o
 .text.ili9488_write_register
                0x00400c2c       0x78 src/ASF/sam/components/display/ili9488/ili9488.o
 .text.ili9488_read_chipid
                0x00400ca4       0xcc src/ASF/sam/components/display/ili9488/ili9488.o
 .text.ili9488_delay
                0x00400d70       0x40 src/ASF/sam/components/display/ili9488/ili9488.o
                0x00400d70                ili9488_delay
 .text.ili9488_check_box_coordinates
                0x00400db0       0xa2 src/ASF/sam/components/display/ili9488/ili9488.o
 *fill*         0x00400e52        0x2 
 .text.ili9488_set_display_direction
                0x00400e54       0x34 src/ASF/sam/components/display/ili9488/ili9488.o
                0x00400e54                ili9488_set_display_direction
 .text.ili9488_set_window
                0x00400e88       0xc8 src/ASF/sam/components/display/ili9488/ili9488.o
                0x00400e88                ili9488_set_window
 .text.ili9488_init
                0x00400f50      0x15c src/ASF/sam/components/display/ili9488/ili9488.o
                0x00400f50                ili9488_init
 .text.ili9488_display_on
                0x004010ac       0x18 src/ASF/sam/components/display/ili9488/ili9488.o
                0x004010ac                ili9488_display_on
 .text.ili9488_set_foreground_color
                0x004010c4       0x54 src/ASF/sam/components/display/ili9488/ili9488.o
                0x004010c4                ili9488_set_foreground_color
 .text.ili9488_set_cursor_position
                0x00401118       0x84 src/ASF/sam/components/display/ili9488/ili9488.o
                0x00401118                ili9488_set_cursor_position
 .text.ili9488_draw_filled_rectangle
                0x0040119c       0xdc src/ASF/sam/components/display/ili9488/ili9488.o
                0x0040119c                ili9488_draw_filled_rectangle
 .text.ili9488_draw_pixmap
                0x00401278       0xb4 src/ASF/sam/components/display/ili9488/ili9488.o
                0x00401278                ili9488_draw_pixmap
 .text.spi_get_peripheral_select_mode
                0x0040132c       0x26 src/ASF/sam/drivers/spi/spi.o
 *fill*         0x00401352        0x2 
 .text.sysclk_enable_peripheral_clock
                0x00401354       0x1c src/ASF/sam/drivers/spi/spi.o
 .text.spi_enable_clock
                0x00401370       0x3c src/ASF/sam/drivers/spi/spi.o
                0x00401370                spi_enable_clock
 .text.spi_set_peripheral_chip_select_value
                0x004013ac       0x34 src/ASF/sam/drivers/spi/spi.o
                0x004013ac                spi_set_peripheral_chip_select_value
 .text.spi_set_delay_between_chip_select
                0x004013e0       0x30 src/ASF/sam/drivers/spi/spi.o
                0x004013e0                spi_set_delay_between_chip_select
 .text.spi_write
                0x00401410       0x80 src/ASF/sam/drivers/spi/spi.o
                0x00401410                spi_write
 .text.spi_set_clock_polarity
                0x00401490       0x50 src/ASF/sam/drivers/spi/spi.o
                0x00401490                spi_set_clock_polarity
 .text.spi_set_clock_phase
                0x004014e0       0x50 src/ASF/sam/drivers/spi/spi.o
                0x004014e0                spi_set_clock_phase
 .text.spi_configure_cs_behavior
                0x00401530       0xa6 src/ASF/sam/drivers/spi/spi.o
                0x00401530                spi_configure_cs_behavior
 .text.spi_set_bits_per_transfer
                0x004015d6       0x4a src/ASF/sam/drivers/spi/spi.o
                0x004015d6                spi_set_bits_per_transfer
 .text.spi_calc_baudrate_div
                0x00401620       0x3c src/ASF/sam/drivers/spi/spi.o
                0x00401620                spi_calc_baudrate_div
 .text.spi_set_baudrate_div
                0x0040165c       0x5e src/ASF/sam/drivers/spi/spi.o
                0x0040165c                spi_set_baudrate_div
 .text.spi_set_transfer_delay
                0x004016ba       0x5e src/ASF/sam/drivers/spi/spi.o
                0x004016ba                spi_set_transfer_delay
 .text.osc_enable
                0x00401718       0x88 src/ASF/common/services/clock/same70/sysclk.o
 .text.osc_is_ready
                0x004017a0       0x70 src/ASF/common/services/clock/same70/sysclk.o
 .text.osc_get_rate
                0x00401810       0x74 src/ASF/common/services/clock/same70/sysclk.o
 .text.osc_wait_ready
                0x00401884       0x2c src/ASF/common/services/clock/same70/sysclk.o
 .text.pll_config_init
                0x004018b0       0x6c src/ASF/common/services/clock/same70/sysclk.o
 .text.pll_enable
                0x0040191c       0x40 src/ASF/common/services/clock/same70/sysclk.o
 .text.pll_is_locked
                0x0040195c       0x2c src/ASF/common/services/clock/same70/sysclk.o
 .text.pll_enable_source
                0x00401988       0x38 src/ASF/common/services/clock/same70/sysclk.o
 .text.pll_wait_for_lock
                0x004019c0       0x24 src/ASF/common/services/clock/same70/sysclk.o
 .text.sysclk_get_main_hz
                0x004019e4       0x20 src/ASF/common/services/clock/same70/sysclk.o
 .text.sysclk_get_cpu_hz
                0x00401a04       0x14 src/ASF/common/services/clock/same70/sysclk.o
 .text.sysclk_init
                0x00401a18       0x7c src/ASF/common/services/clock/same70/sysclk.o
                0x00401a18                sysclk_init
 .text.SCB_EnableICache
                0x00401a94       0x38 src/ASF/sam/boards/same70_xplained/init.o
 .text.SCB_EnableDCache
                0x00401acc       0xa4 src/ASF/sam/boards/same70_xplained/init.o
 .text.sysclk_enable_peripheral_clock
                0x00401b70       0x1c src/ASF/sam/boards/same70_xplained/init.o
 .text.ioport_init
                0x00401b8c       0x2c src/ASF/sam/boards/same70_xplained/init.o
 .text.ioport_set_pin_mode
                0x00401bb8      0x11c src/ASF/sam/boards/same70_xplained/init.o
 .text.ioport_set_pin_dir
                0x00401cd4       0x88 src/ASF/sam/boards/same70_xplained/init.o
 .text.ioport_set_pin_level
                0x00401d5c       0x6c src/ASF/sam/boards/same70_xplained/init.o
 .text.ioport_set_pin_sense_mode
                0x00401dc8       0xd0 src/ASF/sam/boards/same70_xplained/init.o
 .text.tcm_disable
                0x00401e98       0x44 src/ASF/sam/boards/same70_xplained/init.o
 .text.board_init
                0x00401edc      0x188 src/ASF/sam/boards/same70_xplained/init.o
                0x00401edc                board_init
 .text.pio_pull_up
                0x00402064       0x2c src/ASF/sam/drivers/pio/pio.o
                0x00402064                pio_pull_up
 .text.pio_set  0x00402090       0x1c src/ASF/sam/drivers/pio/pio.o
                0x00402090                pio_set
 .text.pio_set_peripheral
                0x004020ac      0x110 src/ASF/sam/drivers/pio/pio.o
                0x004020ac                pio_set_peripheral
 .text.pio_set_input
                0x004021bc       0x80 src/ASF/sam/drivers/pio/pio.o
                0x004021bc                pio_set_input
 .text.pio_set_output
                0x0040223c       0x64 src/ASF/sam/drivers/pio/pio.o
                0x0040223c                pio_set_output
 .text.pio_configure
                0x004022a0       0xcc src/ASF/sam/drivers/pio/pio.o
                0x004022a0                pio_configure
 .text.pio_configure_interrupt
                0x0040236c       0x6c src/ASF/sam/drivers/pio/pio.o
                0x0040236c                pio_configure_interrupt
 .text.pio_enable_interrupt
                0x004023d8       0x1c src/ASF/sam/drivers/pio/pio.o
                0x004023d8                pio_enable_interrupt
 .text.pio_disable_interrupt
                0x004023f4       0x1c src/ASF/sam/drivers/pio/pio.o
                0x004023f4                pio_disable_interrupt
 .text.pio_get_interrupt_status
                0x00402410       0x18 src/ASF/sam/drivers/pio/pio.o
                0x00402410                pio_get_interrupt_status
 .text.pio_get_interrupt_mask
                0x00402428       0x18 src/ASF/sam/drivers/pio/pio.o
                0x00402428                pio_get_interrupt_mask
 .text.pio_set_pin_high
                0x00402440       0x30 src/ASF/sam/drivers/pio/pio.o
                0x00402440                pio_set_pin_high
 .text.pio_set_pin_low
                0x00402470       0x30 src/ASF/sam/drivers/pio/pio.o
                0x00402470                pio_set_pin_low
 .text.pio_configure_pin
                0x004024a0      0x1b0 src/ASF/sam/drivers/pio/pio.o
                0x004024a0                pio_configure_pin
 .text.pio_get_pin_group
                0x00402650       0x28 src/ASF/sam/drivers/pio/pio.o
                0x00402650                pio_get_pin_group
 .text.pio_handler_process
                0x00402678       0xb4 src/ASF/sam/drivers/pio/pio_handler.o
                0x00402678                pio_handler_process
 .text.pio_handler_set
                0x0040272c       0xa0 src/ASF/sam/drivers/pio/pio_handler.o
                0x0040272c                pio_handler_set
 .text.PIOA_Handler
                0x004027cc       0x18 src/ASF/sam/drivers/pio/pio_handler.o
                0x004027cc                PIOA_Handler
 .text.PIOB_Handler
                0x004027e4       0x18 src/ASF/sam/drivers/pio/pio_handler.o
                0x004027e4                PIOB_Handler
 .text.PIOC_Handler
                0x004027fc       0x18 src/ASF/sam/drivers/pio/pio_handler.o
                0x004027fc                PIOC_Handler
 .text.PIOD_Handler
                0x00402814       0x18 src/ASF/sam/drivers/pio/pio_handler.o
                0x00402814                PIOD_Handler
 .text.PIOE_Handler
                0x0040282c       0x18 src/ASF/sam/drivers/pio/pio_handler.o
                0x0040282c                PIOE_Handler
 .text.pmc_mck_set_division
                0x00402844       0x7c src/ASF/sam/drivers/pmc/pmc.o
                0x00402844                pmc_mck_set_division
 .text.pmc_switch_mck_to_pllack
                0x004028c0       0x84 src/ASF/sam/drivers/pmc/pmc.o
                0x004028c0                pmc_switch_mck_to_pllack
 .text.pmc_switch_sclk_to_32kxtal
                0x00402944       0x38 src/ASF/sam/drivers/pmc/pmc.o
                0x00402944                pmc_switch_sclk_to_32kxtal
 .text.pmc_osc_is_ready_32kxtal
                0x0040297c       0x34 src/ASF/sam/drivers/pmc/pmc.o
                0x0040297c                pmc_osc_is_ready_32kxtal
 .text.pmc_switch_mainck_to_fastrc
                0x004029b0       0x70 src/ASF/sam/drivers/pmc/pmc.o
                0x004029b0                pmc_switch_mainck_to_fastrc
 .text.pmc_switch_mainck_to_xtal
                0x00402a20       0x78 src/ASF/sam/drivers/pmc/pmc.o
                0x00402a20                pmc_switch_mainck_to_xtal
 .text.pmc_osc_is_ready_mainck
                0x00402a98       0x1c src/ASF/sam/drivers/pmc/pmc.o
                0x00402a98                pmc_osc_is_ready_mainck
 .text.pmc_disable_pllack
                0x00402ab4       0x1c src/ASF/sam/drivers/pmc/pmc.o
                0x00402ab4                pmc_disable_pllack
 .text.pmc_is_locked_pllack
                0x00402ad0       0x1c src/ASF/sam/drivers/pmc/pmc.o
                0x00402ad0                pmc_is_locked_pllack
 .text.pmc_is_locked_upll
                0x00402aec       0x1c src/ASF/sam/drivers/pmc/pmc.o
                0x00402aec                pmc_is_locked_upll
 .text.pmc_enable_periph_clk
                0x00402b08       0x3c src/ASF/sam/drivers/pmc/pmc.o
                0x00402b08                pmc_enable_periph_clk
 .text.cpu_irq_save
                0x00402b44       0x38 src/ASF/sam/utils/cmsis/same70/source/templates/gcc/startup_same70.o
 .text.cpu_irq_is_enabled_flags
                0x00402b7c       0x20 src/ASF/sam/utils/cmsis/same70/source/templates/gcc/startup_same70.o
 .text.cpu_irq_restore
                0x00402b9c       0x30 src/ASF/sam/utils/cmsis/same70/source/templates/gcc/startup_same70.o
 .text.Reset_Handler
                0x00402bcc       0xb0 src/ASF/sam/utils/cmsis/same70/source/templates/gcc/startup_same70.o
                0x00402bcc                Reset_Handler
 .text.Dummy_Handler
                0x00402c7c        0x6 src/ASF/sam/utils/cmsis/same70/source/templates/gcc/startup_same70.o
                0x00402c7c                DACC_Handler
                0x00402c7c                DebugMon_Handler
                0x00402c7c                UART3_Handler
                0x00402c7c                UART2_Handler
                0x00402c7c                TRNG_Handler
                0x00402c7c                HardFault_Handler
                0x00402c7c                TC2_Handler
                0x00402c7c                SysTick_Handler
                0x00402c7c                AFEC1_Handler
                0x00402c7c                PendSV_Handler
                0x00402c7c                NMI_Handler
                0x00402c7c                TC7_Handler
                0x00402c7c                QSPI_Handler
                0x00402c7c                ISI_Handler
                0x00402c7c                MCAN0_INT0_Handler
                0x00402c7c                TC9_Handler
                0x00402c7c                RSWDT_Handler
                0x00402c7c                USART0_Handler
                0x00402c7c                RTT_Handler
                0x00402c7c                USBHS_Handler
                0x00402c7c                IXC_Handler
                0x00402c7c                CCF_Handler
                0x00402c7c                RTC_Handler
                0x00402c7c                UsageFault_Handler
                0x00402c7c                TC6_Handler
                0x00402c7c                WDT_Handler
                0x00402c7c                MCAN1_INT1_Handler
                0x00402c7c                TC4_Handler
                0x00402c7c                TC1_Handler
                0x00402c7c                HSMCI_Handler
                0x00402c7c                UART1_Handler
                0x00402c7c                TC3_Handler
                0x00402c7c                Dummy_Handler
                0x00402c7c                TWIHS1_Handler
                0x00402c7c                XDMAC_Handler
                0x00402c7c                UART4_Handler
                0x00402c7c                PWM1_Handler
                0x00402c7c                USART1_Handler
                0x00402c7c                PWM0_Handler
                0x00402c7c                AFEC0_Handler
                0x00402c7c                CCW_Handler
                0x00402c7c                TC11_Handler
                0x00402c7c                SSC_Handler
                0x00402c7c                ACC_Handler
                0x00402c7c                PMC_Handler
                0x00402c7c                GMAC_Handler
                0x00402c7c                MCAN0_INT1_Handler
                0x00402c7c                GMAC_Q5_Handler
                0x00402c7c                MemManage_Handler
                0x00402c7c                SUPC_Handler
                0x00402c7c                SVC_Handler
                0x00402c7c                TC8_Handler
                0x00402c7c                MCAN1_INT0_Handler
                0x00402c7c                EFC_Handler
                0x00402c7c                GMAC_Q1_Handler
                0x00402c7c                USART2_Handler
                0x00402c7c                SDRAMC_Handler
                0x00402c7c                GMAC_Q2_Handler
                0x00402c7c                SPI1_Handler
                0x00402c7c                TC10_Handler
                0x00402c7c                GMAC_Q3_Handler
                0x00402c7c                TWIHS2_Handler
                0x00402c7c                I2SC0_Handler
                0x00402c7c                UART0_Handler
                0x00402c7c                I2SC1_Handler
                0x00402c7c                GMAC_Q4_Handler
                0x00402c7c                FPU_Handler
                0x00402c7c                BusFault_Handler
                0x00402c7c                RSTC_Handler
                0x00402c7c                TC0_Handler
                0x00402c7c                TC5_Handler
                0x00402c7c                AES_Handler
                0x00402c7c                ICM_Handler
                0x00402c7c                TWIHS0_Handler
                0x00402c7c                SPI0_Handler
 *fill*         0x00402c82        0x2 
 .text.SystemCoreClockUpdate
                0x00402c84      0x168 src/ASF/sam/utils/cmsis/same70/source/templates/system_same70.o
                0x00402c84                SystemCoreClockUpdate
 .text.system_init_flash
                0x00402dec       0xb0 src/ASF/sam/utils/cmsis/same70/source/templates/system_same70.o
                0x00402dec                system_init_flash
 .text._sbrk    0x00402e9c       0x58 src/ASF/sam/utils/syscalls/gcc/syscalls.o
                0x00402e9c                _sbrk
 .text          0x00402ef4      0x370 c:/program files (x86)/atmel/studio/7.0/toolchain/arm/arm-gnu-toolchain/bin/../lib/gcc/arm-none-eabi/6.3.1/thumb/v7e-m\libgcc.a(_arm_addsubdf3.o)
                0x00402ef4                __aeabi_drsub
                0x00402efc                __aeabi_dsub
                0x00402efc                __subdf3
                0x00402f00                __aeabi_dadd
                0x00402f00                __adddf3
                0x00403178                __floatunsidf
                0x00403178                __aeabi_ui2d
                0x00403198                __floatsidf
                0x00403198                __aeabi_i2d
                0x004031bc                __aeabi_f2d
                0x004031bc                __extendsfdf2
                0x004031f8                __floatundidf
                0x004031f8                __aeabi_ul2d
                0x00403208                __floatdidf
                0x00403208                __aeabi_l2d
 .text          0x00403264      0x424 c:/program files (x86)/atmel/studio/7.0/toolchain/arm/arm-gnu-toolchain/bin/../lib/gcc/arm-none-eabi/6.3.1/thumb/v7e-m\libgcc.a(_arm_muldivdf3.o)
                0x00403264                __aeabi_dmul
                0x00403264                __muldf3
                0x004034b8                __divdf3
                0x004034b8                __aeabi_ddiv
 .text          0x00403688       0xa0 c:/program files (x86)/atmel/studio/7.0/toolchain/arm/arm-gnu-toolchain/bin/../lib/gcc/arm-none-eabi/6.3.1/thumb/v7e-m\libgcc.a(_arm_truncdfsf2.o)
                0x00403688                __truncdfsf2
                0x00403688                __aeabi_d2f
 .text          0x00403728       0x30 c:/program files (x86)/atmel/studio/7.0/toolchain/arm/arm-gnu-toolchain/bin/../lib/gcc/arm-none-eabi/6.3.1/thumb/v7e-m\libgcc.a(_aeabi_uldivmod.o)
                0x00403728                __aeabi_uldivmod
 .text          0x00403758      0x2dc c:/program files (x86)/atmel/studio/7.0/toolchain/arm/arm-gnu-toolchain/bin/../lib/gcc/arm-none-eabi/6.3.1/thumb/v7e-m\libgcc.a(_udivmoddi4.o)
                0x00403758                __udivmoddi4
 .text          0x00403a34        0x4 c:/program files (x86)/atmel/studio/7.0/toolchain/arm/arm-gnu-toolchain/bin/../lib/gcc/arm-none-eabi/6.3.1/thumb/v7e-m\libgcc.a(_dvmd_tls.o)
                0x00403a34                __aeabi_idiv0
                0x00403a34                __aeabi_ldiv0
 .text.__libc_init_array
                0x00403a38       0x50 c:/program files (x86)/atmel/studio/7.0/toolchain/arm/arm-gnu-toolchain/bin/../lib/gcc/arm-none-eabi/6.3.1/../../../../arm-none-eabi/lib/thumb/v7e-m\libc.a(lib_a-init.o)
                0x00403a38                __libc_init_array
 .text.memset   0x00403a88       0x9c c:/program files (x86)/atmel/studio/7.0/toolchain/arm/arm-gnu-toolchain/bin/../lib/gcc/arm-none-eabi/6.3.1/../../../../arm-none-eabi/lib/thumb/v7e-m\libc.a(lib_a-memset.o)
                0x00403a88                memset
 .text.sprintf  0x00403b24       0x4c c:/program files (x86)/atmel/studio/7.0/toolchain/arm/arm-gnu-toolchain/bin/../lib/gcc/arm-none-eabi/6.3.1/../../../../arm-none-eabi/lib/thumb/v7e-m\libc.a(lib_a-sprintf.o)
                0x00403b24                sprintf
 .text._svfprintf_r
                0x00403b70     0x145c c:/program files (x86)/atmel/studio/7.0/toolchain/arm/arm-gnu-toolchain/bin/../lib/gcc/arm-none-eabi/6.3.1/../../../../arm-none-eabi/lib/thumb/v7e-m\libc.a(lib_a-svfprintf.o)
                0x00403b70                _svfprintf_r
 .text.startup.register_fini
                0x00404fcc       0x14 c:/program files (x86)/atmel/studio/7.0/toolchain/arm/arm-gnu-toolchain/bin/../lib/gcc/arm-none-eabi/6.3.1/../../../../arm-none-eabi/lib/thumb/v7e-m\libc.a(lib_a-__call_atexit.o)
 .text.atexit   0x00404fe0        0xc c:/program files (x86)/atmel/studio/7.0/toolchain/arm/arm-gnu-toolchain/bin/../lib/gcc/arm-none-eabi/6.3.1/../../../../arm-none-eabi/lib/thumb/v7e-m\libc.a(lib_a-atexit.o)
                0x00404fe0                atexit
 .text.quorem   0x00404fec      0x128 c:/program files (x86)/atmel/studio/7.0/toolchain/arm/arm-gnu-toolchain/bin/../lib/gcc/arm-none-eabi/6.3.1/../../../../arm-none-eabi/lib/thumb/v7e-m\libc.a(lib_a-dtoa.o)
 *fill*         0x00405114        0x4 
 .text._dtoa_r  0x00405118      0xe54 c:/program files (x86)/atmel/studio/7.0/toolchain/arm/arm-gnu-toolchain/bin/../lib/gcc/arm-none-eabi/6.3.1/../../../../arm-none-eabi/lib/thumb/v7e-m\libc.a(lib_a-dtoa.o)
                0x00405118                _dtoa_r
 .text.__libc_fini_array
                0x00405f6c       0x34 c:/program files (x86)/atmel/studio/7.0/toolchain/arm/arm-gnu-toolchain/bin/../lib/gcc/arm-none-eabi/6.3.1/../../../../arm-none-eabi/lib/thumb/v7e-m\libc.a(lib_a-fini.o)
                0x00405f6c                __libc_fini_array
 .text._localeconv_r
                0x00405fa0       0x1c c:/program files (x86)/atmel/studio/7.0/toolchain/arm/arm-gnu-toolchain/bin/../lib/gcc/arm-none-eabi/6.3.1/../../../../arm-none-eabi/lib/thumb/v7e-m\libc.a(lib_a-localeconv.o)
                0x00405fa0                _localeconv_r
 .text.__retarget_lock_acquire_recursive
                0x00405fbc        0x4 c:/program files (x86)/atmel/studio/7.0/toolchain/arm/arm-gnu-toolchain/bin/../lib/gcc/arm-none-eabi/6.3.1/../../../../arm-none-eabi/lib/thumb/v7e-m\libc.a(lib_a-lock.o)
                0x00405fbc                __retarget_lock_acquire_recursive
 .text.__retarget_lock_release_recursive
                0x00405fc0        0x4 c:/program files (x86)/atmel/studio/7.0/toolchain/arm/arm-gnu-toolchain/bin/../lib/gcc/arm-none-eabi/6.3.1/../../../../arm-none-eabi/lib/thumb/v7e-m\libc.a(lib_a-lock.o)
                0x00405fc0                __retarget_lock_release_recursive
 .text._malloc_r
                0x00405fc4      0x560 c:/program files (x86)/atmel/studio/7.0/toolchain/arm/arm-gnu-toolchain/bin/../lib/gcc/arm-none-eabi/6.3.1/../../../../arm-none-eabi/lib/thumb/v7e-m\libc.a(lib_a-mallocr.o)
                0x00405fc4                _malloc_r
 *fill*         0x00406524        0xc 
 .text          0x00406530       0xa0 c:/program files (x86)/atmel/studio/7.0/toolchain/arm/arm-gnu-toolchain/bin/../lib/gcc/arm-none-eabi/6.3.1/../../../../arm-none-eabi/lib/thumb/v7e-m\libc.a(lib_a-memchr.o)
                0x00406530                memchr
 .text          0x004065d0      0x134 c:/program files (x86)/atmel/studio/7.0/toolchain/arm/arm-gnu-toolchain/bin/../lib/gcc/arm-none-eabi/6.3.1/../../../../arm-none-eabi/lib/thumb/v7e-m\libc.a(lib_a-memcpy.o)
                0x004065d0                memcpy
 .text.__malloc_lock
                0x00406704        0xc c:/program files (x86)/atmel/studio/7.0/toolchain/arm/arm-gnu-toolchain/bin/../lib/gcc/arm-none-eabi/6.3.1/../../../../arm-none-eabi/lib/thumb/v7e-m\libc.a(lib_a-mlock.o)
                0x00406704                __malloc_lock
 .text.__malloc_unlock
                0x00406710        0xc c:/program files (x86)/atmel/studio/7.0/toolchain/arm/arm-gnu-toolchain/bin/../lib/gcc/arm-none-eabi/6.3.1/../../../../arm-none-eabi/lib/thumb/v7e-m\libc.a(lib_a-mlock.o)
                0x00406710                __malloc_unlock
 .text._Balloc  0x0040671c       0x4c c:/program files (x86)/atmel/studio/7.0/toolchain/arm/arm-gnu-toolchain/bin/../lib/gcc/arm-none-eabi/6.3.1/../../../../arm-none-eabi/lib/thumb/v7e-m\libc.a(lib_a-mprec.o)
                0x0040671c                _Balloc
 .text._Bfree   0x00406768       0x14 c:/program files (x86)/atmel/studio/7.0/toolchain/arm/arm-gnu-toolchain/bin/../lib/gcc/arm-none-eabi/6.3.1/../../../../arm-none-eabi/lib/thumb/v7e-m\libc.a(lib_a-mprec.o)
                0x00406768                _Bfree
 .text.__multadd
                0x0040677c       0x80 c:/program files (x86)/atmel/studio/7.0/toolchain/arm/arm-gnu-toolchain/bin/../lib/gcc/arm-none-eabi/6.3.1/../../../../arm-none-eabi/lib/thumb/v7e-m\libc.a(lib_a-mprec.o)
                0x0040677c                __multadd
 .text.__hi0bits
                0x004067fc       0x40 c:/program files (x86)/atmel/studio/7.0/toolchain/arm/arm-gnu-toolchain/bin/../lib/gcc/arm-none-eabi/6.3.1/../../../../arm-none-eabi/lib/thumb/v7e-m\libc.a(lib_a-mprec.o)
                0x004067fc                __hi0bits
 .text.__lo0bits
                0x0040683c       0x60 c:/program files (x86)/atmel/studio/7.0/toolchain/arm/arm-gnu-toolchain/bin/../lib/gcc/arm-none-eabi/6.3.1/../../../../arm-none-eabi/lib/thumb/v7e-m\libc.a(lib_a-mprec.o)
                0x0040683c                __lo0bits
 .text.__i2b    0x0040689c       0x14 c:/program files (x86)/atmel/studio/7.0/toolchain/arm/arm-gnu-toolchain/bin/../lib/gcc/arm-none-eabi/6.3.1/../../../../arm-none-eabi/lib/thumb/v7e-m\libc.a(lib_a-mprec.o)
                0x0040689c                __i2b
 .text.__multiply
                0x004068b0      0x124 c:/program files (x86)/atmel/studio/7.0/toolchain/arm/arm-gnu-toolchain/bin/../lib/gcc/arm-none-eabi/6.3.1/../../../../arm-none-eabi/lib/thumb/v7e-m\libc.a(lib_a-mprec.o)
                0x004068b0                __multiply
 .text.__pow5mult
                0x004069d4       0xa0 c:/program files (x86)/atmel/studio/7.0/toolchain/arm/arm-gnu-toolchain/bin/../lib/gcc/arm-none-eabi/6.3.1/../../../../arm-none-eabi/lib/thumb/v7e-m\libc.a(lib_a-mprec.o)
                0x004069d4                __pow5mult
 .text.__lshift
                0x00406a74       0xa4 c:/program files (x86)/atmel/studio/7.0/toolchain/arm/arm-gnu-toolchain/bin/../lib/gcc/arm-none-eabi/6.3.1/../../../../arm-none-eabi/lib/thumb/v7e-m\libc.a(lib_a-mprec.o)
                0x00406a74                __lshift
 .text.__mcmp   0x00406b18       0x38 c:/program files (x86)/atmel/studio/7.0/toolchain/arm/arm-gnu-toolchain/bin/../lib/gcc/arm-none-eabi/6.3.1/../../../../arm-none-eabi/lib/thumb/v7e-m\libc.a(lib_a-mprec.o)
                0x00406b18                __mcmp
 .text.__mdiff  0x00406b50      0x108 c:/program files (x86)/atmel/studio/7.0/toolchain/arm/arm-gnu-toolchain/bin/../lib/gcc/arm-none-eabi/6.3.1/../../../../arm-none-eabi/lib/thumb/v7e-m\libc.a(lib_a-mprec.o)
                0x00406b50                __mdiff
 .text.__d2b    0x00406c58       0xb8 c:/program files (x86)/atmel/studio/7.0/toolchain/arm/arm-gnu-toolchain/bin/../lib/gcc/arm-none-eabi/6.3.1/../../../../arm-none-eabi/lib/thumb/v7e-m\libc.a(lib_a-mprec.o)
                0x00406c58                __d2b
 .text._sbrk_r  0x00406d10       0x24 c:/program files (x86)/atmel/studio/7.0/toolchain/arm/arm-gnu-toolchain/bin/../lib/gcc/arm-none-eabi/6.3.1/../../../../arm-none-eabi/lib/thumb/v7e-m\libc.a(lib_a-sbrkr.o)
                0x00406d10                _sbrk_r
 *fill*         0x00406d34        0xc 
 .text          0x00406d40       0xdc c:/program files (x86)/atmel/studio/7.0/toolchain/arm/arm-gnu-toolchain/bin/../lib/gcc/arm-none-eabi/6.3.1/../../../../arm-none-eabi/lib/thumb/v7e-m\libc.a(lib_a-strlen.o)
                0x00406d40                strlen
 .text.__ssprint_r
                0x00406e1c       0xfc c:/program files (x86)/atmel/studio/7.0/toolchain/arm/arm-gnu-toolchain/bin/../lib/gcc/arm-none-eabi/6.3.1/../../../../arm-none-eabi/lib/thumb/v7e-m\libc.a(lib_a-svfiprintf.o)
                0x00406e1c                __ssprint_r
 .text.__register_exitproc
                0x00406f18       0xc4 c:/program files (x86)/atmel/studio/7.0/toolchain/arm/arm-gnu-toolchain/bin/../lib/gcc/arm-none-eabi/6.3.1/../../../../arm-none-eabi/lib/thumb/v7e-m\libc.a(lib_a-__atexit.o)
                0x00406f18                __register_exitproc
 .text._calloc_r
                0x00406fdc       0x60 c:/program files (x86)/atmel/studio/7.0/toolchain/arm/arm-gnu-toolchain/bin/../lib/gcc/arm-none-eabi/6.3.1/../../../../arm-none-eabi/lib/thumb/v7e-m\libc.a(lib_a-callocr.o)
                0x00406fdc                _calloc_r
 .text._malloc_trim_r
                0x0040703c       0xa0 c:/program files (x86)/atmel/studio/7.0/toolchain/arm/arm-gnu-toolchain/bin/../lib/gcc/arm-none-eabi/6.3.1/../../../../arm-none-eabi/lib/thumb/v7e-m\libc.a(lib_a-freer.o)
                0x0040703c                _malloc_trim_r
 .text._free_r  0x004070dc      0x1cc c:/program files (x86)/atmel/studio/7.0/toolchain/arm/arm-gnu-toolchain/bin/../lib/gcc/arm-none-eabi/6.3.1/../../../../arm-none-eabi/lib/thumb/v7e-m\libc.a(lib_a-freer.o)
                0x004070dc                _free_r
 .text.__ascii_mbtowc
                0x004072a8       0x2c c:/program files (x86)/atmel/studio/7.0/toolchain/arm/arm-gnu-toolchain/bin/../lib/gcc/arm-none-eabi/6.3.1/../../../../arm-none-eabi/lib/thumb/v7e-m\libc.a(lib_a-mbtowc_r.o)
                0x004072a8                __ascii_mbtowc
 .text.memmove  0x004072d4       0xc8 c:/program files (x86)/atmel/studio/7.0/toolchain/arm/arm-gnu-toolchain/bin/../lib/gcc/arm-none-eabi/6.3.1/../../../../arm-none-eabi/lib/thumb/v7e-m\libc.a(lib_a-memmove.o)
                0x004072d4                memmove
 .text._realloc_r
                0x0040739c      0x34c c:/program files (x86)/atmel/studio/7.0/toolchain/arm/arm-gnu-toolchain/bin/../lib/gcc/arm-none-eabi/6.3.1/../../../../arm-none-eabi/lib/thumb/v7e-m\libc.a(lib_a-reallocr.o)
                0x0040739c                _realloc_r
 .text.__ascii_wctomb
                0x004076e8       0x1c c:/program files (x86)/atmel/studio/7.0/toolchain/arm/arm-gnu-toolchain/bin/../lib/gcc/arm-none-eabi/6.3.1/../../../../arm-none-eabi/lib/thumb/v7e-m\libc.a(lib_a-wctomb_r.o)
                0x004076e8                __ascii_wctomb
 .text          0x00407704      0x110 c:/program files (x86)/atmel/studio/7.0/toolchain/arm/arm-gnu-toolchain/bin/../lib/gcc/arm-none-eabi/6.3.1/thumb/v7e-m\libgcc.a(_arm_cmpdf2.o)
                0x00407704                __gtdf2
                0x00407704                __gedf2
                0x0040770c                __ltdf2
                0x0040770c                __ledf2
                0x00407714                __nedf2
                0x00407714                __eqdf2
                0x00407714                __cmpdf2
                0x00407790                __aeabi_cdrcmple
                0x004077a0                __aeabi_cdcmpeq
                0x004077a0                __aeabi_cdcmple
                0x004077b0                __aeabi_dcmpeq
                0x004077c4                __aeabi_dcmplt
                0x004077d8                __aeabi_dcmple
                0x004077ec                __aeabi_dcmpge
                0x00407800                __aeabi_dcmpgt
 .text          0x00407814       0x2c c:/program files (x86)/atmel/studio/7.0/toolchain/arm/arm-gnu-toolchain/bin/../lib/gcc/arm-none-eabi/6.3.1/thumb/v7e-m\libgcc.a(_arm_unorddf2.o)
                0x00407814                __unorddf2
                0x00407814                __aeabi_dcmpun
 .text          0x00407840       0x50 c:/program files (x86)/atmel/studio/7.0/toolchain/arm/arm-gnu-toolchain/bin/../lib/gcc/arm-none-eabi/6.3.1/thumb/v7e-m\libgcc.a(_arm_fixdfsi.o)
                0x00407840                __aeabi_d2iz
                0x00407840                __fixdfsi
 *(.glue_7t)
 .glue_7t       0x00407890        0x0 linker stubs
 *(.glue_7)
 .glue_7        0x00407890        0x0 linker stubs
 *(.rodata .rodata* .gnu.linkonce.r.*)
 .rodata.image_data_calibri_36_0x20
                0x00407890      0x378 src/main.o
 .rodata.calibri_36_0x20
                0x00407c08       0x10 src/main.o
 .rodata.image_data_calibri_36_0x21
                0x00407c18      0x534 src/main.o
 .rodata.calibri_36_0x21
                0x0040814c       0x10 src/main.o
 .rodata.image_data_calibri_36_0x22
                0x0040815c      0x612 src/main.o
 *fill*         0x0040876e        0x2 
 .rodata.calibri_36_0x22
                0x00408770       0x10 src/main.o
 .rodata.image_data_calibri_36_0x23
                0x00408780      0x7ce src/main.o
 *fill*         0x00408f4e        0x2 
 .rodata.calibri_36_0x23
                0x00408f50       0x10 src/main.o
 .rodata.image_data_calibri_36_0x24
                0x00408f60      0x7ce src/main.o
 *fill*         0x0040972e        0x2 
 .rodata.calibri_36_0x24
                0x00409730       0x10 src/main.o
 .rodata.image_data_calibri_36_0x25
                0x00409740      0xb46 src/main.o
 *fill*         0x0040a286        0x2 
 .rodata.calibri_36_0x25
                0x0040a288       0x10 src/main.o
 .rodata.image_data_calibri_36_0x26
                0x0040a298      0xad7 src/main.o
 *fill*         0x0040ad6f        0x1 
 .rodata.calibri_36_0x26
                0x0040ad70       0x10 src/main.o
 .rodata.image_data_calibri_36_0x27
                0x0040ad80      0x378 src/main.o
 .rodata.calibri_36_0x27
                0x0040b0f8       0x10 src/main.o
 .rodata.image_data_calibri_36_0x28
                0x0040b108      0x4c5 src/main.o
 *fill*         0x0040b5cd        0x3 
 .rodata.calibri_36_0x28
                0x0040b5d0       0x10 src/main.o
 .rodata.image_data_calibri_36_0x29
                0x0040b5e0      0x4c5 src/main.o
 *fill*         0x0040baa5        0x3 
 .rodata.calibri_36_0x29
                0x0040baa8       0x10 src/main.o
 .rodata.image_data_calibri_36_0x2a
                0x0040bab8      0x7ce src/main.o
 *fill*         0x0040c286        0x2 
 .rodata.calibri_36_0x2a
                0x0040c288       0x10 src/main.o
 .rodata.image_data_calibri_36_0x2b
                0x0040c298      0x7ce src/main.o
 *fill*         0x0040ca66        0x2 
 .rodata.calibri_36_0x2b
                0x0040ca68       0x10 src/main.o
 .rodata.image_data_calibri_36_0x2c
                0x0040ca78      0x3e7 src/main.o
 *fill*         0x0040ce5f        0x1 
 .rodata.calibri_36_0x2c
                0x0040ce60       0x10 src/main.o
 .rodata.image_data_calibri_36_0x2d
                0x0040ce70      0x4c5 src/main.o
 *fill*         0x0040d335        0x3 
 .rodata.calibri_36_0x2d
                0x0040d338       0x10 src/main.o
 .rodata.image_data_calibri_36_0x2e
                0x0040d348      0x3e7 src/main.o
 *fill*         0x0040d72f        0x1 
 .rodata.calibri_36_0x2e
                0x0040d730       0x10 src/main.o
 .rodata.image_data_calibri_36_0x2f
                0x0040d740      0x612 src/main.o
 *fill*         0x0040dd52        0x2 
 .rodata.calibri_36_0x2f
                0x0040dd54       0x10 src/main.o
 .rodata.image_data_calibri_36_0x30
                0x0040dd64      0x7ce src/main.o
 *fill*         0x0040e532        0x2 
 .rodata.calibri_36_0x30
                0x0040e534       0x10 src/main.o
 .rodata.image_data_calibri_36_0x31
                0x0040e544      0x7ce src/main.o
 *fill*         0x0040ed12        0x2 
 .rodata.calibri_36_0x31
                0x0040ed14       0x10 src/main.o
 .rodata.image_data_calibri_36_0x32
                0x0040ed24      0x7ce src/main.o
 *fill*         0x0040f4f2        0x2 
 .rodata.calibri_36_0x32
                0x0040f4f4       0x10 src/main.o
 .rodata.image_data_calibri_36_0x33
                0x0040f504      0x7ce src/main.o
 *fill*         0x0040fcd2        0x2 
 .rodata.calibri_36_0x33
                0x0040fcd4       0x10 src/main.o
 .rodata.image_data_calibri_36_0x34
                0x0040fce4      0x7ce src/main.o
 *fill*         0x004104b2        0x2 
 .rodata.calibri_36_0x34
                0x004104b4       0x10 src/main.o
 .rodata.image_data_calibri_36_0x35
                0x004104c4      0x7ce src/main.o
 *fill*         0x00410c92        0x2 
 .rodata.calibri_36_0x35
                0x00410c94       0x10 src/main.o
 .rodata.image_data_calibri_36_0x36
                0x00410ca4      0x7ce src/main.o
 *fill*         0x00411472        0x2 
 .rodata.calibri_36_0x36
                0x00411474       0x10 src/main.o
 .rodata.image_data_calibri_36_0x37
                0x00411484      0x7ce src/main.o
 *fill*         0x00411c52        0x2 
 .rodata.calibri_36_0x37
                0x00411c54       0x10 src/main.o
 .rodata.image_data_calibri_36_0x38
                0x00411c64      0x7ce src/main.o
 *fill*         0x00412432        0x2 
 .rodata.calibri_36_0x38
                0x00412434       0x10 src/main.o
 .rodata.image_data_calibri_36_0x39
                0x00412444      0x7ce src/main.o
 *fill*         0x00412c12        0x2 
 .rodata.calibri_36_0x39
                0x00412c14       0x10 src/main.o
 .rodata.image_data_calibri_36_0x3a
                0x00412c24      0x456 src/main.o
 *fill*         0x0041307a        0x2 
 .rodata.calibri_36_0x3a
                0x0041307c       0x10 src/main.o
 .rodata.image_data_calibri_36_0x3b
                0x0041308c      0x456 src/main.o
 *fill*         0x004134e2        0x2 
 .rodata.calibri_36_0x3b
                0x004134e4       0x10 src/main.o
 .rodata.image_data_calibri_36_0x3c
                0x004134f4      0x7ce src/main.o
 *fill*         0x00413cc2        0x2 
 .rodata.calibri_36_0x3c
                0x00413cc4       0x10 src/main.o
 .rodata.image_data_calibri_36_0x3d
                0x00413cd4      0x7ce src/main.o
 *fill*         0x004144a2        0x2 
 .rodata.calibri_36_0x3d
                0x004144a4       0x10 src/main.o
 .rodata.image_data_calibri_36_0x3e
                0x004144b4      0x7ce src/main.o
 *fill*         0x00414c82        0x2 
 .rodata.calibri_36_0x3e
                0x00414c84       0x10 src/main.o
 .rodata.image_data_calibri_36_0x3f
                0x00414c94      0x75f src/main.o
 *fill*         0x004153f3        0x1 
 .rodata.calibri_36_0x3f
                0x004153f4       0x10 src/main.o
 .rodata.image_data_calibri_36_0x40
                0x00415404      0xde0 src/main.o
 .rodata.calibri_36_0x40
                0x004161e4       0x10 src/main.o
 .rodata.image_data_calibri_36_0x41
                0x004161f4      0x91b src/main.o
 *fill*         0x00416b0f        0x1 
 .rodata.calibri_36_0x41
                0x00416b10       0x10 src/main.o
 .rodata.image_data_calibri_36_0x42
                0x00416b20      0x8ac src/main.o
 .rodata.calibri_36_0x42
                0x004173cc       0x10 src/main.o
 .rodata.image_data_calibri_36_0x43
                0x004173dc      0x83d src/main.o
 *fill*         0x00417c19        0x3 
 .rodata.calibri_36_0x43
                0x00417c1c       0x10 src/main.o
 .rodata.image_data_calibri_36_0x44
                0x00417c2c      0x98a src/main.o
 *fill*         0x004185b6        0x2 
 .rodata.calibri_36_0x44
                0x004185b8       0x10 src/main.o
 .rodata.image_data_calibri_36_0x45
                0x004185c8      0x7ce src/main.o
 *fill*         0x00418d96        0x2 
 .rodata.calibri_36_0x45
                0x00418d98       0x10 src/main.o
 .rodata.image_data_calibri_36_0x46
                0x00418da8      0x75f src/main.o
 *fill*         0x00419507        0x1 
 .rodata.calibri_36_0x46
                0x00419508       0x10 src/main.o
 .rodata.image_data_calibri_36_0x47
                0x00419518      0x9f9 src/main.o
 *fill*         0x00419f11        0x3 
 .rodata.calibri_36_0x47
                0x00419f14       0x10 src/main.o
 .rodata.image_data_calibri_36_0x48
                0x00419f24      0x98a src/main.o
 *fill*         0x0041a8ae        0x2 
 .rodata.calibri_36_0x48
                0x0041a8b0       0x10 src/main.o
 .rodata.image_data_calibri_36_0x49
                0x0041a8c0      0x3e7 src/main.o
 *fill*         0x0041aca7        0x1 
 .rodata.calibri_36_0x49
                0x0041aca8       0x10 src/main.o
 .rodata.image_data_calibri_36_0x4a
                0x0041acb8      0x4c5 src/main.o
 *fill*         0x0041b17d        0x3 
 .rodata.calibri_36_0x4a
                0x0041b180       0x10 src/main.o
 .rodata.image_data_calibri_36_0x4b
                0x0041b190      0x83d src/main.o
 *fill*         0x0041b9cd        0x3 
 .rodata.calibri_36_0x4b
                0x0041b9d0       0x10 src/main.o
 .rodata.image_data_calibri_36_0x4c
                0x0041b9e0      0x681 src/main.o
 *fill*         0x0041c061        0x3 
 .rodata.calibri_36_0x4c
                0x0041c064       0x10 src/main.o
 .rodata.image_data_calibri_36_0x4d
                0x0041c074      0xd71 src/main.o
 *fill*         0x0041cde5        0x3 
 .rodata.calibri_36_0x4d
                0x0041cde8       0x10 src/main.o
 .rodata.image_data_calibri_36_0x4e
                0x0041cdf8      0x9f9 src/main.o
 *fill*         0x0041d7f1        0x3 
 .rodata.calibri_36_0x4e
                0x0041d7f4       0x10 src/main.o
 .rodata.image_data_calibri_36_0x4f
                0x0041d804      0xa68 src/main.o
 .rodata.calibri_36_0x4f
                0x0041e26c       0x10 src/main.o
 .rodata.image_data_calibri_36_0x50
                0x0041e27c      0x83d src/main.o
 *fill*         0x0041eab9        0x3 
 .rodata.calibri_36_0x50
                0x0041eabc       0x10 src/main.o
 .rodata.image_data_calibri_36_0x51
                0x0041eacc      0xad7 src/main.o
 *fill*         0x0041f5a3        0x1 
 .rodata.calibri_36_0x51
                0x0041f5a4       0x10 src/main.o
 .rodata.image_data_calibri_36_0x52
                0x0041f5b4      0x8ac src/main.o
 .rodata.calibri_36_0x52
                0x0041fe60       0x10 src/main.o
 .rodata.image_data_calibri_36_0x53
                0x0041fe70      0x75f src/main.o
 *fill*         0x004205cf        0x1 
 .rodata.calibri_36_0x53
                0x004205d0       0x10 src/main.o
 .rodata.image_data_calibri_36_0x54
                0x004205e0      0x7ce src/main.o
 *fill*         0x00420dae        0x2 
 .rodata.calibri_36_0x54
                0x00420db0       0x10 src/main.o
 .rodata.image_data_calibri_36_0x55
                0x00420dc0      0x9f9 src/main.o
 *fill*         0x004217b9        0x3 
 .rodata.calibri_36_0x55
                0x004217bc       0x10 src/main.o
 .rodata.image_data_calibri_36_0x56
                0x004217cc      0x8ac src/main.o
 .rodata.calibri_36_0x56
                0x00422078       0x10 src/main.o
 .rodata.image_data_calibri_36_0x57
                0x00422088      0xde0 src/main.o
 .rodata.calibri_36_0x57
                0x00422e68       0x10 src/main.o
 .rodata.image_data_calibri_36_0x58
                0x00422e78      0x83d src/main.o
 *fill*         0x004236b5        0x3 
 .rodata.calibri_36_0x58
                0x004236b8       0x10 src/main.o
 .rodata.image_data_calibri_36_0x59
                0x004236c8      0x7ce src/main.o
 *fill*         0x00423e96        0x2 
 .rodata.calibri_36_0x59
                0x00423e98       0x10 src/main.o
 .rodata.image_data_calibri_36_0x5a
                0x00423ea8      0x75f src/main.o
 *fill*         0x00424607        0x1 
 .rodata.calibri_36_0x5a
                0x00424608       0x10 src/main.o
 .rodata.image_data_calibri_36_0x5b
                0x00424618      0x4c5 src/main.o
 *fill*         0x00424add        0x3 
 .rodata.calibri_36_0x5b
                0x00424ae0       0x10 src/main.o
 .rodata.image_data_calibri_36_0x5c
                0x00424af0      0x612 src/main.o
 *fill*         0x00425102        0x2 
 .rodata.calibri_36_0x5c
                0x00425104       0x10 src/main.o
 .rodata.image_data_calibri_36_0x5d
                0x00425114      0x4c5 src/main.o
 *fill*         0x004255d9        0x3 
 .rodata.calibri_36_0x5d
                0x004255dc       0x10 src/main.o
 .rodata.image_data_calibri_36_0x5e
                0x004255ec      0x7ce src/main.o
 *fill*         0x00425dba        0x2 
 .rodata.calibri_36_0x5e
                0x00425dbc       0x10 src/main.o
 .rodata.image_data_calibri_36_0x5f
                0x00425dcc      0x7ce src/main.o
 *fill*         0x0042659a        0x2 
 .rodata.calibri_36_0x5f
                0x0042659c       0x10 src/main.o
 .rodata.image_data_calibri_36_0x60
                0x004265ac      0x456 src/main.o
 *fill*         0x00426a02        0x2 
 .rodata.calibri_36_0x60
                0x00426a04       0x10 src/main.o
 .rodata.image_data_calibri_36_0x61
                0x00426a14      0x75f src/main.o
 *fill*         0x00427173        0x1 
 .rodata.calibri_36_0x61
                0x00427174       0x10 src/main.o
 .rodata.image_data_calibri_36_0x62
                0x00427184      0x83d src/main.o
 *fill*         0x004279c1        0x3 
 .rodata.calibri_36_0x62
                0x004279c4       0x10 src/main.o
 .rodata.image_data_calibri_36_0x63
                0x004279d4      0x681 src/main.o
 *fill*         0x00428055        0x3 
 .rodata.calibri_36_0x63
                0x00428058       0x10 src/main.o
 .rodata.image_data_calibri_36_0x64
                0x00428068      0x83d src/main.o
 *fill*         0x004288a5        0x3 
 .rodata.calibri_36_0x64
                0x004288a8       0x10 src/main.o
 .rodata.image_data_calibri_36_0x65
                0x004288b8      0x7ce src/main.o
 *fill*         0x00429086        0x2 
 .rodata.calibri_36_0x65
                0x00429088       0x10 src/main.o
 .rodata.image_data_calibri_36_0x66
                0x00429098      0x4c5 src/main.o
 *fill*         0x0042955d        0x3 
 .rodata.calibri_36_0x66
                0x00429560       0x10 src/main.o
 .rodata.image_data_calibri_36_0x67
                0x00429570      0x75f src/main.o
 *fill*         0x00429ccf        0x1 
 .rodata.calibri_36_0x67
                0x00429cd0       0x10 src/main.o
 .rodata.image_data_calibri_36_0x68
                0x00429ce0      0x83d src/main.o
 *fill*         0x0042a51d        0x3 
 .rodata.calibri_36_0x68
                0x0042a520       0x10 src/main.o
 .rodata.image_data_calibri_36_0x69
                0x0042a530      0x378 src/main.o
 .rodata.calibri_36_0x69
                0x0042a8a8       0x10 src/main.o
 .rodata.image_data_calibri_36_0x6a
                0x0042a8b8      0x3e7 src/main.o
 *fill*         0x0042ac9f        0x1 
 .rodata.calibri_36_0x6a
                0x0042aca0       0x10 src/main.o
 .rodata.image_data_calibri_36_0x6b
                0x0042acb0      0x6f0 src/main.o
 .rodata.calibri_36_0x6b
                0x0042b3a0       0x10 src/main.o
 .rodata.image_data_calibri_36_0x6c
                0x0042b3b0      0x378 src/main.o
 .rodata.calibri_36_0x6c
                0x0042b728       0x10 src/main.o
 .rodata.image_data_calibri_36_0x6d
                0x0042b738      0xc93 src/main.o
 *fill*         0x0042c3cb        0x1 
 .rodata.calibri_36_0x6d
                0x0042c3cc       0x10 src/main.o
 .rodata.image_data_calibri_36_0x6e
                0x0042c3dc      0x83d src/main.o
 *fill*         0x0042cc19        0x3 
 .rodata.calibri_36_0x6e
                0x0042cc1c       0x10 src/main.o
 .rodata.image_data_calibri_36_0x6f
                0x0042cc2c      0x83d src/main.o
 *fill*         0x0042d469        0x3 
 .rodata.calibri_36_0x6f
                0x0042d46c       0x10 src/main.o
 .rodata.image_data_calibri_36_0x70
                0x0042d47c      0x83d src/main.o
 *fill*         0x0042dcb9        0x3 
 .rodata.calibri_36_0x70
                0x0042dcbc       0x10 src/main.o
 .rodata.image_data_calibri_36_0x71
                0x0042dccc      0x83d src/main.o
 *fill*         0x0042e509        0x3 
 .rodata.calibri_36_0x71
                0x0042e50c       0x10 src/main.o
 .rodata.image_data_calibri_36_0x72
                0x0042e51c      0x5a3 src/main.o
 *fill*         0x0042eabf        0x1 
 .rodata.calibri_36_0x72
                0x0042eac0       0x10 src/main.o
 .rodata.image_data_calibri_36_0x73
                0x0042ead0      0x612 src/main.o
 *fill*         0x0042f0e2        0x2 
 .rodata.calibri_36_0x73
                0x0042f0e4       0x10 src/main.o
 .rodata.image_data_calibri_36_0x74
                0x0042f0f4      0x534 src/main.o
 .rodata.calibri_36_0x74
                0x0042f628       0x10 src/main.o
 .rodata.image_data_calibri_36_0x75
                0x0042f638      0x83d src/main.o
 *fill*         0x0042fe75        0x3 
 .rodata.calibri_36_0x75
                0x0042fe78       0x10 src/main.o
 .rodata.image_data_calibri_36_0x76
                0x0042fe88      0x6f0 src/main.o
 .rodata.calibri_36_0x76
                0x00430578       0x10 src/main.o
 .rodata.image_data_calibri_36_0x77
                0x00430588      0xb46 src/main.o
 *fill*         0x004310ce        0x2 
 .rodata.calibri_36_0x77
                0x004310d0       0x10 src/main.o
 .rodata.image_data_calibri_36_0x78
                0x004310e0      0x6f0 src/main.o
 .rodata.calibri_36_0x78
                0x004317d0       0x10 src/main.o
 .rodata.image_data_calibri_36_0x79
                0x004317e0      0x6f0 src/main.o
 .rodata.calibri_36_0x79
                0x00431ed0       0x10 src/main.o
 .rodata.image_data_calibri_36_0x7a
                0x00431ee0      0x612 src/main.o
 *fill*         0x004324f2        0x2 
 .rodata.calibri_36_0x7a
                0x004324f4       0x10 src/main.o
 .rodata.image_data_calibri_36_0x7b
                0x00432504      0x4c5 src/main.o
 *fill*         0x004329c9        0x3 
 .rodata.calibri_36_0x7b
                0x004329cc       0x10 src/main.o
 .rodata.image_data_calibri_36_0x7c
                0x004329dc      0x75f src/main.o
 *fill*         0x0043313b        0x1 
 .rodata.calibri_36_0x7c
                0x0043313c       0x10 src/main.o
 .rodata.image_data_calibri_36_0x7d
                0x0043314c      0x4c5 src/main.o
 *fill*         0x00433611        0x3 
 .rodata.calibri_36_0x7d
                0x00433614       0x10 src/main.o
 .rodata.image_data_calibri_36_0x7e
                0x00433624      0x7ce src/main.o
 *fill*         0x00433df2        0x2 
 .rodata.calibri_36_0x7e
                0x00433df4       0x10 src/main.o
 .rodata.calibri_36_array
                0x00433e04      0x2f8 src/main.o
 .rodata.calibri_36
                0x004340fc        0xc src/main.o
                0x004340fc                calibri_36
 .rodata        0x00434108       0x19 src/main.o
 *fill*         0x00434121        0x3 
 .rodata._global_impure_ptr
                0x00434124        0x4 c:/program files (x86)/atmel/studio/7.0/toolchain/arm/arm-gnu-toolchain/bin/../lib/gcc/arm-none-eabi/6.3.1/../../../../arm-none-eabi/lib/thumb/v7e-m\libc.a(lib_a-impure.o)
                0x00434124                _global_impure_ptr
 .rodata._svfprintf_r.str1.4
                0x00434128       0x42 c:/program files (x86)/atmel/studio/7.0/toolchain/arm/arm-gnu-toolchain/bin/../lib/gcc/arm-none-eabi/6.3.1/../../../../arm-none-eabi/lib/thumb/v7e-m\libc.a(lib_a-svfprintf.o)
 *fill*         0x0043416a        0x2 
 .rodata.blanks.7223
                0x0043416c       0x10 c:/program files (x86)/atmel/studio/7.0/toolchain/arm/arm-gnu-toolchain/bin/../lib/gcc/arm-none-eabi/6.3.1/../../../../arm-none-eabi/lib/thumb/v7e-m\libc.a(lib_a-svfprintf.o)
 .rodata.zeroes.7224
                0x0043417c       0x10 c:/program files (x86)/atmel/studio/7.0/toolchain/arm/arm-gnu-toolchain/bin/../lib/gcc/arm-none-eabi/6.3.1/../../../../arm-none-eabi/lib/thumb/v7e-m\libc.a(lib_a-svfprintf.o)
 .rodata._dtoa_r.str1.4
                0x0043418c       0x10 c:/program files (x86)/atmel/studio/7.0/toolchain/arm/arm-gnu-toolchain/bin/../lib/gcc/arm-none-eabi/6.3.1/../../../../arm-none-eabi/lib/thumb/v7e-m\libc.a(lib_a-dtoa.o)
                                 0x12 (size before relaxing)
 *fill*         0x0043419c        0x4 
 .rodata.__mprec_bigtens
                0x004341a0       0x28 c:/program files (x86)/atmel/studio/7.0/toolchain/arm/arm-gnu-toolchain/bin/../lib/gcc/arm-none-eabi/6.3.1/../../../../arm-none-eabi/lib/thumb/v7e-m\libc.a(lib_a-mprec.o)
                0x004341a0                __mprec_bigtens
 .rodata.__mprec_tens
                0x004341c8       0xc8 c:/program files (x86)/atmel/studio/7.0/toolchain/arm/arm-gnu-toolchain/bin/../lib/gcc/arm-none-eabi/6.3.1/../../../../arm-none-eabi/lib/thumb/v7e-m\libc.a(lib_a-mprec.o)
                0x004341c8                __mprec_tens
 .rodata.p05.6055
                0x00434290        0xc c:/program files (x86)/atmel/studio/7.0/toolchain/arm/arm-gnu-toolchain/bin/../lib/gcc/arm-none-eabi/6.3.1/../../../../arm-none-eabi/lib/thumb/v7e-m\libc.a(lib_a-mprec.o)
 .rodata._setlocale_r.str1.4
                0x0043429c        0xa c:/program files (x86)/atmel/studio/7.0/toolchain/arm/arm-gnu-toolchain/bin/../lib/gcc/arm-none-eabi/6.3.1/../../../../arm-none-eabi/lib/thumb/v7e-m\libc.a(lib_a-locale.o)
                                  0xd (size before relaxing)
 *fill*         0x004342a6        0x2 
 .rodata.str1.4
                0x004342a8        0x4 c:/program files (x86)/atmel/studio/7.0/toolchain/arm/arm-gnu-toolchain/bin/../lib/gcc/arm-none-eabi/6.3.1/../../../../arm-none-eabi/lib/thumb/v7e-m\libc.a(lib_a-locale.o)
                                  0x2 (size before relaxing)
 .rodata._ctype_
                0x004342ac      0x101 c:/program files (x86)/atmel/studio/7.0/toolchain/arm/arm-gnu-toolchain/bin/../lib/gcc/arm-none-eabi/6.3.1/../../../../arm-none-eabi/lib/thumb/v7e-m\libc.a(lib_a-ctype_.o)
                0x004342ac                _ctype_
 *(.ARM.extab* .gnu.linkonce.armextab.*)
                0x004343b0                . = ALIGN (0x4)
 *fill*         0x004343ad        0x3 
 *(.init)
 .init          0x004343b0        0x4 c:/program files (x86)/atmel/studio/7.0/toolchain/arm/arm-gnu-toolchain/bin/../lib/gcc/arm-none-eabi/6.3.1/thumb/v7e-m/crti.o
                0x004343b0                _init
 .init          0x004343b4        0x8 c:/program files (x86)/atmel/studio/7.0/toolchain/arm/arm-gnu-toolchain/bin/../lib/gcc/arm-none-eabi/6.3.1/thumb/v7e-m/crtn.o
                0x004343bc                . = ALIGN (0x4)
                0x004343bc                __preinit_array_start = .
 *(.preinit_array)
                0x004343bc                __preinit_array_end = .
                0x004343bc                . = ALIGN (0x4)
                0x004343bc                __init_array_start = .
 *(SORT(.init_array.*))
 .init_array.00000
                0x004343bc        0x4 c:/program files (x86)/atmel/studio/7.0/toolchain/arm/arm-gnu-toolchain/bin/../lib/gcc/arm-none-eabi/6.3.1/../../../../arm-none-eabi/lib/thumb/v7e-m\libc.a(lib_a-__call_atexit.o)
 *(.init_array)
 .init_array    0x004343c0        0x4 c:/program files (x86)/atmel/studio/7.0/toolchain/arm/arm-gnu-toolchain/bin/../lib/gcc/arm-none-eabi/6.3.1/thumb/v7e-m/crtbegin.o
                0x004343c4                __init_array_end = .
                0x004343c4                . = ALIGN (0x4)
 *crtbegin.o(.ctors)
 *(EXCLUDE_FILE(*crtend.o) .ctors)
 *(SORT(.ctors.*))
 *crtend.o(.ctors)
                0x004343c4                . = ALIGN (0x4)
 *(.fini)
 .fini          0x004343c4        0x4 c:/program files (x86)/atmel/studio/7.0/toolchain/arm/arm-gnu-toolchain/bin/../lib/gcc/arm-none-eabi/6.3.1/thumb/v7e-m/crti.o
                0x004343c4                _fini
 .fini          0x004343c8        0x8 c:/program files (x86)/atmel/studio/7.0/toolchain/arm/arm-gnu-toolchain/bin/../lib/gcc/arm-none-eabi/6.3.1/thumb/v7e-m/crtn.o
                0x004343d0                . = ALIGN (0x4)
                0x004343d0                __fini_array_start = .
 *(.fini_array)
 .fini_array    0x004343d0        0x4 c:/program files (x86)/atmel/studio/7.0/toolchain/arm/arm-gnu-toolchain/bin/../lib/gcc/arm-none-eabi/6.3.1/thumb/v7e-m/crtbegin.o
 *(SORT(.fini_array.*))
                0x004343d4                __fini_array_end = .
 *crtbegin.o(.dtors)
 *(EXCLUDE_FILE(*crtend.o) .dtors)
 *(SORT(.dtors.*))
 *crtend.o(.dtors)
                0x004343d4                . = ALIGN (0x4)
                0x004343d4                _efixed = .
                [!provide]                PROVIDE (__exidx_start, .)

.vfp11_veneer   0x004343d4        0x0
 .vfp11_veneer  0x004343d4        0x0 linker stubs

.v4_bx          0x004343d4        0x0
 .v4_bx         0x004343d4        0x0 linker stubs

.iplt           0x004343d4        0x0
 .iplt          0x004343d4        0x0 c:/program files (x86)/atmel/studio/7.0/toolchain/arm/arm-gnu-toolchain/bin/../lib/gcc/arm-none-eabi/6.3.1/thumb/v7e-m/crtbegin.o

.ARM.exidx      0x004343d4        0x8
 *(.ARM.exidx* .gnu.linkonce.armexidx.*)
 .ARM.exidx     0x004343d4        0x8 c:/program files (x86)/atmel/studio/7.0/toolchain/arm/arm-gnu-toolchain/bin/../lib/gcc/arm-none-eabi/6.3.1/thumb/v7e-m\libgcc.a(_udivmoddi4.o)
                [!provide]                PROVIDE (__exidx_end, .)

.eh_frame       0x004343dc        0x0
 .eh_frame      0x004343dc        0x0 c:/program files (x86)/atmel/studio/7.0/toolchain/arm/arm-gnu-toolchain/bin/../lib/gcc/arm-none-eabi/6.3.1/thumb/v7e-m/crtbegin.o

.rel.dyn        0x004343dc        0x0
 .rel.iplt      0x004343dc        0x0 c:/program files (x86)/atmel/studio/7.0/toolchain/arm/arm-gnu-toolchain/bin/../lib/gcc/arm-none-eabi/6.3.1/thumb/v7e-m/crtbegin.o

.jcr            0x004343dc        0x0
 .jcr           0x004343dc        0x0 c:/program files (x86)/atmel/studio/7.0/toolchain/arm/arm-gnu-toolchain/bin/../lib/gcc/arm-none-eabi/6.3.1/thumb/v7e-m/crtbegin.o

.igot.plt       0x004343dc        0x0
 .igot.plt      0x004343dc        0x0 c:/program files (x86)/atmel/studio/7.0/toolchain/arm/arm-gnu-toolchain/bin/../lib/gcc/arm-none-eabi/6.3.1/thumb/v7e-m/crtbegin.o
                0x004343dc                . = ALIGN (0x4)
                0x004343dc                _etext = .

.relocate       0x20400000      0x9c8 load address 0x004343dc
                0x20400000                . = ALIGN (0x4)
                0x20400000                _srelocate = .
 *(.ramfunc .ramfunc.*)
 .ramfunc       0x20400000        0xa src/ASF/common/services/delay/sam/cycle_counter.o
                0x20400000                portable_delay_cycles
 *(.data .data.*)
 *fill*         0x2040000a        0x2 
 .data.x        0x2040000c        0x4 src/main.o
                0x2040000c                x
 .data.g_interrupt_enabled
                0x20400010        0x1 src/ASF/common/utils/interrupt/interrupt_sam_nvic.o
                0x20400010                g_interrupt_enabled
 *fill*         0x20400011        0x3 
 .data.SystemCoreClock
                0x20400014        0x4 src/ASF/sam/utils/cmsis/same70/source/templates/system_same70.o
                0x20400014                SystemCoreClock
 .data._impure_ptr
                0x20400018        0x4 c:/program files (x86)/atmel/studio/7.0/toolchain/arm/arm-gnu-toolchain/bin/../lib/gcc/arm-none-eabi/6.3.1/../../../../arm-none-eabi/lib/thumb/v7e-m\libc.a(lib_a-impure.o)
                0x20400018                _impure_ptr
 *fill*         0x2040001c        0x4 
 .data.impure_data
                0x20400020      0x428 c:/program files (x86)/atmel/studio/7.0/toolchain/arm/arm-gnu-toolchain/bin/../lib/gcc/arm-none-eabi/6.3.1/../../../../arm-none-eabi/lib/thumb/v7e-m\libc.a(lib_a-impure.o)
 .data.__atexit_recursive_mutex
                0x20400448        0x4 c:/program files (x86)/atmel/studio/7.0/toolchain/arm/arm-gnu-toolchain/bin/../lib/gcc/arm-none-eabi/6.3.1/../../../../arm-none-eabi/lib/thumb/v7e-m\libc.a(lib_a-__call_atexit.o)
                0x20400448                __atexit_recursive_mutex
 .data.__malloc_av_
                0x2040044c      0x408 c:/program files (x86)/atmel/studio/7.0/toolchain/arm/arm-gnu-toolchain/bin/../lib/gcc/arm-none-eabi/6.3.1/../../../../arm-none-eabi/lib/thumb/v7e-m\libc.a(lib_a-mallocr.o)
                0x2040044c                __malloc_av_
 .data.__malloc_sbrk_base
                0x20400854        0x4 c:/program files (x86)/atmel/studio/7.0/toolchain/arm/arm-gnu-toolchain/bin/../lib/gcc/arm-none-eabi/6.3.1/../../../../arm-none-eabi/lib/thumb/v7e-m\libc.a(lib_a-mallocr.o)
                0x20400854                __malloc_sbrk_base
 .data.__malloc_trim_threshold
                0x20400858        0x4 c:/program files (x86)/atmel/studio/7.0/toolchain/arm/arm-gnu-toolchain/bin/../lib/gcc/arm-none-eabi/6.3.1/../../../../arm-none-eabi/lib/thumb/v7e-m\libc.a(lib_a-mallocr.o)
                0x20400858                __malloc_trim_threshold
 .data.__global_locale
                0x2040085c      0x16c c:/program files (x86)/atmel/studio/7.0/toolchain/arm/arm-gnu-toolchain/bin/../lib/gcc/arm-none-eabi/6.3.1/../../../../arm-none-eabi/lib/thumb/v7e-m\libc.a(lib_a-locale.o)
                0x2040085c                __global_locale
                0x204009c8                . = ALIGN (0x4)
                0x204009c8                _erelocate = .

.bss            0x204009c8      0x4c0 load address 0x00434da4
                0x204009c8                . = ALIGN (0x4)
                0x204009c8                _sbss = .
                0x204009c8                _szero = .
 *(.bss .bss.*)
 .bss           0x204009c8       0x1c c:/program files (x86)/atmel/studio/7.0/toolchain/arm/arm-gnu-toolchain/bin/../lib/gcc/arm-none-eabi/6.3.1/thumb/v7e-m/crtbegin.o
 .bss.g_ul_pixel_cache
                0x204009e4      0x3c0 src/ASF/sam/components/display/ili9488/ili9488.o
 .bss.gs_interrupt_sources
                0x20400da4       0x70 src/ASF/sam/drivers/pio/pio_handler.o
 .bss.gs_ul_nb_sources
                0x20400e14        0x4 src/ASF/sam/drivers/pio/pio_handler.o
 .bss.heap.6420
                0x20400e18        0x4 src/ASF/sam/utils/syscalls/gcc/syscalls.o
 .bss.__malloc_current_mallinfo
                0x20400e1c       0x28 c:/program files (x86)/atmel/studio/7.0/toolchain/arm/arm-gnu-toolchain/bin/../lib/gcc/arm-none-eabi/6.3.1/../../../../arm-none-eabi/lib/thumb/v7e-m\libc.a(lib_a-mallocr.o)
                0x20400e1c                __malloc_current_mallinfo
 .bss.__malloc_max_sbrked_mem
                0x20400e44        0x4 c:/program files (x86)/atmel/studio/7.0/toolchain/arm/arm-gnu-toolchain/bin/../lib/gcc/arm-none-eabi/6.3.1/../../../../arm-none-eabi/lib/thumb/v7e-m\libc.a(lib_a-mallocr.o)
                0x20400e44                __malloc_max_sbrked_mem
 .bss.__malloc_max_total_mem
                0x20400e48        0x4 c:/program files (x86)/atmel/studio/7.0/toolchain/arm/arm-gnu-toolchain/bin/../lib/gcc/arm-none-eabi/6.3.1/../../../../arm-none-eabi/lib/thumb/v7e-m\libc.a(lib_a-mallocr.o)
                0x20400e48                __malloc_max_total_mem
 .bss.__malloc_top_pad
                0x20400e4c        0x4 c:/program files (x86)/atmel/studio/7.0/toolchain/arm/arm-gnu-toolchain/bin/../lib/gcc/arm-none-eabi/6.3.1/../../../../arm-none-eabi/lib/thumb/v7e-m\libc.a(lib_a-mallocr.o)
                0x20400e4c                __malloc_top_pad
 *(COMMON)
 COMMON         0x20400e50       0x10 src/main.o
                0x20400e50                g_ili9488_display_opt
 COMMON         0x20400e60       0x21 c:/program files (x86)/atmel/studio/7.0/toolchain/arm/arm-gnu-toolchain/bin/../lib/gcc/arm-none-eabi/6.3.1/../../../../arm-none-eabi/lib/thumb/v7e-m\libc.a(lib_a-lock.o)
                0x20400e60                __lock___atexit_recursive_mutex
                0x20400e64                __lock___arc4random_mutex
                0x20400e68                __lock___env_recursive_mutex
                0x20400e6c                __lock___sinit_recursive_mutex
                0x20400e70                __lock___malloc_recursive_mutex
                0x20400e74                __lock___at_quick_exit_mutex
                0x20400e78                __lock___dd_hash_mutex
                0x20400e7c                __lock___tz_mutex
                0x20400e80                __lock___sfp_recursive_mutex
 *fill*         0x20400e81        0x3 
 COMMON         0x20400e84        0x4 c:/program files (x86)/atmel/studio/7.0/toolchain/arm/arm-gnu-toolchain/bin/../lib/gcc/arm-none-eabi/6.3.1/../../../../arm-none-eabi/lib/thumb/v7e-m\libc.a(lib_a-reent.o)
                0x20400e84                errno
                0x20400e88                . = ALIGN (0x4)
                0x20400e88                _ebss = .
                0x20400e88                _ezero = .

.stack          0x20400e88     0x2000 load address 0x00435264
                0x20400e88                . = ALIGN (0x8)
                0x20400e88                _sstack = .
                0x20402e88                . = (. + STACK_SIZE)
 *fill*         0x20400e88     0x2000 
                0x20402e88                . = ALIGN (0x8)
                0x20402e88                _estack = .

.heap           0x20402e88      0x200 load address 0x00437264
                0x20402e88                . = ALIGN (0x8)
                0x20402e88                _sheap = .
                0x20403088                . = (. + HEAP_SIZE)
 *fill*         0x20402e88      0x200 
                0x20403088                . = ALIGN (0x8)
                0x20403088                _eheap = .
                0x20403088                . = ALIGN (0x4)
                0x20403088                _end = .
                0x2045ffff                _ram_end_ = ((ORIGIN (ram) + LENGTH (ram)) - 0x1)
OUTPUT(SAME70_FONTS.elf elf32-littlearm)

.ARM.attributes
                0x00000000       0x2e
 .ARM.attributes
                0x00000000       0x1e c:/program files (x86)/atmel/studio/7.0/toolchain/arm/arm-gnu-toolchain/bin/../lib/gcc/arm-none-eabi/6.3.1/thumb/v7e-m/crti.o
 .ARM.attributes
                0x0000001e       0x2e c:/program files (x86)/atmel/studio/7.0/toolchain/arm/arm-gnu-toolchain/bin/../lib/gcc/arm-none-eabi/6.3.1/thumb/v7e-m/crtbegin.o
 .ARM.attributes
                0x0000004c       0x37 src/main.o
 .ARM.attributes
                0x00000083       0x37 src/ASF/common/services/delay/sam/cycle_counter.o
 .ARM.attributes
                0x000000ba       0x37 src/ASF/common/services/spi/sam_spi/spi_master.o
 .ARM.attributes
                0x000000f1       0x37 src/ASF/sam/components/display/ili9488/ili9488.o
 .ARM.attributes
                0x00000128       0x37 src/ASF/sam/drivers/spi/spi.o
 .ARM.attributes
                0x0000015f       0x37 src/ASF/common/services/clock/same70/sysclk.o
 .ARM.attributes
                0x00000196       0x37 src/ASF/common/utils/interrupt/interrupt_sam_nvic.o
 .ARM.attributes
                0x000001cd       0x37 src/ASF/sam/boards/same70_xplained/init.o
 .ARM.attributes
                0x00000204       0x37 src/ASF/sam/drivers/pio/pio.o
 .ARM.attributes
                0x0000023b       0x37 src/ASF/sam/drivers/pio/pio_handler.o
 .ARM.attributes
                0x00000272       0x37 src/ASF/sam/drivers/pmc/pmc.o
 .ARM.attributes
                0x000002a9       0x37 src/ASF/sam/utils/cmsis/same70/source/templates/gcc/startup_same70.o
 .ARM.attributes
                0x000002e0       0x37 src/ASF/sam/utils/cmsis/same70/source/templates/system_same70.o
 .ARM.attributes
                0x00000317       0x37 src/ASF/sam/utils/syscalls/gcc/syscalls.o
 .ARM.attributes
                0x0000034e       0x1e c:/program files (x86)/atmel/studio/7.0/toolchain/arm/arm-gnu-toolchain/bin/../lib/gcc/arm-none-eabi/6.3.1/thumb/v7e-m\libgcc.a(_arm_addsubdf3.o)
 .ARM.attributes
                0x0000036c       0x1e c:/program files (x86)/atmel/studio/7.0/toolchain/arm/arm-gnu-toolchain/bin/../lib/gcc/arm-none-eabi/6.3.1/thumb/v7e-m\libgcc.a(_arm_muldivdf3.o)
 .ARM.attributes
                0x0000038a       0x1e c:/program files (x86)/atmel/studio/7.0/toolchain/arm/arm-gnu-toolchain/bin/../lib/gcc/arm-none-eabi/6.3.1/thumb/v7e-m\libgcc.a(_arm_truncdfsf2.o)
 .ARM.attributes
                0x000003a8       0x1e c:/program files (x86)/atmel/studio/7.0/toolchain/arm/arm-gnu-toolchain/bin/../lib/gcc/arm-none-eabi/6.3.1/thumb/v7e-m\libgcc.a(_aeabi_uldivmod.o)
 .ARM.attributes
                0x000003c6       0x2e c:/program files (x86)/atmel/studio/7.0/toolchain/arm/arm-gnu-toolchain/bin/../lib/gcc/arm-none-eabi/6.3.1/thumb/v7e-m\libgcc.a(_udivmoddi4.o)
 .ARM.attributes
                0x000003f4       0x1e c:/program files (x86)/atmel/studio/7.0/toolchain/arm/arm-gnu-toolchain/bin/../lib/gcc/arm-none-eabi/6.3.1/thumb/v7e-m\libgcc.a(_dvmd_tls.o)
 .ARM.attributes
                0x00000412       0x2e c:/program files (x86)/atmel/studio/7.0/toolchain/arm/arm-gnu-toolchain/bin/../lib/gcc/arm-none-eabi/6.3.1/../../../../arm-none-eabi/lib/thumb/v7e-m\libc.a(lib_a-impure.o)
 .ARM.attributes
                0x00000440       0x2e c:/program files (x86)/atmel/studio/7.0/toolchain/arm/arm-gnu-toolchain/bin/../lib/gcc/arm-none-eabi/6.3.1/../../../../arm-none-eabi/lib/thumb/v7e-m\libc.a(lib_a-init.o)
 .ARM.attributes
                0x0000046e       0x2e c:/program files (x86)/atmel/studio/7.0/toolchain/arm/arm-gnu-toolchain/bin/../lib/gcc/arm-none-eabi/6.3.1/../../../../arm-none-eabi/lib/thumb/v7e-m\libc.a(lib_a-memset.o)
 .ARM.attributes
                0x0000049c       0x2e c:/program files (x86)/atmel/studio/7.0/toolchain/arm/arm-gnu-toolchain/bin/../lib/gcc/arm-none-eabi/6.3.1/../../../../arm-none-eabi/lib/thumb/v7e-m\libc.a(lib_a-sprintf.o)
 .ARM.attributes
                0x000004ca       0x2e c:/program files (x86)/atmel/studio/7.0/toolchain/arm/arm-gnu-toolchain/bin/../lib/gcc/arm-none-eabi/6.3.1/../../../../arm-none-eabi/lib/thumb/v7e-m\libc.a(lib_a-svfprintf.o)
 .ARM.attributes
                0x000004f8       0x2e c:/program files (x86)/atmel/studio/7.0/toolchain/arm/arm-gnu-toolchain/bin/../lib/gcc/arm-none-eabi/6.3.1/../../../../arm-none-eabi/lib/thumb/v7e-m\libc.a(lib_a-__call_atexit.o)
 .ARM.attributes
                0x00000526       0x2e c:/program files (x86)/atmel/studio/7.0/toolchain/arm/arm-gnu-toolchain/bin/../lib/gcc/arm-none-eabi/6.3.1/../../../../arm-none-eabi/lib/thumb/v7e-m\libc.a(lib_a-atexit.o)
 .ARM.attributes
                0x00000554       0x2e c:/program files (x86)/atmel/studio/7.0/toolchain/arm/arm-gnu-toolchain/bin/../lib/gcc/arm-none-eabi/6.3.1/../../../../arm-none-eabi/lib/thumb/v7e-m\libc.a(lib_a-dtoa.o)
 .ARM.attributes
                0x00000582       0x2e c:/program files (x86)/atmel/studio/7.0/toolchain/arm/arm-gnu-toolchain/bin/../lib/gcc/arm-none-eabi/6.3.1/../../../../arm-none-eabi/lib/thumb/v7e-m\libc.a(lib_a-fini.o)
 .ARM.attributes
                0x000005b0       0x2e c:/program files (x86)/atmel/studio/7.0/toolchain/arm/arm-gnu-toolchain/bin/../lib/gcc/arm-none-eabi/6.3.1/../../../../arm-none-eabi/lib/thumb/v7e-m\libc.a(lib_a-localeconv.o)
 .ARM.attributes
                0x000005de       0x2e c:/program files (x86)/atmel/studio/7.0/toolchain/arm/arm-gnu-toolchain/bin/../lib/gcc/arm-none-eabi/6.3.1/../../../../arm-none-eabi/lib/thumb/v7e-m\libc.a(lib_a-lock.o)
 .ARM.attributes
                0x0000060c       0x2e c:/program files (x86)/atmel/studio/7.0/toolchain/arm/arm-gnu-toolchain/bin/../lib/gcc/arm-none-eabi/6.3.1/../../../../arm-none-eabi/lib/thumb/v7e-m\libc.a(lib_a-mallocr.o)
 .ARM.attributes
                0x0000063a       0x1c c:/program files (x86)/atmel/studio/7.0/toolchain/arm/arm-gnu-toolchain/bin/../lib/gcc/arm-none-eabi/6.3.1/../../../../arm-none-eabi/lib/thumb/v7e-m\libc.a(lib_a-memchr.o)
 .ARM.attributes
                0x00000656       0x1c c:/program files (x86)/atmel/studio/7.0/toolchain/arm/arm-gnu-toolchain/bin/../lib/gcc/arm-none-eabi/6.3.1/../../../../arm-none-eabi/lib/thumb/v7e-m\libc.a(lib_a-memcpy.o)
 .ARM.attributes
                0x00000672       0x2e c:/program files (x86)/atmel/studio/7.0/toolchain/arm/arm-gnu-toolchain/bin/../lib/gcc/arm-none-eabi/6.3.1/../../../../arm-none-eabi/lib/thumb/v7e-m\libc.a(lib_a-mlock.o)
 .ARM.attributes
                0x000006a0       0x2e c:/program files (x86)/atmel/studio/7.0/toolchain/arm/arm-gnu-toolchain/bin/../lib/gcc/arm-none-eabi/6.3.1/../../../../arm-none-eabi/lib/thumb/v7e-m\libc.a(lib_a-mprec.o)
 .ARM.attributes
                0x000006ce       0x2e c:/program files (x86)/atmel/studio/7.0/toolchain/arm/arm-gnu-toolchain/bin/../lib/gcc/arm-none-eabi/6.3.1/../../../../arm-none-eabi/lib/thumb/v7e-m\libc.a(lib_a-sbrkr.o)
 .ARM.attributes
                0x000006fc       0x1c c:/program files (x86)/atmel/studio/7.0/toolchain/arm/arm-gnu-toolchain/bin/../lib/gcc/arm-none-eabi/6.3.1/../../../../arm-none-eabi/lib/thumb/v7e-m\libc.a(lib_a-strlen.o)
 .ARM.attributes
                0x00000718       0x2e c:/program files (x86)/atmel/studio/7.0/toolchain/arm/arm-gnu-toolchain/bin/../lib/gcc/arm-none-eabi/6.3.1/../../../../arm-none-eabi/lib/thumb/v7e-m\libc.a(lib_a-svfiprintf.o)
 .ARM.attributes
                0x00000746       0x2e c:/program files (x86)/atmel/studio/7.0/toolchain/arm/arm-gnu-toolchain/bin/../lib/gcc/arm-none-eabi/6.3.1/../../../../arm-none-eabi/lib/thumb/v7e-m\libc.a(lib_a-__atexit.o)
 .ARM.attributes
                0x00000774       0x2e c:/program files (x86)/atmel/studio/7.0/toolchain/arm/arm-gnu-toolchain/bin/../lib/gcc/arm-none-eabi/6.3.1/../../../../arm-none-eabi/lib/thumb/v7e-m\libc.a(lib_a-callocr.o)
 .ARM.attributes
                0x000007a2       0x2e c:/program files (x86)/atmel/studio/7.0/toolchain/arm/arm-gnu-toolchain/bin/../lib/gcc/arm-none-eabi/6.3.1/../../../../arm-none-eabi/lib/thumb/v7e-m\libc.a(lib_a-freer.o)
 .ARM.attributes
                0x000007d0       0x2e c:/program files (x86)/atmel/studio/7.0/toolchain/arm/arm-gnu-toolchain/bin/../lib/gcc/arm-none-eabi/6.3.1/../../../../arm-none-eabi/lib/thumb/v7e-m\libc.a(lib_a-locale.o)
 .ARM.attributes
                0x000007fe       0x2e c:/program files (x86)/atmel/studio/7.0/toolchain/arm/arm-gnu-toolchain/bin/../lib/gcc/arm-none-eabi/6.3.1/../../../../arm-none-eabi/lib/thumb/v7e-m\libc.a(lib_a-mbtowc_r.o)
 .ARM.attributes
                0x0000082c       0x2e c:/program files (x86)/atmel/studio/7.0/toolchain/arm/arm-gnu-toolchain/bin/../lib/gcc/arm-none-eabi/6.3.1/../../../../arm-none-eabi/lib/thumb/v7e-m\libc.a(lib_a-memmove.o)
 .ARM.attributes
                0x0000085a       0x2e c:/program files (x86)/atmel/studio/7.0/toolchain/arm/arm-gnu-toolchain/bin/../lib/gcc/arm-none-eabi/6.3.1/../../../../arm-none-eabi/lib/thumb/v7e-m\libc.a(lib_a-reallocr.o)
 .ARM.attributes
                0x00000888       0x2e c:/program files (x86)/atmel/studio/7.0/toolchain/arm/arm-gnu-toolchain/bin/../lib/gcc/arm-none-eabi/6.3.1/../../../../arm-none-eabi/lib/thumb/v7e-m\libc.a(lib_a-reent.o)
 .ARM.attributes
                0x000008b6       0x2e c:/program files (x86)/atmel/studio/7.0/toolchain/arm/arm-gnu-toolchain/bin/../lib/gcc/arm-none-eabi/6.3.1/../../../../arm-none-eabi/lib/thumb/v7e-m\libc.a(lib_a-wctomb_r.o)
 .ARM.attributes
                0x000008e4       0x2e c:/program files (x86)/atmel/studio/7.0/toolchain/arm/arm-gnu-toolchain/bin/../lib/gcc/arm-none-eabi/6.3.1/../../../../arm-none-eabi/lib/thumb/v7e-m\libc.a(lib_a-ctype_.o)
 .ARM.attributes
                0x00000912       0x1e c:/program files (x86)/atmel/studio/7.0/toolchain/arm/arm-gnu-toolchain/bin/../lib/gcc/arm-none-eabi/6.3.1/thumb/v7e-m\libgcc.a(_arm_cmpdf2.o)
 .ARM.attributes
                0x00000930       0x1e c:/program files (x86)/atmel/studio/7.0/toolchain/arm/arm-gnu-toolchain/bin/../lib/gcc/arm-none-eabi/6.3.1/thumb/v7e-m\libgcc.a(_arm_unorddf2.o)
 .ARM.attributes
                0x0000094e       0x1e c:/program files (x86)/atmel/studio/7.0/toolchain/arm/arm-gnu-toolchain/bin/../lib/gcc/arm-none-eabi/6.3.1/thumb/v7e-m\libgcc.a(_arm_fixdfsi.o)
 .ARM.attributes
                0x0000096c       0x1e c:/program files (x86)/atmel/studio/7.0/toolchain/arm/arm-gnu-toolchain/bin/../lib/gcc/arm-none-eabi/6.3.1/thumb/v7e-m/crtn.o

.comment        0x00000000       0x59
 .comment       0x00000000       0x59 src/main.o
                                 0x5a (size before relaxing)
 .comment       0x00000059       0x5a src/ASF/common/services/delay/sam/cycle_counter.o
 .comment       0x00000059       0x5a src/ASF/common/services/spi/sam_spi/spi_master.o
 .comment       0x00000059       0x5a src/ASF/sam/components/display/ili9488/ili9488.o
 .comment       0x00000059       0x5a src/ASF/sam/drivers/spi/spi.o
 .comment       0x00000059       0x5a src/ASF/common/services/clock/same70/sysclk.o
 .comment       0x00000059       0x5a src/ASF/common/utils/interrupt/interrupt_sam_nvic.o
 .comment       0x00000059       0x5a src/ASF/sam/boards/same70_xplained/init.o
 .comment       0x00000059       0x5a src/ASF/sam/drivers/pio/pio.o
 .comment       0x00000059       0x5a src/ASF/sam/drivers/pio/pio_handler.o
 .comment       0x00000059       0x5a src/ASF/sam/drivers/pmc/pmc.o
 .comment       0x00000059       0x5a src/ASF/sam/utils/cmsis/same70/source/templates/gcc/startup_same70.o
 .comment       0x00000059       0x5a src/ASF/sam/utils/cmsis/same70/source/templates/system_same70.o
 .comment       0x00000059       0x5a src/ASF/sam/utils/syscalls/gcc/syscalls.o

.debug_info     0x00000000    0x13d9c
 .debug_info    0x00000000     0x31c0 src/main.o
 .debug_info    0x000031c0      0xa45 src/ASF/common/services/delay/sam/cycle_counter.o
 .debug_info    0x00003c05     0x143e src/ASF/common/services/spi/sam_spi/spi_master.o
 .debug_info    0x00005043     0x208c src/ASF/sam/components/display/ili9488/ili9488.o
 .debug_info    0x000070cf     0x1123 src/ASF/sam/drivers/spi/spi.o
 .debug_info    0x000081f2     0x1311 src/ASF/common/services/clock/same70/sysclk.o
 .debug_info    0x00009503      0xb06 src/ASF/common/utils/interrupt/interrupt_sam_nvic.o
 .debug_info    0x0000a009     0x1dad src/ASF/sam/boards/same70_xplained/init.o
 .debug_info    0x0000bdb6     0x1ce3 src/ASF/sam/drivers/pio/pio.o
 .debug_info    0x0000da99     0x1a74 src/ASF/sam/drivers/pio/pio_handler.o
 .debug_info    0x0000f50d     0x1eed src/ASF/sam/drivers/pmc/pmc.o
 .debug_info    0x000113fa     0x1612 src/ASF/sam/utils/cmsis/same70/source/templates/gcc/startup_same70.o
 .debug_info    0x00012a0c      0x5d4 src/ASF/sam/utils/cmsis/same70/source/templates/system_same70.o
 .debug_info    0x00012fe0      0xdbc src/ASF/sam/utils/syscalls/gcc/syscalls.o

.debug_abbrev   0x00000000     0x24b8
 .debug_abbrev  0x00000000      0x35e src/main.o
 .debug_abbrev  0x0000035e      0x1b3 src/ASF/common/services/delay/sam/cycle_counter.o
 .debug_abbrev  0x00000511      0x305 src/ASF/common/services/spi/sam_spi/spi_master.o
 .debug_abbrev  0x00000816      0x2f4 src/ASF/sam/components/display/ili9488/ili9488.o
 .debug_abbrev  0x00000b0a      0x2cf src/ASF/sam/drivers/spi/spi.o
 .debug_abbrev  0x00000dd9      0x296 src/ASF/common/services/clock/same70/sysclk.o
 .debug_abbrev  0x0000106f      0x214 src/ASF/common/utils/interrupt/interrupt_sam_nvic.o
 .debug_abbrev  0x00001283      0x3f4 src/ASF/sam/boards/same70_xplained/init.o
 .debug_abbrev  0x00001677      0x296 src/ASF/sam/drivers/pio/pio.o
 .debug_abbrev  0x0000190d      0x2c9 src/ASF/sam/drivers/pio/pio_handler.o
 .debug_abbrev  0x00001bd6      0x2ce src/ASF/sam/drivers/pmc/pmc.o
 .debug_abbrev  0x00001ea4      0x2e8 src/ASF/sam/utils/cmsis/same70/source/templates/gcc/startup_same70.o
 .debug_abbrev  0x0000218c      0x102 src/ASF/sam/utils/cmsis/same70/source/templates/system_same70.o
 .debug_abbrev  0x0000228e      0x22a src/ASF/sam/utils/syscalls/gcc/syscalls.o

.debug_loc      0x00000000     0x588e
 .debug_loc     0x00000000      0x33e src/main.o
 .debug_loc     0x0000033e      0x830 src/ASF/common/services/spi/sam_spi/spi_master.o
 .debug_loc     0x00000b6e      0xd20 src/ASF/sam/components/display/ili9488/ili9488.o
 .debug_loc     0x0000188e      0x630 src/ASF/sam/drivers/spi/spi.o
 .debug_loc     0x00001ebe      0x4a0 src/ASF/common/services/clock/same70/sysclk.o
 .debug_loc     0x0000235e       0xa0 src/ASF/common/utils/interrupt/interrupt_sam_nvic.o
 .debug_loc     0x000023fe      0x2fc src/ASF/sam/boards/same70_xplained/init.o
 .debug_loc     0x000026fa     0x1174 src/ASF/sam/drivers/pio/pio.o
 .debug_loc     0x0000386e      0x38c src/ASF/sam/drivers/pio/pio_handler.o
 .debug_loc     0x00003bfa     0x1744 src/ASF/sam/drivers/pmc/pmc.o
 .debug_loc     0x0000533e      0x16c src/ASF/sam/utils/cmsis/same70/source/templates/gcc/startup_same70.o
 .debug_loc     0x000054aa       0xe4 src/ASF/sam/utils/cmsis/same70/source/templates/system_same70.o
 .debug_loc     0x0000558e      0x300 src/ASF/sam/utils/syscalls/gcc/syscalls.o

.debug_aranges  0x00000000      0x9f8
 .debug_aranges
                0x00000000       0x78 src/main.o
 .debug_aranges
                0x00000078       0x20 src/ASF/common/services/delay/sam/cycle_counter.o
 .debug_aranges
                0x00000098       0xe0 src/ASF/common/services/spi/sam_spi/spi_master.o
 .debug_aranges
                0x00000178      0x168 src/ASF/sam/components/display/ili9488/ili9488.o
 .debug_aranges
                0x000002e0       0xa8 src/ASF/sam/drivers/spi/spi.o
 .debug_aranges
                0x00000388       0x98 src/ASF/common/services/clock/same70/sysclk.o
 .debug_aranges
                0x00000420       0x28 src/ASF/common/utils/interrupt/interrupt_sam_nvic.o
 .debug_aranges
                0x00000448       0x68 src/ASF/sam/boards/same70_xplained/init.o
 .debug_aranges
                0x000004b0      0x1a8 src/ASF/sam/drivers/pio/pio.o
 .debug_aranges
                0x00000658       0x80 src/ASF/sam/drivers/pio/pio_handler.o
 .debug_aranges
                0x000006d8      0x250 src/ASF/sam/drivers/pmc/pmc.o
 .debug_aranges
                0x00000928       0x40 src/ASF/sam/utils/cmsis/same70/source/templates/gcc/startup_same70.o
 .debug_aranges
                0x00000968       0x30 src/ASF/sam/utils/cmsis/same70/source/templates/system_same70.o
 .debug_aranges
                0x00000998       0x60 src/ASF/sam/utils/syscalls/gcc/syscalls.o

.debug_ranges   0x00000000      0x990
 .debug_ranges  0x00000000       0x68 src/main.o
 .debug_ranges  0x00000068       0x10 src/ASF/common/services/delay/sam/cycle_counter.o
 .debug_ranges  0x00000078       0xd0 src/ASF/common/services/spi/sam_spi/spi_master.o
 .debug_ranges  0x00000148      0x158 src/ASF/sam/components/display/ili9488/ili9488.o
 .debug_ranges  0x000002a0       0x98 src/ASF/sam/drivers/spi/spi.o
 .debug_ranges  0x00000338       0x88 src/ASF/common/services/clock/same70/sysclk.o
 .debug_ranges  0x000003c0       0x18 src/ASF/common/utils/interrupt/interrupt_sam_nvic.o
 .debug_ranges  0x000003d8       0xd0 src/ASF/sam/boards/same70_xplained/init.o
 .debug_ranges  0x000004a8      0x198 src/ASF/sam/drivers/pio/pio.o
 .debug_ranges  0x00000640       0x70 src/ASF/sam/drivers/pio/pio_handler.o
 .debug_ranges  0x000006b0      0x240 src/ASF/sam/drivers/pmc/pmc.o
 .debug_ranges  0x000008f0       0x30 src/ASF/sam/utils/cmsis/same70/source/templates/gcc/startup_same70.o
 .debug_ranges  0x00000920       0x20 src/ASF/sam/utils/cmsis/same70/source/templates/system_same70.o
 .debug_ranges  0x00000940       0x50 src/ASF/sam/utils/syscalls/gcc/syscalls.o

.debug_macro    0x00000000    0x1fe20
 .debug_macro   0x00000000      0x801 src/main.o
 .debug_macro   0x00000801      0x8d4 src/main.o
 .debug_macro   0x000010d5      0x16d src/main.o
 .debug_macro   0x00001242      0x6d7 src/main.o
 .debug_macro   0x00001919       0x76 src/main.o
 .debug_macro   0x0000198f       0x16 src/main.o
 .debug_macro   0x000019a5      0x6da src/main.o
 .debug_macro   0x0000207f       0x22 src/main.o
 .debug_macro   0x000020a1       0x87 src/main.o
 .debug_macro   0x00002128       0x51 src/main.o
 .debug_macro   0x00002179       0xef src/main.o
 .debug_macro   0x00002268       0x6a src/main.o
 .debug_macro   0x000022d2      0x1df src/main.o
 .debug_macro   0x000024b1       0x51 src/main.o
 .debug_macro   0x00002502       0x3b src/main.o
 .debug_macro   0x0000253d       0x2d src/main.o
 .debug_macro   0x0000256a       0x26 src/main.o
 .debug_macro   0x00002590      0xf9a src/main.o
 .debug_macro   0x0000352a      0x191 src/main.o
 .debug_macro   0x000036bb      0x2ee src/main.o
 .debug_macro   0x000039a9      0xa23 src/main.o
 .debug_macro   0x000043cc      0x1b4 src/main.o
 .debug_macro   0x00004580      0x35f src/main.o
 .debug_macro   0x000048df      0x15a src/main.o
 .debug_macro   0x00004a39     0x18b3 src/main.o
 .debug_macro   0x000062ec       0x1c src/main.o
 .debug_macro   0x00006308      0x6a2 src/main.o
 .debug_macro   0x000069aa      0x27f src/main.o
 .debug_macro   0x00006c29      0x3ba src/main.o
 .debug_macro   0x00006fe3      0x4f0 src/main.o
 .debug_macro   0x000074d3      0x5cb src/main.o
 .debug_macro   0x00007a9e     0x1527 src/main.o
 .debug_macro   0x00008fc5     0x2a40 src/main.o
 .debug_macro   0x0000ba05     0x113e src/main.o
 .debug_macro   0x0000cb43      0xcdb src/main.o
 .debug_macro   0x0000d81e      0x3c6 src/main.o
 .debug_macro   0x0000dbe4       0xa0 src/main.o
 .debug_macro   0x0000dc84       0x76 src/main.o
 .debug_macro   0x0000dcfa      0x442 src/main.o
 .debug_macro   0x0000e13c       0x64 src/main.o
 .debug_macro   0x0000e1a0      0x299 src/main.o
 .debug_macro   0x0000e439      0x201 src/main.o
 .debug_macro   0x0000e63a      0x280 src/main.o
 .debug_macro   0x0000e8ba      0x539 src/main.o
 .debug_macro   0x0000edf3      0x64f src/main.o
 .debug_macro   0x0000f442      0x6cc src/main.o
 .debug_macro   0x0000fb0e       0x64 src/main.o
 .debug_macro   0x0000fb72      0x4c4 src/main.o
 .debug_macro   0x00010036      0x237 src/main.o
 .debug_macro   0x0001026d      0xa06 src/main.o
 .debug_macro   0x00010c73     0x14ec src/main.o
 .debug_macro   0x0001215f       0x40 src/main.o
 .debug_macro   0x0001219f       0x76 src/main.o
 .debug_macro   0x00012215      0xdd1 src/main.o
 .debug_macro   0x00012fe6       0x88 src/main.o
 .debug_macro   0x0001306e       0x7c src/main.o
 .debug_macro   0x000130ea       0x52 src/main.o
 .debug_macro   0x0001313c      0x133 src/main.o
 .debug_macro   0x0001326f      0x133 src/main.o
 .debug_macro   0x000133a2      0x133 src/main.o
 .debug_macro   0x000134d5       0x76 src/main.o
 .debug_macro   0x0001354b       0x76 src/main.o
 .debug_macro   0x000135c1      0x2fe src/main.o
 .debug_macro   0x000138bf       0xca src/main.o
 .debug_macro   0x00013989       0xca src/main.o
 .debug_macro   0x00013a53       0xca src/main.o
 .debug_macro   0x00013b1d      0x13b src/main.o
 .debug_macro   0x00013c58      0x13b src/main.o
 .debug_macro   0x00013d93      0x2cd src/main.o
 .debug_macro   0x00014060       0xbe src/main.o
 .debug_macro   0x0001411e       0x64 src/main.o
 .debug_macro   0x00014182       0x46 src/main.o
 .debug_macro   0x000141c8       0x64 src/main.o
 .debug_macro   0x0001422c       0xa6 src/main.o
 .debug_macro   0x000142d2      0x4b7 src/main.o
 .debug_macro   0x00014789      0x133 src/main.o
 .debug_macro   0x000148bc       0x52 src/main.o
 .debug_macro   0x0001490e      0x2fe src/main.o
 .debug_macro   0x00014c0c       0x76 src/main.o
 .debug_macro   0x00014c82       0xbe src/main.o
 .debug_macro   0x00014d40       0x70 src/main.o
 .debug_macro   0x00014db0       0x34 src/main.o
 .debug_macro   0x00014de4      0x9b8 src/main.o