Archive member included to satisfy reference by file (symbol)

c:/program files (x86)/atmel/studio/7.0/toolchain/arm/arm-gnu-toolchain/bin/../lib/gcc/arm-none-eabi/6.3.1/../../../../arm-none-eabi/lib/thumb/v7e-m\libc.a(lib_a-exit.o)
                              c:/program files (x86)/atmel/studio/7.0/toolchain/arm/arm-gnu-toolchain/bin/../lib/gcc/arm-none-eabi/6.3.1/../../../../arm-none-eabi/lib/thumb/v7e-m/crt0.o (exit)
c:/program files (x86)/atmel/studio/7.0/toolchain/arm/arm-gnu-toolchain/bin/../lib/gcc/arm-none-eabi/6.3.1/../../../../arm-none-eabi/lib/thumb/v7e-m\libc.a(lib_a-impure.o)
                              c:/program files (x86)/atmel/studio/7.0/toolchain/arm/arm-gnu-toolchain/bin/../lib/gcc/arm-none-eabi/6.3.1/../../../../arm-none-eabi/lib/thumb/v7e-m\libc.a(lib_a-exit.o) (_global_impure_ptr)
c:/program files (x86)/atmel/studio/7.0/toolchain/arm/arm-gnu-toolchain/bin/../lib/gcc/arm-none-eabi/6.3.1/../../../../arm-none-eabi/lib/thumb/v7e-m\libc.a(lib_a-init.o)
                              c:/program files (x86)/atmel/studio/7.0/toolchain/arm/arm-gnu-toolchain/bin/../lib/gcc/arm-none-eabi/6.3.1/../../../../arm-none-eabi/lib/thumb/v7e-m/crt0.o (__libc_init_array)
c:/program files (x86)/atmel/studio/7.0/toolchain/arm/arm-gnu-toolchain/bin/../lib/gcc/arm-none-eabi/6.3.1/../../../../arm-none-eabi/lib/thumb/v7e-m\libc.a(lib_a-memset.o)
                              c:/program files (x86)/atmel/studio/7.0/toolchain/arm/arm-gnu-toolchain/bin/../lib/gcc/arm-none-eabi/6.3.1/../../../../arm-none-eabi/lib/thumb/v7e-m/crt0.o (memset)
c:/program files (x86)/atmel/studio/7.0/toolchain/arm/arm-gnu-toolchain/bin/../lib/gcc/arm-none-eabi/6.3.1/../../../../arm-none-eabi/lib/thumb/v7e-m\libc.a(lib_a-sprintf.o)
                              src/main.o (sprintf)
c:/program files (x86)/atmel/studio/7.0/toolchain/arm/arm-gnu-toolchain/bin/../lib/gcc/arm-none-eabi/6.3.1/../../../../arm-none-eabi/lib/thumb/v7e-m\libc.a(lib_a-svfprintf.o)
                              c:/program files (x86)/atmel/studio/7.0/toolchain/arm/arm-gnu-toolchain/bin/../lib/gcc/arm-none-eabi/6.3.1/../../../../arm-none-eabi/lib/thumb/v7e-m\libc.a(lib_a-sprintf.o) (_svfprintf_r)
c:/program files (x86)/atmel/studio/7.0/toolchain/arm/arm-gnu-toolchain/bin/../lib/gcc/arm-none-eabi/6.3.1/../../../../arm-none-eabi/lib/thumb/v7e-m\libc.a(lib_a-__call_atexit.o)
                              c:/program files (x86)/atmel/studio/7.0/toolchain/arm/arm-gnu-toolchain/bin/../lib/gcc/arm-none-eabi/6.3.1/../../../../arm-none-eabi/lib/thumb/v7e-m\libc.a(lib_a-exit.o) (__call_exitprocs)
c:/program files (x86)/atmel/studio/7.0/toolchain/arm/arm-gnu-toolchain/bin/../lib/gcc/arm-none-eabi/6.3.1/../../../../arm-none-eabi/lib/thumb/v7e-m\libc.a(lib_a-atexit.o)
                              c:/program files (x86)/atmel/studio/7.0/toolchain/arm/arm-gnu-toolchain/bin/../lib/gcc/arm-none-eabi/6.3.1/../../../../arm-none-eabi/lib/thumb/v7e-m\libc.a(lib_a-__call_atexit.o) (atexit)
c:/program files (x86)/atmel/studio/7.0/toolchain/arm/arm-gnu-toolchain/bin/../lib/gcc/arm-none-eabi/6.3.1/../../../../arm-none-eabi/lib/thumb/v7e-m\libc.a(lib_a-dtoa.o)
                              c:/program files (x86)/atmel/studio/7.0/toolchain/arm/arm-gnu-toolchain/bin/../lib/gcc/arm-none-eabi/6.3.1/../../../../arm-none-eabi/lib/thumb/v7e-m\libc.a(lib_a-svfprintf.o) (_dtoa_r)
c:/program files (x86)/atmel/studio/7.0/toolchain/arm/arm-gnu-toolchain/bin/../lib/gcc/arm-none-eabi/6.3.1/../../../../arm-none-eabi/lib/thumb/v7e-m\libc.a(lib_a-fini.o)
                              c:/program files (x86)/atmel/studio/7.0/toolchain/arm/arm-gnu-toolchain/bin/../lib/gcc/arm-none-eabi/6.3.1/../../../../arm-none-eabi/lib/thumb/v7e-m\libc.a(lib_a-__call_atexit.o) (__libc_fini_array)
c:/program files (x86)/atmel/studio/7.0/toolchain/arm/arm-gnu-toolchain/bin/../lib/gcc/arm-none-eabi/6.3.1/../../../../arm-none-eabi/lib/thumb/v7e-m\libc.a(lib_a-localeconv.o)
                              c:/program files (x86)/atmel/studio/7.0/toolchain/arm/arm-gnu-toolchain/bin/../lib/gcc/arm-none-eabi/6.3.1/../../../../arm-none-eabi/lib/thumb/v7e-m\libc.a(lib_a-svfprintf.o) (_localeconv_r)
c:/program files (x86)/atmel/studio/7.0/toolchain/arm/arm-gnu-toolchain/bin/../lib/gcc/arm-none-eabi/6.3.1/../../../../arm-none-eabi/lib/thumb/v7e-m\libc.a(lib_a-lock.o)
                              c:/program files (x86)/atmel/studio/7.0/toolchain/arm/arm-gnu-toolchain/bin/../lib/gcc/arm-none-eabi/6.3.1/../../../../arm-none-eabi/lib/thumb/v7e-m\libc.a(lib_a-__call_atexit.o) (__retarget_lock_acquire_recursive)
c:/program files (x86)/atmel/studio/7.0/toolchain/arm/arm-gnu-toolchain/bin/../lib/gcc/arm-none-eabi/6.3.1/../../../../arm-none-eabi/lib/thumb/v7e-m\libc.a(lib_a-mallocr.o)
                              c:/program files (x86)/atmel/studio/7.0/toolchain/arm/arm-gnu-toolchain/bin/../lib/gcc/arm-none-eabi/6.3.1/../../../../arm-none-eabi/lib/thumb/v7e-m\libc.a(lib_a-svfprintf.o) (_malloc_r)
[...]
Memory Configuration

Name             Origin             Length             Attributes
rom              0x00400000         0x00200000         xr
ram              0x20400000         0x00060000         xrw
*default*        0x00000000         0xffffffff

Linker script and memory map

LOAD c:/program files (x86)/atmel/studio/7.0/toolchain/arm/arm-gnu-toolchain/bin/../lib/gcc/arm-none-eabi/6.3.1/thumb/v7e-m/crti.o
LOAD c:/program files (x86)/atmel/studio/7.0/toolchain/arm/arm-gnu-toolchain/bin/../lib/gcc/arm-none-eabi/6.3.1/thumb/v7e-m/crtbegin.o
LOAD c:/program files (x86)/atmel/studio/7.0/toolchain/arm/arm-gnu-toolchain/bin/../lib/gcc/arm-none-eabi/6.3.1/../../../../arm-none-eabi/lib/thumb/v7e-m/crt0.o
LOAD src/main.o
LOAD src/ASF/common/services/delay/sam/cycle_counter.o
LOAD src/ASF/common/services/spi/sam_spi/spi_master.o
LOAD src/ASF/sam/components/display/ili9488/ili9488.o
LOAD src/ASF/sam/drivers/spi/spi.o
LOAD src/ASF/common/services/clock/same70/sysclk.o
LOAD src/ASF/common/utils/interrupt/interrupt_sam_nvic.o
LOAD src/ASF/sam/boards/same70_xplained/init.o
LOAD src/ASF/sam/drivers/mpu/mpu.o
LOAD src/ASF/sam/drivers/pio/pio.o
LOAD src/ASF/sam/drivers/pio/pio_handler.o
LOAD src/ASF/sam/drivers/pmc/pmc.o
LOAD src/ASF/sam/drivers/pmc/sleep.o
LOAD src/ASF/sam/utils/cmsis/same70/source/templates/gcc/startup_same70.o
LOAD src/ASF/sam/utils/cmsis/same70/source/templates/system_same70.o
LOAD src/ASF/sam/utils/syscalls/gcc/syscalls.o
START GROUP
LOAD ../src/ASF/thirdparty/CMSIS/Lib/GCC\libarm_cortexM7lfsp_math_softfp.a
LOAD c:/program files (x86)/atmel/studio/7.0/toolchain/arm/arm-gnu-toolchain/bin/../lib/gcc/arm-none-eabi/6.3.1/../../../../arm-none-eabi/lib/thumb/v7e-m\libm.a
END GROUP
START GROUP
LOAD c:/program files (x86)/atmel/studio/7.0/toolchain/arm/arm-gnu-toolchain/bin/../lib/gcc/arm-none-eabi/6.3.1/thumb/v7e-m\libgcc.a
LOAD c:/program files (x86)/atmel/studio/7.0/toolchain/arm/arm-gnu-toolchain/bin/../lib/gcc/arm-none-eabi/6.3.1/../../../../arm-none-eabi/lib/thumb/v7e-m\libc.a
END GROUP
LOAD c:/program files (x86)/atmel/studio/7.0/toolchain/arm/arm-gnu-toolchain/bin/../lib/gcc/arm-none-eabi/6.3.1/thumb/v7e-m/crtend.o
LOAD c:/program files (x86)/atmel/studio/7.0/toolchain/arm/arm-gnu-toolchain/bin/../lib/gcc/arm-none-eabi/6.3.1/thumb/v7e-m/crtn.o
                0x00002000                STACK_SIZE = DEFINED (STACK_SIZE)?STACK_SIZE:0x2000
                0x2045fffc                __ram_end__ = ((ORIGIN (ram) + LENGTH (ram)) - 0x4)
                0x00000200                HEAP_SIZE = DEFINED (HEAP_SIZE)?HEAP_SIZE:0x200

.text           0x00400000    0x362cc
                0x00400000                . = ALIGN (0x4)
                0x00400000                _sfixed = .
 *(.vectors .vectors.*)
 .vectors       0x00400000      0x168 src/ASF/sam/utils/cmsis/same70/source/templates/gcc/startup_same70.o
                0x00400000                exception_table
 *(.text .text.* .gnu.linkonce.t.*)
 .text          0x00400168       0x6c c:/program files (x86)/atmel/studio/7.0/toolchain/arm/arm-gnu-toolchain/bin/../lib/gcc/arm-none-eabi/6.3.1/thumb/v7e-m/crtbegin.o
 .text.configure_lcd
                0x004001d4       0x4c src/main.o
                0x004001d4                configure_lcd
 .text.font_draw_text
                0x00400220       0x88 src/main.o
                0x00400220                font_draw_text
 .text.main     0x004002a8       0x68 src/main.o
                0x004002a8                main
 .text.osc_get_rate
                0x00400310       0x74 src/ASF/common/services/spi/sam_spi/spi_master.o
 .text.sysclk_get_main_hz
                0x00400384       0x20 src/ASF/common/services/spi/sam_spi/spi_master.o
 .text.sysclk_get_peripheral_hz
                0x004003a4       0x14 src/ASF/common/services/spi/sam_spi/spi_master.o
 .text.spi_reset
                0x004003b8       0x1a src/ASF/common/services/spi/sam_spi/spi_master.o
 .text.spi_set_master_mode
                0x004003d2       0x20 src/ASF/common/services/spi/sam_spi/spi_master.o
 .text.spi_set_fixed_peripheral_select
                0x004003f2       0x20 src/ASF/common/services/spi/sam_spi/spi_master.o
 .text.spi_disable_peripheral_select_decode
                0x00400412       0x20 src/ASF/common/services/spi/sam_spi/spi_master.o
 .text.spi_get_peripheral_select_decode_setting
                0x00400432       0x26 src/ASF/common/services/spi/sam_spi/spi_master.o
 .text.spi_disable_mode_fault_detect
                0x00400458       0x20 src/ASF/common/services/spi/sam_spi/spi_master.o
 .text.spi_disable_loopback
                0x00400478       0x20 src/ASF/common/services/spi/sam_spi/spi_master.o
 .text.spi_put  0x00400498       0x1e src/ASF/common/services/spi/sam_spi/spi_master.o
 .text.spi_get  0x004004b6       0x1a src/ASF/common/services/spi/sam_spi/spi_master.o
 .text.spi_is_tx_ready
                0x004004d0       0x26 src/ASF/common/services/spi/sam_spi/spi_master.o
 .text.spi_is_rx_ready
                0x004004f6       0x2c src/ASF/common/services/spi/sam_spi/spi_master.o
 *fill*         0x00400522        0x2 
 .text.spi_write_single
                0x00400524       0x24 src/ASF/common/services/spi/sam_spi/spi_master.o
 .text.spi_read_single
                0x00400548       0x24 src/ASF/common/services/spi/sam_spi/spi_master.o
 .text.spi_master_init
                0x0040056c       0x70 src/ASF/common/services/spi/sam_spi/spi_master.o
                0x0040056c                spi_master_init
 .text.spi_master_setup_device
                0x004005dc       0xb4 src/ASF/common/services/spi/sam_spi/spi_master.o
                0x004005dc                spi_master_setup_device
 .text.spi_select_device
                0x00400690       0x58 src/ASF/common/services/spi/sam_spi/spi_master.o
                0x00400690                spi_select_device
 .text.spi_write_packet
                0x004006e8       0x74 src/ASF/common/services/spi/sam_spi/spi_master.o
                0x004006e8                spi_write_packet
 .text.spi_read_packet
                0x0040075c       0xac src/ASF/common/services/spi/sam_spi/spi_master.o
                0x0040075c                spi_read_packet
 .text.spi_enable
                0x00400808       0x1a src/ASF/sam/components/display/ili9488/ili9488.o
 .text.spi_enable_interrupt
                0x00400822       0x1c src/ASF/sam/components/display/ili9488/ili9488.o
 *fill*         0x0040083e        0x2 
 .text.ili9488_write_ram_prepare
                0x00400840       0x40 src/ASF/sam/components/display/ili9488/ili9488.o
 .text.ili9488_write_ram_buffer
                0x00400880       0x40 src/ASF/sam/components/display/ili9488/ili9488.o
 .text.ili9488_write_register
                0x004008c0       0x78 src/ASF/sam/components/display/ili9488/ili9488.o
 .text.ili9488_read_chipid
                0x00400938       0xcc src/ASF/sam/components/display/ili9488/ili9488.o
 .text.ili9488_delay
                0x00400a04       0x40 src/ASF/sam/components/display/ili9488/ili9488.o
                0x00400a04                ili9488_delay
 .text.ili9488_check_box_coordinates
                0x00400a44       0xa2 src/ASF/sam/components/display/ili9488/ili9488.o
 *fill*         0x00400ae6        0x2 
 .text.ili9488_set_display_direction
                0x00400ae8       0x34 src/ASF/sam/components/display/ili9488/ili9488.o
                0x00400ae8                ili9488_set_display_direction
 .text.ili9488_set_window
                0x00400b1c       0xc8 src/ASF/sam/components/display/ili9488/ili9488.o
                0x00400b1c                ili9488_set_window
 .text.ili9488_init
                0x00400be4      0x15c src/ASF/sam/components/display/ili9488/ili9488.o
                0x00400be4                ili9488_init
 .text.ili9488_display_on
                0x00400d40       0x18 src/ASF/sam/components/display/ili9488/ili9488.o
                0x00400d40                ili9488_display_on
 .text.ili9488_set_foreground_color
                0x00400d58       0x54 src/ASF/sam/components/display/ili9488/ili9488.o
                0x00400d58                ili9488_set_foreground_color
 .text.ili9488_set_cursor_position
                0x00400dac       0x84 src/ASF/sam/components/display/ili9488/ili9488.o
                0x00400dac                ili9488_set_cursor_position
 .text.ili9488_draw_filled_rectangle
                0x00400e30       0xdc src/ASF/sam/components/display/ili9488/ili9488.o
                0x00400e30                ili9488_draw_filled_rectangle
 .text.ili9488_draw_pixmap
                0x00400f0c       0xb4 src/ASF/sam/components/display/ili9488/ili9488.o
                0x00400f0c                ili9488_draw_pixmap
 .text.spi_get_peripheral_select_mode
                0x00400fc0       0x26 src/ASF/sam/drivers/spi/spi.o
 *fill*         0x00400fe6        0x2 
 .text.sysclk_enable_peripheral_clock
                0x00400fe8       0x1c src/ASF/sam/drivers/spi/spi.o
 .text.spi_enable_clock
                0x00401004       0x3c src/ASF/sam/drivers/spi/spi.o
                0x00401004                spi_enable_clock
 .text.spi_set_peripheral_chip_select_value
                0x00401040       0x34 src/ASF/sam/drivers/spi/spi.o
                0x00401040                spi_set_peripheral_chip_select_value
 .text.spi_set_delay_between_chip_select
                0x00401074       0x30 src/ASF/sam/drivers/spi/spi.o
                0x00401074                spi_set_delay_between_chip_select
 .text.spi_write
                0x004010a4       0x80 src/ASF/sam/drivers/spi/spi.o
                0x004010a4                spi_write
 .text.spi_set_clock_polarity
                0x00401124       0x50 src/ASF/sam/drivers/spi/spi.o
                0x00401124                spi_set_clock_polarity
 .text.spi_set_clock_phase
                0x00401174       0x50 src/ASF/sam/drivers/spi/spi.o
                0x00401174                spi_set_clock_phase
 .text.spi_configure_cs_behavior
                0x004011c4       0xa6 src/ASF/sam/drivers/spi/spi.o
                0x004011c4                spi_configure_cs_behavior
 .text.spi_set_bits_per_transfer
                0x0040126a       0x4a src/ASF/sam/drivers/spi/spi.o
                0x0040126a                spi_set_bits_per_transfer
 .text.spi_calc_baudrate_div
                0x004012b4       0x3c src/ASF/sam/drivers/spi/spi.o
                0x004012b4                spi_calc_baudrate_div
 .text.spi_set_baudrate_div
                0x004012f0       0x5e src/ASF/sam/drivers/spi/spi.o
                0x004012f0                spi_set_baudrate_div
 .text.spi_set_transfer_delay
                0x0040134e       0x5e src/ASF/sam/drivers/spi/spi.o
                0x0040134e                spi_set_transfer_delay
 .text.osc_enable
                0x004013ac       0x88 src/ASF/common/services/clock/same70/sysclk.o
 .text.osc_is_ready
                0x00401434       0x70 src/ASF/common/services/clock/same70/sysclk.o
 .text.osc_get_rate
                0x004014a4       0x74 src/ASF/common/services/clock/same70/sysclk.o
 .text.osc_wait_ready
                0x00401518       0x2c src/ASF/common/services/clock/same70/sysclk.o
 .text.pll_config_init
                0x00401544       0x6c src/ASF/common/services/clock/same70/sysclk.o
 .text.pll_enable
                0x004015b0       0x40 src/ASF/common/services/clock/same70/sysclk.o
 .text.pll_is_locked
                0x004015f0       0x2c src/ASF/common/services/clock/same70/sysclk.o
 .text.pll_enable_source
                0x0040161c       0x38 src/ASF/common/services/clock/same70/sysclk.o
 .text.pll_wait_for_lock
                0x00401654       0x24 src/ASF/common/services/clock/same70/sysclk.o
 .text.sysclk_get_main_hz
                0x00401678       0x20 src/ASF/common/services/clock/same70/sysclk.o
 .text.sysclk_get_cpu_hz
                0x00401698       0x14 src/ASF/common/services/clock/same70/sysclk.o
 .text.sysclk_init
                0x004016ac       0x7c src/ASF/common/services/clock/same70/sysclk.o
                0x004016ac                sysclk_init
 .text.SCB_EnableICache
                0x00401728       0x38 src/ASF/sam/boards/same70_xplained/init.o
 .text.SCB_EnableDCache
                0x00401760       0xa4 src/ASF/sam/boards/same70_xplained/init.o
 .text.sysclk_enable_peripheral_clock
                0x00401804       0x1c src/ASF/sam/boards/same70_xplained/init.o
 .text.ioport_init
                0x00401820       0x2c src/ASF/sam/boards/same70_xplained/init.o
 .text.ioport_set_pin_mode
                0x0040184c      0x11c src/ASF/sam/boards/same70_xplained/init.o
 .text.ioport_set_pin_dir
                0x00401968       0x88 src/ASF/sam/boards/same70_xplained/init.o
 .text.ioport_set_pin_level
                0x004019f0       0x6c src/ASF/sam/boards/same70_xplained/init.o
 .text.ioport_set_pin_sense_mode
                0x00401a5c       0xd0 src/ASF/sam/boards/same70_xplained/init.o
 .text.tcm_disable
                0x00401b2c       0x44 src/ASF/sam/boards/same70_xplained/init.o
 .text.board_init
                0x00401b70      0x188 src/ASF/sam/boards/same70_xplained/init.o
                0x00401b70                board_init
 .text.pio_pull_up
                0x00401cf8       0x2c src/ASF/sam/drivers/pio/pio.o
                0x00401cf8                pio_pull_up
 .text.pio_set  0x00401d24       0x1c src/ASF/sam/drivers/pio/pio.o
                0x00401d24                pio_set
 .text.pio_set_peripheral
                0x00401d40      0x110 src/ASF/sam/drivers/pio/pio.o
                0x00401d40                pio_set_peripheral
 .text.pio_set_input
                0x00401e50       0x80 src/ASF/sam/drivers/pio/pio.o
                0x00401e50                pio_set_input
 .text.pio_set_output
                0x00401ed0       0x64 src/ASF/sam/drivers/pio/pio.o
                0x00401ed0                pio_set_output
 .text.pio_configure
                0x00401f34       0xcc src/ASF/sam/drivers/pio/pio.o
                0x00401f34                pio_configure
 .text.pio_disable_interrupt
                0x00402000       0x1c src/ASF/sam/drivers/pio/pio.o
                0x00402000                pio_disable_interrupt
 .text.pio_get_interrupt_status
                0x0040201c       0x18 src/ASF/sam/drivers/pio/pio.o
                0x0040201c                pio_get_interrupt_status
 .text.pio_get_interrupt_mask
                0x00402034       0x18 src/ASF/sam/drivers/pio/pio.o
                0x00402034                pio_get_interrupt_mask
 .text.pio_set_pin_high
                0x0040204c       0x30 src/ASF/sam/drivers/pio/pio.o
                0x0040204c                pio_set_pin_high
 .text.pio_set_pin_low
                0x0040207c       0x30 src/ASF/sam/drivers/pio/pio.o
                0x0040207c                pio_set_pin_low
 .text.pio_configure_pin
                0x004020ac      0x1b0 src/ASF/sam/drivers/pio/pio.o
                0x004020ac                pio_configure_pin
 .text.pio_get_pin_group
                0x0040225c       0x28 src/ASF/sam/drivers/pio/pio.o
                0x0040225c                pio_get_pin_group
 .text.pio_handler_process
                0x00402284       0xb4 src/ASF/sam/drivers/pio/pio_handler.o
                0x00402284                pio_handler_process
 .text.PIOA_Handler
                0x00402338       0x18 src/ASF/sam/drivers/pio/pio_handler.o
                0x00402338                PIOA_Handler
 .text.PIOB_Handler
                0x00402350       0x18 src/ASF/sam/drivers/pio/pio_handler.o
                0x00402350                PIOB_Handler
 .text.PIOC_Handler
                0x00402368       0x18 src/ASF/sam/drivers/pio/pio_handler.o
                0x00402368                PIOC_Handler
 .text.PIOD_Handler
                0x00402380       0x18 src/ASF/sam/drivers/pio/pio_handler.o
                0x00402380                PIOD_Handler
 .text.PIOE_Handler
                0x00402398       0x18 src/ASF/sam/drivers/pio/pio_handler.o
                0x00402398                PIOE_Handler
 .text.pmc_mck_set_division
                0x004023b0       0x7c src/ASF/sam/drivers/pmc/pmc.o
                0x004023b0                pmc_mck_set_division
 .text.pmc_switch_mck_to_pllack
                0x0040242c       0x84 src/ASF/sam/drivers/pmc/pmc.o
                0x0040242c                pmc_switch_mck_to_pllack
 .text.pmc_switch_sclk_to_32kxtal
                0x004024b0       0x38 src/ASF/sam/drivers/pmc/pmc.o
                0x004024b0                pmc_switch_sclk_to_32kxtal
 .text.pmc_osc_is_ready_32kxtal
                0x004024e8       0x34 src/ASF/sam/drivers/pmc/pmc.o
                0x004024e8                pmc_osc_is_ready_32kxtal
 .text.pmc_switch_mainck_to_fastrc
                0x0040251c       0x70 src/ASF/sam/drivers/pmc/pmc.o
                0x0040251c                pmc_switch_mainck_to_fastrc
 .text.pmc_switch_mainck_to_xtal
                0x0040258c       0x78 src/ASF/sam/drivers/pmc/pmc.o
                0x0040258c                pmc_switch_mainck_to_xtal
 .text.pmc_osc_is_ready_mainck
                0x00402604       0x1c src/ASF/sam/drivers/pmc/pmc.o
                0x00402604                pmc_osc_is_ready_mainck
 .text.pmc_disable_pllack
                0x00402620       0x1c src/ASF/sam/drivers/pmc/pmc.o
                0x00402620                pmc_disable_pllack
 .text.pmc_is_locked_pllack
                0x0040263c       0x1c src/ASF/sam/drivers/pmc/pmc.o
                0x0040263c                pmc_is_locked_pllack
 .text.pmc_is_locked_upll
                0x00402658       0x1c src/ASF/sam/drivers/pmc/pmc.o
                0x00402658                pmc_is_locked_upll
 .text.pmc_enable_periph_clk
                0x00402674       0x3c src/ASF/sam/drivers/pmc/pmc.o
                0x00402674                pmc_enable_periph_clk
 .text.cpu_irq_save
                0x004026b0       0x38 src/ASF/sam/utils/cmsis/same70/source/templates/gcc/startup_same70.o
 .text.cpu_irq_is_enabled_flags
                0x004026e8       0x20 src/ASF/sam/utils/cmsis/same70/source/templates/gcc/startup_same70.o
 .text.cpu_irq_restore
                0x00402708       0x30 src/ASF/sam/utils/cmsis/same70/source/templates/gcc/startup_same70.o
 .text.Reset_Handler
                0x00402738       0xb0 src/ASF/sam/utils/cmsis/same70/source/templates/gcc/startup_same70.o
                0x00402738                Reset_Handler
 .text.Dummy_Handler
                0x004027e8        0x6 src/ASF/sam/utils/cmsis/same70/source/templates/gcc/startup_same70.o
                0x004027e8                DACC_Handler
                0x004027e8                DebugMon_Handler
                0x004027e8                UART3_Handler
                0x004027e8                UART2_Handler
                0x004027e8                TRNG_Handler
                0x004027e8                HardFault_Handler
                0x004027e8                TC2_Handler
                0x004027e8                SysTick_Handler
                0x004027e8                AFEC1_Handler
                0x004027e8                PendSV_Handler
                0x004027e8                NMI_Handler
                0x004027e8                TC7_Handler
                0x004027e8                QSPI_Handler
                0x004027e8                ISI_Handler
                0x004027e8                MCAN0_INT0_Handler
                0x004027e8                TC9_Handler
                0x004027e8                RSWDT_Handler
                0x004027e8                USART0_Handler
                0x004027e8                RTT_Handler
                0x004027e8                USBHS_Handler
                0x004027e8                IXC_Handler
                0x004027e8                CCF_Handler
                0x004027e8                RTC_Handler
                0x004027e8                UsageFault_Handler
                0x004027e8                TC6_Handler
                0x004027e8                WDT_Handler
                0x004027e8                MCAN1_INT1_Handler
                0x004027e8                TC4_Handler
                0x004027e8                TC1_Handler
                0x004027e8                HSMCI_Handler
                0x004027e8                UART1_Handler
                0x004027e8                TC3_Handler
                0x004027e8                Dummy_Handler
                0x004027e8                TWIHS1_Handler
                0x004027e8                XDMAC_Handler
                0x004027e8                UART4_Handler
                0x004027e8                PWM1_Handler
                0x004027e8                USART1_Handler
                0x004027e8                PWM0_Handler
                0x004027e8                AFEC0_Handler
                0x004027e8                CCW_Handler
                0x004027e8                TC11_Handler
                0x004027e8                SSC_Handler
                0x004027e8                ACC_Handler
                0x004027e8                PMC_Handler
                0x004027e8                GMAC_Handler
                0x004027e8                MCAN0_INT1_Handler
                0x004027e8                GMAC_Q5_Handler
                0x004027e8                MemManage_Handler
                0x004027e8                SUPC_Handler
                0x004027e8                SVC_Handler
                0x004027e8                TC8_Handler
                0x004027e8                MCAN1_INT0_Handler
                0x004027e8                EFC_Handler
                0x004027e8                GMAC_Q1_Handler
                0x004027e8                USART2_Handler
                0x004027e8                SDRAMC_Handler
                0x004027e8                GMAC_Q2_Handler
                0x004027e8                SPI1_Handler
                0x004027e8                TC10_Handler
                0x004027e8                GMAC_Q3_Handler
                0x004027e8                TWIHS2_Handler
                0x004027e8                I2SC0_Handler
                0x004027e8                UART0_Handler
                0x004027e8                I2SC1_Handler
                0x004027e8                GMAC_Q4_Handler
                0x004027e8                FPU_Handler
                0x004027e8                BusFault_Handler
                0x004027e8                RSTC_Handler
                0x004027e8                TC0_Handler
                0x004027e8                TC5_Handler
                0x004027e8                AES_Handler
                0x004027e8                ICM_Handler
                0x004027e8                TWIHS0_Handler
                0x004027e8                SPI0_Handler
 *fill*         0x004027ee        0x2 
 .text.SystemCoreClockUpdate
                0x004027f0      0x168 src/ASF/sam/utils/cmsis/same70/source/templates/system_same70.o
                0x004027f0                SystemCoreClockUpdate
 .text.system_init_flash
                0x00402958       0xb0 src/ASF/sam/utils/cmsis/same70/source/templates/system_same70.o
                0x00402958                system_init_flash
 .text._sbrk    0x00402a08       0x58 src/ASF/sam/utils/syscalls/gcc/syscalls.o
                0x00402a08                _sbrk
 .text.__libc_init_array
                0x00402a60       0x50 c:/program files (x86)/atmel/studio/7.0/toolchain/arm/arm-gnu-toolchain/bin/../lib/gcc/arm-none-eabi/6.3.1/../../../../arm-none-eabi/lib/thumb/v7e-m\libc.a(lib_a-init.o)
                0x00402a60                __libc_init_array
 .text.memset   0x00402ab0       0x9c c:/program files (x86)/atmel/studio/7.0/toolchain/arm/arm-gnu-toolchain/bin/../lib/gcc/arm-none-eabi/6.3.1/../../../../arm-none-eabi/lib/thumb/v7e-m\libc.a(lib_a-memset.o)
                0x00402ab0                memset
 .text.sprintf  0x00402b4c       0x4c c:/program files (x86)/atmel/studio/7.0/toolchain/arm/arm-gnu-toolchain/bin/../lib/gcc/arm-none-eabi/6.3.1/../../../../arm-none-eabi/lib/thumb/v7e-m\libc.a(lib_a-sprintf.o)
                0x00402b4c                sprintf
 .text._svfprintf_r
                0x00402b98     0x145c c:/program files (x86)/atmel/studio/7.0/toolchain/arm/arm-gnu-toolchain/bin/../lib/gcc/arm-none-eabi/6.3.1/../../../../arm-none-eabi/lib/thumb/v7e-m\libc.a(lib_a-svfprintf.o)
                0x00402b98                _svfprintf_r
 .text.startup.register_fini
                0x00403ff4       0x14 c:/program files (x86)/atmel/studio/7.0/toolchain/arm/arm-gnu-toolchain/bin/../lib/gcc/arm-none-eabi/6.3.1/../../../../arm-none-eabi/lib/thumb/v7e-m\libc.a(lib_a-__call_atexit.o)
 .text.atexit   0x00404008        0xc c:/program files (x86)/atmel/studio/7.0/toolchain/arm/arm-gnu-toolchain/bin/../lib/gcc/arm-none-eabi/6.3.1/../../../../arm-none-eabi/lib/thumb/v7e-m\libc.a(lib_a-atexit.o)
                0x00404008                atexit
 .text.quorem   0x00404014      0x128 c:/program files (x86)/atmel/studio/7.0/toolchain/arm/arm-gnu-toolchain/bin/../lib/gcc/arm-none-eabi/6.3.1/../../../../arm-none-eabi/lib/thumb/v7e-m\libc.a(lib_a-dtoa.o)
 *fill*         0x0040413c        0x4 
 .text._dtoa_r  0x00404140      0xe54 c:/program files (x86)/atmel/studio/7.0/toolchain/arm/arm-gnu-toolchain/bin/../lib/gcc/arm-none-eabi/6.3.1/../../../../arm-none-eabi/lib/thumb/v7e-m\libc.a(lib_a-dtoa.o)
                0x00404140                _dtoa_r
 .text.__libc_fini_array
                0x00404f94       0x34 c:/program files (x86)/atmel/studio/7.0/toolchain/arm/arm-gnu-toolchain/bin/../lib/gcc/arm-none-eabi/6.3.1/../../../../arm-none-eabi/lib/thumb/v7e-m\libc.a(lib_a-fini.o)
                0x00404f94                __libc_fini_array
 .text._localeconv_r
                0x00404fc8       0x1c c:/program files (x86)/atmel/studio/7.0/toolchain/arm/arm-gnu-toolchain/bin/../lib/gcc/arm-none-eabi/6.3.1/../../../../arm-none-eabi/lib/thumb/v7e-m\libc.a(lib_a-localeconv.o)
                0x00404fc8                _localeconv_r
 .text.__retarget_lock_acquire_recursive
                0x00404fe4        0x4 c:/program files (x86)/atmel/studio/7.0/toolchain/arm/arm-gnu-toolchain/bin/../lib/gcc/arm-none-eabi/6.3.1/../../../../arm-none-eabi/lib/thumb/v7e-m\libc.a(lib_a-lock.o)
                0x00404fe4                __retarget_lock_acquire_recursive
 .text.__retarget_lock_release_recursive
                0x00404fe8        0x4 c:/program files (x86)/atmel/studio/7.0/toolchain/arm/arm-gnu-toolchain/bin/../lib/gcc/arm-none-eabi/6.3.1/../../../../arm-none-eabi/lib/thumb/v7e-m\libc.a(lib_a-lock.o)
                0x00404fe8                __retarget_lock_release_recursive
 .text._malloc_r
                0x00404fec      0x560 c:/program files (x86)/atmel/studio/7.0/toolchain/arm/arm-gnu-toolchain/bin/../lib/gcc/arm-none-eabi/6.3.1/../../../../arm-none-eabi/lib/thumb/v7e-m\libc.a(lib_a-mallocr.o)
                0x00404fec                _malloc_r
 *fill*         0x0040554c        0x4 
 .text          0x00405550       0xa0 c:/program files (x86)/atmel/studio/7.0/toolchain/arm/arm-gnu-toolchain/bin/../lib/gcc/arm-none-eabi/6.3.1/../../../../arm-none-eabi/lib/thumb/v7e-m\libc.a(lib_a-memchr.o)
                0x00405550                memchr
 .text          0x004055f0      0x134 c:/program files (x86)/atmel/studio/7.0/toolchain/arm/arm-gnu-toolchain/bin/../lib/gcc/arm-none-eabi/6.3.1/../../../../arm-none-eabi/lib/thumb/v7e-m\libc.a(lib_a-memcpy.o)
                0x004055f0                memcpy
 .text.__malloc_lock
                0x00405724        0xc c:/program files (x86)/atmel/studio/7.0/toolchain/arm/arm-gnu-toolchain/bin/../lib/gcc/arm-none-eabi/6.3.1/../../../../arm-none-eabi/lib/thumb/v7e-m\libc.a(lib_a-mlock.o)
                0x00405724                __malloc_lock
 .text.__malloc_unlock
                0x00405730        0xc c:/program files (x86)/atmel/studio/7.0/toolchain/arm/arm-gnu-toolchain/bin/../lib/gcc/arm-none-eabi/6.3.1/../../../../arm-none-eabi/lib/thumb/v7e-m\libc.a(lib_a-mlock.o)
                0x00405730                __malloc_unlock
 .text._Balloc  0x0040573c       0x4c c:/program files (x86)/atmel/studio/7.0/toolchain/arm/arm-gnu-toolchain/bin/../lib/gcc/arm-none-eabi/6.3.1/../../../../arm-none-eabi/lib/thumb/v7e-m\libc.a(lib_a-mprec.o)
                0x0040573c                _Balloc
 .text._Bfree   0x00405788       0x14 c:/program files (x86)/atmel/studio/7.0/toolchain/arm/arm-gnu-toolchain/bin/../lib/gcc/arm-none-eabi/6.3.1/../../../../arm-none-eabi/lib/thumb/v7e-m\libc.a(lib_a-mprec.o)
                0x00405788                _Bfree
 .text.__multadd
                0x0040579c       0x80 c:/program files (x86)/atmel/studio/7.0/toolchain/arm/arm-gnu-toolchain/bin/../lib/gcc/arm-none-eabi/6.3.1/../../../../arm-none-eabi/lib/thumb/v7e-m\libc.a(lib_a-mprec.o)
                0x0040579c                __multadd
 .text.__hi0bits
                0x0040581c       0x40 c:/program files (x86)/atmel/studio/7.0/toolchain/arm/arm-gnu-toolchain/bin/../lib/gcc/arm-none-eabi/6.3.1/../../../../arm-none-eabi/lib/thumb/v7e-m\libc.a(lib_a-mprec.o)
                0x0040581c                __hi0bits
 .text.__lo0bits
                0x0040585c       0x60 c:/program files (x86)/atmel/studio/7.0/toolchain/arm/arm-gnu-toolchain/bin/../lib/gcc/arm-none-eabi/6.3.1/../../../../arm-none-eabi/lib/thumb/v7e-m\libc.a(lib_a-mprec.o)
                0x0040585c                __lo0bits
 .text.__i2b    0x004058bc       0x14 c:/program files (x86)/atmel/studio/7.0/toolchain/arm/arm-gnu-toolchain/bin/../lib/gcc/arm-none-eabi/6.3.1/../../../../arm-none-eabi/lib/thumb/v7e-m\libc.a(lib_a-mprec.o)
                0x004058bc                __i2b
 .text.__multiply
                0x004058d0      0x124 c:/program files (x86)/atmel/studio/7.0/toolchain/arm/arm-gnu-toolchain/bin/../lib/gcc/arm-none-eabi/6.3.1/../../../../arm-none-eabi/lib/thumb/v7e-m\libc.a(lib_a-mprec.o)
                0x004058d0                __multiply
 .text.__pow5mult
                0x004059f4       0xa0 c:/program files (x86)/atmel/studio/7.0/toolchain/arm/arm-gnu-toolchain/bin/../lib/gcc/arm-none-eabi/6.3.1/../../../../arm-none-eabi/lib/thumb/v7e-m\libc.a(lib_a-mprec.o)
                0x004059f4                __pow5mult
 .text.__lshift
                0x00405a94       0xa4 c:/program files (x86)/atmel/studio/7.0/toolchain/arm/arm-gnu-toolchain/bin/../lib/gcc/arm-none-eabi/6.3.1/../../../../arm-none-eabi/lib/thumb/v7e-m\libc.a(lib_a-mprec.o)
                0x00405a94                __lshift
 .text.__mcmp   0x00405b38       0x38 c:/program files (x86)/atmel/studio/7.0/toolchain/arm/arm-gnu-toolchain/bin/../lib/gcc/arm-none-eabi/6.3.1/../../../../arm-none-eabi/lib/thumb/v7e-m\libc.a(lib_a-mprec.o)
                0x00405b38                __mcmp
 .text.__mdiff  0x00405b70      0x108 c:/program files (x86)/atmel/studio/7.0/toolchain/arm/arm-gnu-toolchain/bin/../lib/gcc/arm-none-eabi/6.3.1/../../../../arm-none-eabi/lib/thumb/v7e-m\libc.a(lib_a-mprec.o)
                0x00405b70                __mdiff
 .text.__d2b    0x00405c78       0xb8 c:/program files (x86)/atmel/studio/7.0/toolchain/arm/arm-gnu-toolchain/bin/../lib/gcc/arm-none-eabi/6.3.1/../../../../arm-none-eabi/lib/thumb/v7e-m\libc.a(lib_a-mprec.o)
                0x00405c78                __d2b
 .text._sbrk_r  0x00405d30       0x24 c:/program files (x86)/atmel/studio/7.0/toolchain/arm/arm-gnu-toolchain/bin/../lib/gcc/arm-none-eabi/6.3.1/../../../../arm-none-eabi/lib/thumb/v7e-m\libc.a(lib_a-sbrkr.o)
                0x00405d30                _sbrk_r
 *fill*         0x00405d54       0x2c 
 .text          0x00405d80       0xdc c:/program files (x86)/atmel/studio/7.0/toolchain/arm/arm-gnu-toolchain/bin/../lib/gcc/arm-none-eabi/6.3.1/../../../../arm-none-eabi/lib/thumb/v7e-m\libc.a(lib_a-strlen.o)
                0x00405d80                strlen
 .text.__ssprint_r
                0x00405e5c       0xfc c:/program files (x86)/atmel/studio/7.0/toolchain/arm/arm-gnu-toolchain/bin/../lib/gcc/arm-none-eabi/6.3.1/../../../../arm-none-eabi/lib/thumb/v7e-m\libc.a(lib_a-svfiprintf.o)
                0x00405e5c                __ssprint_r
 .text.__register_exitproc
                0x00405f58       0xc4 c:/program files (x86)/atmel/studio/7.0/toolchain/arm/arm-gnu-toolchain/bin/../lib/gcc/arm-none-eabi/6.3.1/../../../../arm-none-eabi/lib/thumb/v7e-m\libc.a(lib_a-__atexit.o)
                0x00405f58                __register_exitproc
 .text._calloc_r
                0x0040601c       0x60 c:/program files (x86)/atmel/studio/7.0/toolchain/arm/arm-gnu-toolchain/bin/../lib/gcc/arm-none-eabi/6.3.1/../../../../arm-none-eabi/lib/thumb/v7e-m\libc.a(lib_a-callocr.o)
                0x0040601c                _calloc_r
 .text._malloc_trim_r
                0x0040607c       0xa0 c:/program files (x86)/atmel/studio/7.0/toolchain/arm/arm-gnu-toolchain/bin/../lib/gcc/arm-none-eabi/6.3.1/../../../../arm-none-eabi/lib/thumb/v7e-m\libc.a(lib_a-freer.o)
                0x0040607c                _malloc_trim_r
 .text._free_r  0x0040611c      0x1cc c:/program files (x86)/atmel/studio/7.0/toolchain/arm/arm-gnu-toolchain/bin/../lib/gcc/arm-none-eabi/6.3.1/../../../../arm-none-eabi/lib/thumb/v7e-m\libc.a(lib_a-freer.o)
                0x0040611c                _free_r
 .text.__ascii_mbtowc
                0x004062e8       0x2c c:/program files (x86)/atmel/studio/7.0/toolchain/arm/arm-gnu-toolchain/bin/../lib/gcc/arm-none-eabi/6.3.1/../../../../arm-none-eabi/lib/thumb/v7e-m\libc.a(lib_a-mbtowc_r.o)
                0x004062e8                __ascii_mbtowc
 .text.memmove  0x00406314       0xc8 c:/program files (x86)/atmel/studio/7.0/toolchain/arm/arm-gnu-toolchain/bin/../lib/gcc/arm-none-eabi/6.3.1/../../../../arm-none-eabi/lib/thumb/v7e-m\libc.a(lib_a-memmove.o)
                0x00406314                memmove
 .text._realloc_r
                0x004063dc      0x34c c:/program files (x86)/atmel/studio/7.0/toolchain/arm/arm-gnu-toolchain/bin/../lib/gcc/arm-none-eabi/6.3.1/../../../../arm-none-eabi/lib/thumb/v7e-m\libc.a(lib_a-reallocr.o)
                0x004063dc                _realloc_r
 .text.__ascii_wctomb
                0x00406728       0x1c c:/program files (x86)/atmel/studio/7.0/toolchain/arm/arm-gnu-toolchain/bin/../lib/gcc/arm-none-eabi/6.3.1/../../../../arm-none-eabi/lib/thumb/v7e-m\libc.a(lib_a-wctomb_r.o)
                0x00406728                __ascii_wctomb
 .text          0x00406744      0x370 c:/program files (x86)/atmel/studio/7.0/toolchain/arm/arm-gnu-toolchain/bin/../lib/gcc/arm-none-eabi/6.3.1/thumb/v7e-m\libgcc.a(_arm_addsubdf3.o)
                0x00406744                __aeabi_drsub
                0x0040674c                __aeabi_dsub
                0x0040674c                __subdf3
                0x00406750                __aeabi_dadd
                0x00406750                __adddf3
                0x004069c8                __floatunsidf
                0x004069c8                __aeabi_ui2d
                0x004069e8                __floatsidf
                0x004069e8                __aeabi_i2d
                0x00406a0c                __aeabi_f2d
                0x00406a0c                __extendsfdf2
                0x00406a48                __floatundidf
                0x00406a48                __aeabi_ul2d
                0x00406a58                __floatdidf
                0x00406a58                __aeabi_l2d
 .text          0x00406ab4      0x424 c:/program files (x86)/atmel/studio/7.0/toolchain/arm/arm-gnu-toolchain/bin/../lib/gcc/arm-none-eabi/6.3.1/thumb/v7e-m\libgcc.a(_arm_muldivdf3.o)
                0x00406ab4                __aeabi_dmul
                0x00406ab4                __muldf3
                0x00406d08                __divdf3
                0x00406d08                __aeabi_ddiv
 .text          0x00406ed8      0x110 c:/program files (x86)/atmel/studio/7.0/toolchain/arm/arm-gnu-toolchain/bin/../lib/gcc/arm-none-eabi/6.3.1/thumb/v7e-m\libgcc.a(_arm_cmpdf2.o)
                0x00406ed8                __gtdf2
                0x00406ed8                __gedf2
                0x00406ee0                __ltdf2
                0x00406ee0                __ledf2
                0x00406ee8                __nedf2
                0x00406ee8                __eqdf2
                0x00406ee8                __cmpdf2
                0x00406f64                __aeabi_cdrcmple
                0x00406f74                __aeabi_cdcmpeq
                0x00406f74                __aeabi_cdcmple
                0x00406f84                __aeabi_dcmpeq
                0x00406f98                __aeabi_dcmplt
                0x00406fac                __aeabi_dcmple
                0x00406fc0                __aeabi_dcmpge
                0x00406fd4                __aeabi_dcmpgt
 .text          0x00406fe8       0x2c c:/program files (x86)/atmel/studio/7.0/toolchain/arm/arm-gnu-toolchain/bin/../lib/gcc/arm-none-eabi/6.3.1/thumb/v7e-m\libgcc.a(_arm_unorddf2.o)
                0x00406fe8                __unorddf2
                0x00406fe8                __aeabi_dcmpun
 .text          0x00407014       0x50 c:/program files (x86)/atmel/studio/7.0/toolchain/arm/arm-gnu-toolchain/bin/../lib/gcc/arm-none-eabi/6.3.1/thumb/v7e-m\libgcc.a(_arm_fixdfsi.o)
                0x00407014                __aeabi_d2iz
                0x00407014                __fixdfsi
 .text          0x00407064       0x30 c:/program files (x86)/atmel/studio/7.0/toolchain/arm/arm-gnu-toolchain/bin/../lib/gcc/arm-none-eabi/6.3.1/thumb/v7e-m\libgcc.a(_aeabi_uldivmod.o)
                0x00407064                __aeabi_uldivmod
 .text          0x00407094      0x2dc c:/program files (x86)/atmel/studio/7.0/toolchain/arm/arm-gnu-toolchain/bin/../lib/gcc/arm-none-eabi/6.3.1/thumb/v7e-m\libgcc.a(_udivmoddi4.o)
                0x00407094                __udivmoddi4
 .text          0x00407370        0x4 c:/program files (x86)/atmel/studio/7.0/toolchain/arm/arm-gnu-toolchain/bin/../lib/gcc/arm-none-eabi/6.3.1/thumb/v7e-m\libgcc.a(_dvmd_tls.o)
                0x00407370                __aeabi_idiv0
                0x00407370                __aeabi_ldiv0
 *(.glue_7t)
 .glue_7t       0x00407374        0x0 linker stubs
 *(.glue_7)
 .glue_7        0x00407374        0x0 linker stubs
 *(.rodata .rodata* .gnu.linkonce.r.*)
 .rodata.image_data_sourcecodepro_28_0x41
                0x00407374      0x138 src/main.o
 .rodata.sourcecodepro_28_0x41
                0x004074ac       0x10 src/main.o
 .rodata.image_data_sourcecodepro_28_0x42
                0x004074bc      0x138 src/main.o
 .rodata.sourcecodepro_28_0x42
                0x004075f4       0x10 src/main.o
 .rodata.image_data_sourcecodepro_28_0x43
                0x00407604      0x15f src/main.o
 *fill*         0x00407763        0x1 
 .rodata.sourcecodepro_28_0x43
                0x00407764       0x10 src/main.o
 .rodata.image_data_sourcecodepro_28_0x44
                0x00407774      0x186 src/main.o
 *fill*         0x004078fa        0x2 
 .rodata.sourcecodepro_28_0x44
                0x004078fc       0x10 src/main.o
 .rodata.image_data_sourcecodepro_28_0x45
                0x0040790c      0x138 src/main.o
 .rodata.sourcecodepro_28_0x45
                0x00407a44       0x10 src/main.o
 .rodata.image_data_sourcecodepro_28_0x46
                0x00407a54      0x111 src/main.o
 *fill*         0x00407b65        0x3 
 .rodata.sourcecodepro_28_0x46
                0x00407b68       0x10 src/main.o
 .rodata.image_data_sourcecodepro_28_0x47
                0x00407b78      0x15f src/main.o
 *fill*         0x00407cd7        0x1 
 .rodata.sourcecodepro_28_0x47
                0x00407cd8       0x10 src/main.o
 .rodata.image_data_sourcecodepro_28_0x48
                0x00407ce8      0x15f src/main.o
 *fill*         0x00407e47        0x1 
 .rodata.sourcecodepro_28_0x48
                0x00407e48       0x10 src/main.o
 .rodata.image_data_sourcecodepro_28_0x49
                0x00407e58       0x9c src/main.o
 .rodata.sourcecodepro_28_0x49
                0x00407ef4       0x10 src/main.o
 .rodata.image_data_sourcecodepro_28_0x4a
                0x00407f04       0xea src/main.o
 *fill*         0x00407fee        0x2 
 .rodata.sourcecodepro_28_0x4a
                0x00407ff0       0x10 src/main.o
 .rodata.image_data_sourcecodepro_28_0x4b
                0x00408000      0x138 src/main.o
 .rodata.sourcecodepro_28_0x4b
                0x00408138       0x10 src/main.o
 .rodata.image_data_sourcecodepro_28_0x4c
                0x00408148      0x111 src/main.o
 *fill*         0x00408259        0x3 
 .rodata.sourcecodepro_28_0x4c
                0x0040825c       0x10 src/main.o
 .rodata.image_data_sourcecodepro_28_0x4d
                0x0040826c      0x186 src/main.o
 *fill*         0x004083f2        0x2 
 .rodata.sourcecodepro_28_0x4d
                0x004083f4       0x10 src/main.o
 .rodata.image_data_sourcecodepro_28_0x4e
                0x00408404      0x15f src/main.o
 *fill*         0x00408563        0x1 
 .rodata.sourcecodepro_28_0x4e
                0x00408564       0x10 src/main.o
 .rodata.image_data_sourcecodepro_28_0x4f
                0x00408574      0x186 src/main.o
 *fill*         0x004086fa        0x2 
 .rodata.sourcecodepro_28_0x4f
                0x004086fc       0x10 src/main.o
 .rodata.image_data_sourcecodepro_28_0x50
                0x0040870c      0x138 src/main.o
 .rodata.sourcecodepro_28_0x50
                0x00408844       0x10 src/main.o
 .rodata.image_data_sourcecodepro_28_0x51
                0x00408854      0x186 src/main.o
 *fill*         0x004089da        0x2 
 .rodata.sourcecodepro_28_0x51
                0x004089dc       0x10 src/main.o
 .rodata.image_data_sourcecodepro_28_0x52
                0x004089ec      0x15f src/main.o
 *fill*         0x00408b4b        0x1 
 .rodata.sourcecodepro_28_0x52
                0x00408b4c       0x10 src/main.o
 .rodata.image_data_sourcecodepro_28_0x53
                0x00408b5c      0x138 src/main.o
 .rodata.sourcecodepro_28_0x53
                0x00408c94       0x10 src/main.o
 .rodata.image_data_sourcecodepro_28_0x54
                0x00408ca4      0x138 src/main.o
 .rodata.sourcecodepro_28_0x54
                0x00408ddc       0x10 src/main.o
 .rodata.image_data_sourcecodepro_28_0x55
                0x00408dec      0x15f src/main.o
 *fill*         0x00408f4b        0x1 
 .rodata.sourcecodepro_28_0x55
                0x00408f4c       0x10 src/main.o
 .rodata.image_data_sourcecodepro_28_0x56
                0x00408f5c      0x138 src/main.o
 .rodata.sourcecodepro_28_0x56
                0x00409094       0x10 src/main.o
 .rodata.image_data_sourcecodepro_28_0x57
                0x004090a4      0x222 src/main.o
 *fill*         0x004092c6        0x2 
 .rodata.sourcecodepro_28_0x57
                0x004092c8       0x10 src/main.o
 .rodata.image_data_sourcecodepro_28_0x58
                0x004092d8      0x138 src/main.o
 .rodata.sourcecodepro_28_0x58
                0x00409410       0x10 src/main.o
 .rodata.image_data_sourcecodepro_28_0x59
                0x00409420      0x138 src/main.o
 .rodata.sourcecodepro_28_0x59
                0x00409558       0x10 src/main.o
 .rodata.image_data_sourcecodepro_28_0x5a
                0x00409568      0x138 src/main.o
 .rodata.sourcecodepro_28_0x5a
                0x004096a0       0x10 src/main.o
 .rodata.sourcecodepro_28_array
                0x004096b0       0xd0 src/main.o
 .rodata.sourcecodepro_28
                0x00409780        0xc src/main.o
                0x00409780                sourcecodepro_28
 .rodata.image_data_calibri_36_0x20
                0x0040978c      0x378 src/main.o
 .rodata.calibri_36_0x20
                0x00409b04       0x10 src/main.o
 .rodata.image_data_calibri_36_0x21
                0x00409b14      0x534 src/main.o
 .rodata.calibri_36_0x21
                0x0040a048       0x10 src/main.o
 .rodata.image_data_calibri_36_0x22
                0x0040a058      0x612 src/main.o
 *fill*         0x0040a66a        0x2 
 .rodata.calibri_36_0x22
                0x0040a66c       0x10 src/main.o
 .rodata.image_data_calibri_36_0x23
                0x0040a67c      0x7ce src/main.o
 *fill*         0x0040ae4a        0x2 
 .rodata.calibri_36_0x23
                0x0040ae4c       0x10 src/main.o
 .rodata.image_data_calibri_36_0x24
                0x0040ae5c      0x7ce src/main.o
 *fill*         0x0040b62a        0x2 
 .rodata.calibri_36_0x24
                0x0040b62c       0x10 src/main.o
 .rodata.image_data_calibri_36_0x25
                0x0040b63c      0xb46 src/main.o
 *fill*         0x0040c182        0x2 
 .rodata.calibri_36_0x25
                0x0040c184       0x10 src/main.o
 .rodata.image_data_calibri_36_0x26
                0x0040c194      0xad7 src/main.o
 *fill*         0x0040cc6b        0x1 
 .rodata.calibri_36_0x26
                0x0040cc6c       0x10 src/main.o
 .rodata.image_data_calibri_36_0x27
                0x0040cc7c      0x378 src/main.o
 .rodata.calibri_36_0x27
                0x0040cff4       0x10 src/main.o
 .rodata.image_data_calibri_36_0x28
                0x0040d004      0x4c5 src/main.o
 *fill*         0x0040d4c9        0x3 
 .rodata.calibri_36_0x28
                0x0040d4cc       0x10 src/main.o
 .rodata.image_data_calibri_36_0x29
                0x0040d4dc      0x4c5 src/main.o
 *fill*         0x0040d9a1        0x3 
 .rodata.calibri_36_0x29
                0x0040d9a4       0x10 src/main.o
 .rodata.image_data_calibri_36_0x2a
                0x0040d9b4      0x7ce src/main.o
 *fill*         0x0040e182        0x2 
 .rodata.calibri_36_0x2a
                0x0040e184       0x10 src/main.o
 .rodata.image_data_calibri_36_0x2b
                0x0040e194      0x7ce src/main.o
 *fill*         0x0040e962        0x2 
 .rodata.calibri_36_0x2b
                0x0040e964       0x10 src/main.o
 .rodata.image_data_calibri_36_0x2c
                0x0040e974      0x3e7 src/main.o
 *fill*         0x0040ed5b        0x1 
 .rodata.calibri_36_0x2c
                0x0040ed5c       0x10 src/main.o
 .rodata.image_data_calibri_36_0x2d
                0x0040ed6c      0x4c5 src/main.o
 *fill*         0x0040f231        0x3 
 .rodata.calibri_36_0x2d
                0x0040f234       0x10 src/main.o
 .rodata.image_data_calibri_36_0x2e
                0x0040f244      0x3e7 src/main.o
 *fill*         0x0040f62b        0x1 
 .rodata.calibri_36_0x2e
                0x0040f62c       0x10 src/main.o
 .rodata.image_data_calibri_36_0x2f
                0x0040f63c      0x612 src/main.o
 *fill*         0x0040fc4e        0x2 
 .rodata.calibri_36_0x2f
                0x0040fc50       0x10 src/main.o
 .rodata.image_data_calibri_36_0x30
                0x0040fc60      0x7ce src/main.o
 *fill*         0x0041042e        0x2 
 .rodata.calibri_36_0x30
                0x00410430       0x10 src/main.o
 .rodata.image_data_calibri_36_0x31
                0x00410440      0x7ce src/main.o
 *fill*         0x00410c0e        0x2 
 .rodata.calibri_36_0x31
                0x00410c10       0x10 src/main.o
 .rodata.image_data_calibri_36_0x32
                0x00410c20      0x7ce src/main.o
 *fill*         0x004113ee        0x2 
 .rodata.calibri_36_0x32
                0x004113f0       0x10 src/main.o
 .rodata.image_data_calibri_36_0x33
                0x00411400      0x7ce src/main.o
 *fill*         0x00411bce        0x2 
 .rodata.calibri_36_0x33
                0x00411bd0       0x10 src/main.o
 .rodata.image_data_calibri_36_0x34
                0x00411be0      0x7ce src/main.o
 *fill*         0x004123ae        0x2 
 .rodata.calibri_36_0x34
                0x004123b0       0x10 src/main.o
 .rodata.image_data_calibri_36_0x35
                0x004123c0      0x7ce src/main.o
 *fill*         0x00412b8e        0x2 
 .rodata.calibri_36_0x35
                0x00412b90       0x10 src/main.o
 .rodata.image_data_calibri_36_0x36
                0x00412ba0      0x7ce src/main.o
 *fill*         0x0041336e        0x2 
 .rodata.calibri_36_0x36
                0x00413370       0x10 src/main.o
 .rodata.image_data_calibri_36_0x37
                0x00413380      0x7ce src/main.o
 *fill*         0x00413b4e        0x2 
 .rodata.calibri_36_0x37
                0x00413b50       0x10 src/main.o
 .rodata.image_data_calibri_36_0x38
                0x00413b60      0x7ce src/main.o
 *fill*         0x0041432e        0x2 
 .rodata.calibri_36_0x38
                0x00414330       0x10 src/main.o
 .rodata.image_data_calibri_36_0x39
                0x00414340      0x7ce src/main.o
 *fill*         0x00414b0e        0x2 
 .rodata.calibri_36_0x39
                0x00414b10       0x10 src/main.o
 .rodata.image_data_calibri_36_0x3a
                0x00414b20      0x456 src/main.o
 *fill*         0x00414f76        0x2 
 .rodata.calibri_36_0x3a
                0x00414f78       0x10 src/main.o
 .rodata.image_data_calibri_36_0x3b
                0x00414f88      0x456 src/main.o
 *fill*         0x004153de        0x2 
 .rodata.calibri_36_0x3b
                0x004153e0       0x10 src/main.o
 .rodata.image_data_calibri_36_0x3c
                0x004153f0      0x7ce src/main.o
 *fill*         0x00415bbe        0x2 
 .rodata.calibri_36_0x3c
                0x00415bc0       0x10 src/main.o
 .rodata.image_data_calibri_36_0x3d
                0x00415bd0      0x7ce src/main.o
 *fill*         0x0041639e        0x2 
 .rodata.calibri_36_0x3d
                0x004163a0       0x10 src/main.o
 .rodata.image_data_calibri_36_0x3e
                0x004163b0      0x7ce src/main.o
 *fill*         0x00416b7e        0x2 
 .rodata.calibri_36_0x3e
                0x00416b80       0x10 src/main.o
 .rodata.image_data_calibri_36_0x3f
                0x00416b90      0x75f src/main.o
 *fill*         0x004172ef        0x1 
 .rodata.calibri_36_0x3f
                0x004172f0       0x10 src/main.o
 .rodata.image_data_calibri_36_0x40
                0x00417300      0xde0 src/main.o
 .rodata.calibri_36_0x40
                0x004180e0       0x10 src/main.o
 .rodata.image_data_calibri_36_0x41
                0x004180f0      0x91b src/main.o
 *fill*         0x00418a0b        0x1 
 .rodata.calibri_36_0x41
                0x00418a0c       0x10 src/main.o
 .rodata.image_data_calibri_36_0x42
                0x00418a1c      0x8ac src/main.o
 .rodata.calibri_36_0x42
                0x004192c8       0x10 src/main.o
 .rodata.image_data_calibri_36_0x43
                0x004192d8      0x83d src/main.o
 *fill*         0x00419b15        0x3 
 .rodata.calibri_36_0x43
                0x00419b18       0x10 src/main.o
 .rodata.image_data_calibri_36_0x44
                0x00419b28      0x98a src/main.o
 *fill*         0x0041a4b2        0x2 
 .rodata.calibri_36_0x44
                0x0041a4b4       0x10 src/main.o
 .rodata.image_data_calibri_36_0x45
                0x0041a4c4      0x7ce src/main.o
 *fill*         0x0041ac92        0x2 
 .rodata.calibri_36_0x45
                0x0041ac94       0x10 src/main.o
 .rodata.image_data_calibri_36_0x46
                0x0041aca4      0x75f src/main.o
 *fill*         0x0041b403        0x1 
 .rodata.calibri_36_0x46
                0x0041b404       0x10 src/main.o
 .rodata.image_data_calibri_36_0x47
                0x0041b414      0x9f9 src/main.o
 *fill*         0x0041be0d        0x3 
 .rodata.calibri_36_0x47
                0x0041be10       0x10 src/main.o
 .rodata.image_data_calibri_36_0x48
                0x0041be20      0x98a src/main.o
 *fill*         0x0041c7aa        0x2 
 .rodata.calibri_36_0x48
                0x0041c7ac       0x10 src/main.o
 .rodata.image_data_calibri_36_0x49
                0x0041c7bc      0x3e7 src/main.o
 *fill*         0x0041cba3        0x1 
 .rodata.calibri_36_0x49
                0x0041cba4       0x10 src/main.o
 .rodata.image_data_calibri_36_0x4a
                0x0041cbb4      0x4c5 src/main.o
 *fill*         0x0041d079        0x3 
 .rodata.calibri_36_0x4a
                0x0041d07c       0x10 src/main.o
 .rodata.image_data_calibri_36_0x4b
                0x0041d08c      0x83d src/main.o
 *fill*         0x0041d8c9        0x3 
 .rodata.calibri_36_0x4b
                0x0041d8cc       0x10 src/main.o
 .rodata.image_data_calibri_36_0x4c
                0x0041d8dc      0x681 src/main.o
 *fill*         0x0041df5d        0x3 
 .rodata.calibri_36_0x4c
                0x0041df60       0x10 src/main.o
 .rodata.image_data_calibri_36_0x4d
                0x0041df70      0xd71 src/main.o
 *fill*         0x0041ece1        0x3 
 .rodata.calibri_36_0x4d
                0x0041ece4       0x10 src/main.o
 .rodata.image_data_calibri_36_0x4e
                0x0041ecf4      0x9f9 src/main.o
 *fill*         0x0041f6ed        0x3 
 .rodata.calibri_36_0x4e
                0x0041f6f0       0x10 src/main.o
 .rodata.image_data_calibri_36_0x4f
                0x0041f700      0xa68 src/main.o
 .rodata.calibri_36_0x4f
                0x00420168       0x10 src/main.o
 .rodata.image_data_calibri_36_0x50
                0x00420178      0x83d src/main.o
 *fill*         0x004209b5        0x3 
 .rodata.calibri_36_0x50
                0x004209b8       0x10 src/main.o
 .rodata.image_data_calibri_36_0x51
                0x004209c8      0xad7 src/main.o
 *fill*         0x0042149f        0x1 
 .rodata.calibri_36_0x51
                0x004214a0       0x10 src/main.o
 .rodata.image_data_calibri_36_0x52
                0x004214b0      0x8ac src/main.o
 .rodata.calibri_36_0x52
                0x00421d5c       0x10 src/main.o
 .rodata.image_data_calibri_36_0x53
                0x00421d6c      0x75f src/main.o
 *fill*         0x004224cb        0x1 
 .rodata.calibri_36_0x53
                0x004224cc       0x10 src/main.o
 .rodata.image_data_calibri_36_0x54
                0x004224dc      0x7ce src/main.o
 *fill*         0x00422caa        0x2 
 .rodata.calibri_36_0x54
                0x00422cac       0x10 src/main.o
 .rodata.image_data_calibri_36_0x55
                0x00422cbc      0x9f9 src/main.o
 *fill*         0x004236b5        0x3 
 .rodata.calibri_36_0x55
                0x004236b8       0x10 src/main.o
 .rodata.image_data_calibri_36_0x56
                0x004236c8      0x8ac src/main.o
 .rodata.calibri_36_0x56
                0x00423f74       0x10 src/main.o
 .rodata.image_data_calibri_36_0x57
                0x00423f84      0xde0 src/main.o
 .rodata.calibri_36_0x57
                0x00424d64       0x10 src/main.o
 .rodata.image_data_calibri_36_0x58
                0x00424d74      0x83d src/main.o
 *fill*         0x004255b1        0x3 
 .rodata.calibri_36_0x58
                0x004255b4       0x10 src/main.o
 .rodata.image_data_calibri_36_0x59
                0x004255c4      0x7ce src/main.o
 *fill*         0x00425d92        0x2 
 .rodata.calibri_36_0x59
                0x00425d94       0x10 src/main.o
 .rodata.image_data_calibri_36_0x5a
                0x00425da4      0x75f src/main.o
 *fill*         0x00426503        0x1 
 .rodata.calibri_36_0x5a
                0x00426504       0x10 src/main.o
 .rodata.image_data_calibri_36_0x5b
                0x00426514      0x4c5 src/main.o
 *fill*         0x004269d9        0x3 
 .rodata.calibri_36_0x5b
                0x004269dc       0x10 src/main.o
 .rodata.image_data_calibri_36_0x5c
                0x004269ec      0x612 src/main.o
 *fill*         0x00426ffe        0x2 
 .rodata.calibri_36_0x5c
                0x00427000       0x10 src/main.o
 .rodata.image_data_calibri_36_0x5d
                0x00427010      0x4c5 src/main.o
 *fill*         0x004274d5        0x3 
 .rodata.calibri_36_0x5d
                0x004274d8       0x10 src/main.o
 .rodata.image_data_calibri_36_0x5e
                0x004274e8      0x7ce src/main.o
 *fill*         0x00427cb6        0x2 
 .rodata.calibri_36_0x5e
                0x00427cb8       0x10 src/main.o
 .rodata.image_data_calibri_36_0x5f
                0x00427cc8      0x7ce src/main.o
 *fill*         0x00428496        0x2 
 .rodata.calibri_36_0x5f
                0x00428498       0x10 src/main.o
 .rodata.image_data_calibri_36_0x60
                0x004284a8      0x456 src/main.o
 *fill*         0x004288fe        0x2 
 .rodata.calibri_36_0x60
                0x00428900       0x10 src/main.o
 .rodata.image_data_calibri_36_0x61
                0x00428910      0x75f src/main.o
 *fill*         0x0042906f        0x1 
 .rodata.calibri_36_0x61
                0x00429070       0x10 src/main.o
 .rodata.image_data_calibri_36_0x62
                0x00429080      0x83d src/main.o
 *fill*         0x004298bd        0x3 
 .rodata.calibri_36_0x62
                0x004298c0       0x10 src/main.o
 .rodata.image_data_calibri_36_0x63
                0x004298d0      0x681 src/main.o
 *fill*         0x00429f51        0x3 
 .rodata.calibri_36_0x63
                0x00429f54       0x10 src/main.o
 .rodata.image_data_calibri_36_0x64
                0x00429f64      0x83d src/main.o
 *fill*         0x0042a7a1        0x3 
 .rodata.calibri_36_0x64
                0x0042a7a4       0x10 src/main.o
 .rodata.image_data_calibri_36_0x65
                0x0042a7b4      0x7ce src/main.o
 *fill*         0x0042af82        0x2 
 .rodata.calibri_36_0x65
                0x0042af84       0x10 src/main.o
 .rodata.image_data_calibri_36_0x66
                0x0042af94      0x4c5 src/main.o
 *fill*         0x0042b459        0x3 
 .rodata.calibri_36_0x66
                0x0042b45c       0x10 src/main.o
 .rodata.image_data_calibri_36_0x67
                0x0042b46c      0x75f src/main.o
 *fill*         0x0042bbcb        0x1 
 .rodata.calibri_36_0x67
                0x0042bbcc       0x10 src/main.o
 .rodata.image_data_calibri_36_0x68
                0x0042bbdc      0x83d src/main.o
 *fill*         0x0042c419        0x3 
 .rodata.calibri_36_0x68
                0x0042c41c       0x10 src/main.o
 .rodata.image_data_calibri_36_0x69
                0x0042c42c      0x378 src/main.o
 .rodata.calibri_36_0x69
                0x0042c7a4       0x10 src/main.o
 .rodata.image_data_calibri_36_0x6a
                0x0042c7b4      0x3e7 src/main.o
 *fill*         0x0042cb9b        0x1 
 .rodata.calibri_36_0x6a
                0x0042cb9c       0x10 src/main.o
 .rodata.image_data_calibri_36_0x6b
                0x0042cbac      0x6f0 src/main.o
 .rodata.calibri_36_0x6b
                0x0042d29c       0x10 src/main.o
 .rodata.image_data_calibri_36_0x6c
                0x0042d2ac      0x378 src/main.o
 .rodata.calibri_36_0x6c
                0x0042d624       0x10 src/main.o
 .rodata.image_data_calibri_36_0x6d
                0x0042d634      0xc93 src/main.o
 *fill*         0x0042e2c7        0x1 
 .rodata.calibri_36_0x6d
                0x0042e2c8       0x10 src/main.o
 .rodata.image_data_calibri_36_0x6e
                0x0042e2d8      0x83d src/main.o
 *fill*         0x0042eb15        0x3 
 .rodata.calibri_36_0x6e
                0x0042eb18       0x10 src/main.o
 .rodata.image_data_calibri_36_0x6f
                0x0042eb28      0x83d src/main.o
 *fill*         0x0042f365        0x3 
 .rodata.calibri_36_0x6f
                0x0042f368       0x10 src/main.o
 .rodata.image_data_calibri_36_0x70
                0x0042f378      0x83d src/main.o
 *fill*         0x0042fbb5        0x3 
 .rodata.calibri_36_0x70
                0x0042fbb8       0x10 src/main.o
 .rodata.image_data_calibri_36_0x71
                0x0042fbc8      0x83d src/main.o
 *fill*         0x00430405        0x3 
 .rodata.calibri_36_0x71
                0x00430408       0x10 src/main.o
 .rodata.image_data_calibri_36_0x72
                0x00430418      0x5a3 src/main.o
 *fill*         0x004309bb        0x1 
 .rodata.calibri_36_0x72
                0x004309bc       0x10 src/main.o
 .rodata.image_data_calibri_36_0x73
                0x004309cc      0x612 src/main.o
 *fill*         0x00430fde        0x2 
 .rodata.calibri_36_0x73
                0x00430fe0       0x10 src/main.o
 .rodata.image_data_calibri_36_0x74
                0x00430ff0      0x534 src/main.o
 .rodata.calibri_36_0x74
                0x00431524       0x10 src/main.o
 .rodata.image_data_calibri_36_0x75
                0x00431534      0x83d src/main.o
 *fill*         0x00431d71        0x3 
 .rodata.calibri_36_0x75
                0x00431d74       0x10 src/main.o
 .rodata.image_data_calibri_36_0x76
                0x00431d84      0x6f0 src/main.o
 .rodata.calibri_36_0x76
                0x00432474       0x10 src/main.o
 .rodata.image_data_calibri_36_0x77
                0x00432484      0xb46 src/main.o
 *fill*         0x00432fca        0x2 
 .rodata.calibri_36_0x77
                0x00432fcc       0x10 src/main.o
 .rodata.image_data_calibri_36_0x78
                0x00432fdc      0x6f0 src/main.o
 .rodata.calibri_36_0x78
                0x004336cc       0x10 src/main.o
 .rodata.image_data_calibri_36_0x79
                0x004336dc      0x6f0 src/main.o
 .rodata.calibri_36_0x79
                0x00433dcc       0x10 src/main.o
 .rodata.image_data_calibri_36_0x7a
                0x00433ddc      0x612 src/main.o
 *fill*         0x004343ee        0x2 
 .rodata.calibri_36_0x7a
                0x004343f0       0x10 src/main.o
 .rodata.image_data_calibri_36_0x7b
                0x00434400      0x4c5 src/main.o
 *fill*         0x004348c5        0x3 
 .rodata.calibri_36_0x7b
                0x004348c8       0x10 src/main.o
 .rodata.image_data_calibri_36_0x7c
                0x004348d8      0x75f src/main.o
 *fill*         0x00435037        0x1 
 .rodata.calibri_36_0x7c
                0x00435038       0x10 src/main.o
 .rodata.image_data_calibri_36_0x7d
                0x00435048      0x4c5 src/main.o
 *fill*         0x0043550d        0x3 
 .rodata.calibri_36_0x7d
                0x00435510       0x10 src/main.o
 .rodata.image_data_calibri_36_0x7e
                0x00435520      0x7ce src/main.o
 *fill*         0x00435cee        0x2 
 .rodata.calibri_36_0x7e
                0x00435cf0       0x10 src/main.o
 .rodata.calibri_36_array
                0x00435d00      0x2f8 src/main.o
 .rodata.calibri_36
                0x00435ff8        0xc src/main.o
                0x00435ff8                calibri_36
 .rodata        0x00436004       0x18 src/main.o
 .rodata._global_impure_ptr
                0x0043601c        0x4 c:/program files (x86)/atmel/studio/7.0/toolchain/arm/arm-gnu-toolchain/bin/../lib/gcc/arm-none-eabi/6.3.1/../../../../arm-none-eabi/lib/thumb/v7e-m\libc.a(lib_a-impure.o)
                0x0043601c                _global_impure_ptr
 .rodata._svfprintf_r.str1.4
                0x00436020       0x42 c:/program files (x86)/atmel/studio/7.0/toolchain/arm/arm-gnu-toolchain/bin/../lib/gcc/arm-none-eabi/6.3.1/../../../../arm-none-eabi/lib/thumb/v7e-m\libc.a(lib_a-svfprintf.o)
 *fill*         0x00436062        0x2 
 .rodata.blanks.7223
                0x00436064       0x10 c:/program files (x86)/atmel/studio/7.0/toolchain/arm/arm-gnu-toolchain/bin/../lib/gcc/arm-none-eabi/6.3.1/../../../../arm-none-eabi/lib/thumb/v7e-m\libc.a(lib_a-svfprintf.o)
 .rodata.zeroes.7224
                0x00436074       0x10 c:/program files (x86)/atmel/studio/7.0/toolchain/arm/arm-gnu-toolchain/bin/../lib/gcc/arm-none-eabi/6.3.1/../../../../arm-none-eabi/lib/thumb/v7e-m\libc.a(lib_a-svfprintf.o)
 .rodata._dtoa_r.str1.4
                0x00436084       0x10 c:/program files (x86)/atmel/studio/7.0/toolchain/arm/arm-gnu-toolchain/bin/../lib/gcc/arm-none-eabi/6.3.1/../../../../arm-none-eabi/lib/thumb/v7e-m\libc.a(lib_a-dtoa.o)
                                 0x12 (size before relaxing)
 *fill*         0x00436094        0x4 
 .rodata.__mprec_bigtens
                0x00436098       0x28 c:/program files (x86)/atmel/studio/7.0/toolchain/arm/arm-gnu-toolchain/bin/../lib/gcc/arm-none-eabi/6.3.1/../../../../arm-none-eabi/lib/thumb/v7e-m\libc.a(lib_a-mprec.o)
                0x00436098                __mprec_bigtens
 .rodata.__mprec_tens
                0x004360c0       0xc8 c:/program files (x86)/atmel/studio/7.0/toolchain/arm/arm-gnu-toolchain/bin/../lib/gcc/arm-none-eabi/6.3.1/../../../../arm-none-eabi/lib/thumb/v7e-m\libc.a(lib_a-mprec.o)
                0x004360c0                __mprec_tens
 .rodata.p05.6055
                0x00436188        0xc c:/program files (x86)/atmel/studio/7.0/toolchain/arm/arm-gnu-toolchain/bin/../lib/gcc/arm-none-eabi/6.3.1/../../../../arm-none-eabi/lib/thumb/v7e-m\libc.a(lib_a-mprec.o)
 .rodata._setlocale_r.str1.4
                0x00436194        0xa c:/program files (x86)/atmel/studio/7.0/toolchain/arm/arm-gnu-toolchain/bin/../lib/gcc/arm-none-eabi/6.3.1/../../../../arm-none-eabi/lib/thumb/v7e-m\libc.a(lib_a-locale.o)
                                  0xd (size before relaxing)
 *fill*         0x0043619e        0x2 
 .rodata.str1.4
                0x004361a0        0x4 c:/program files (x86)/atmel/studio/7.0/toolchain/arm/arm-gnu-toolchain/bin/../lib/gcc/arm-none-eabi/6.3.1/../../../../arm-none-eabi/lib/thumb/v7e-m\libc.a(lib_a-locale.o)
                                  0x2 (size before relaxing)
 .rodata._ctype_
                0x004361a4      0x101 c:/program files (x86)/atmel/studio/7.0/toolchain/arm/arm-gnu-toolchain/bin/../lib/gcc/arm-none-eabi/6.3.1/../../../../arm-none-eabi/lib/thumb/v7e-m\libc.a(lib_a-ctype_.o)
                0x004361a4                _ctype_
 *(.ARM.extab* .gnu.linkonce.armextab.*)
                0x004362a8                . = ALIGN (0x4)
 *fill*         0x004362a5        0x3 
 *(.init)
 .init          0x004362a8        0x4 c:/program files (x86)/atmel/studio/7.0/toolchain/arm/arm-gnu-toolchain/bin/../lib/gcc/arm-none-eabi/6.3.1/thumb/v7e-m/crti.o
                0x004362a8                _init
 .init          0x004362ac        0x8 c:/program files (x86)/atmel/studio/7.0/toolchain/arm/arm-gnu-toolchain/bin/../lib/gcc/arm-none-eabi/6.3.1/thumb/v7e-m/crtn.o
                0x004362b4                . = ALIGN (0x4)
                0x004362b4                __preinit_array_start = .
 *(.preinit_array)
                0x004362b4                __preinit_array_end = .
                0x004362b4                . = ALIGN (0x4)
                0x004362b4                __init_array_start = .
 *(SORT(.init_array.*))
 .init_array.00000
                0x004362b4        0x4 c:/program files (x86)/atmel/studio/7.0/toolchain/arm/arm-gnu-toolchain/bin/../lib/gcc/arm-none-eabi/6.3.1/../../../../arm-none-eabi/lib/thumb/v7e-m\libc.a(lib_a-__call_atexit.o)
 *(.init_array)
 .init_array    0x004362b8        0x4 c:/program files (x86)/atmel/studio/7.0/toolchain/arm/arm-gnu-toolchain/bin/../lib/gcc/arm-none-eabi/6.3.1/thumb/v7e-m/crtbegin.o
                0x004362bc                __init_array_end = .
                0x004362bc                . = ALIGN (0x4)
 *crtbegin.o(.ctors)
 *(EXCLUDE_FILE(*crtend.o) .ctors)
 *(SORT(.ctors.*))
 *crtend.o(.ctors)
                0x004362bc                . = ALIGN (0x4)
 *(.fini)
 .fini          0x004362bc        0x4 c:/program files (x86)/atmel/studio/7.0/toolchain/arm/arm-gnu-toolchain/bin/../lib/gcc/arm-none-eabi/6.3.1/thumb/v7e-m/crti.o
                0x004362bc                _fini
 .fini          0x004362c0        0x8 c:/program files (x86)/atmel/studio/7.0/toolchain/arm/arm-gnu-toolchain/bin/../lib/gcc/arm-none-eabi/6.3.1/thumb/v7e-m/crtn.o
                0x004362c8                . = ALIGN (0x4)
                0x004362c8                __fini_array_start = .
 *(.fini_array)
 .fini_array    0x004362c8        0x4 c:/program files (x86)/atmel/studio/7.0/toolchain/arm/arm-gnu-toolchain/bin/../lib/gcc/arm-none-eabi/6.3.1/thumb/v7e-m/crtbegin.o
 *(SORT(.fini_array.*))
                0x004362cc                __fini_array_end = .
 *crtbegin.o(.dtors)
 *(EXCLUDE_FILE(*crtend.o) .dtors)
 *(SORT(.dtors.*))
 *crtend.o(.dtors)
                0x004362cc                . = ALIGN (0x4)
                0x004362cc                _efixed = .
                [!provide]                PROVIDE (__exidx_start, .)

.vfp11_veneer   0x004362cc        0x0
 .vfp11_veneer  0x004362cc        0x0 linker stubs

.v4_bx          0x004362cc        0x0
 .v4_bx         0x004362cc        0x0 linker stubs

.iplt           0x004362cc        0x0
 .iplt          0x004362cc        0x0 c:/program files (x86)/atmel/studio/7.0/toolchain/arm/arm-gnu-toolchain/bin/../lib/gcc/arm-none-eabi/6.3.1/thumb/v7e-m/crtbegin.o

.ARM.exidx      0x004362cc        0x8
 *(.ARM.exidx* .gnu.linkonce.armexidx.*)
 .ARM.exidx     0x004362cc        0x8 c:/program files (x86)/atmel/studio/7.0/toolchain/arm/arm-gnu-toolchain/bin/../lib/gcc/arm-none-eabi/6.3.1/thumb/v7e-m\libgcc.a(_udivmoddi4.o)
                [!provide]                PROVIDE (__exidx_end, .)

.eh_frame       0x004362d4        0x0
 .eh_frame      0x004362d4        0x0 c:/program files (x86)/atmel/studio/7.0/toolchain/arm/arm-gnu-toolchain/bin/../lib/gcc/arm-none-eabi/6.3.1/thumb/v7e-m/crtbegin.o

.rel.dyn        0x004362d4        0x0
 .rel.iplt      0x004362d4        0x0 c:/program files (x86)/atmel/studio/7.0/toolchain/arm/arm-gnu-toolchain/bin/../lib/gcc/arm-none-eabi/6.3.1/thumb/v7e-m/crtbegin.o

.jcr            0x004362d4        0x0
 .jcr           0x004362d4        0x0 c:/program files (x86)/atmel/studio/7.0/toolchain/arm/arm-gnu-toolchain/bin/../lib/gcc/arm-none-eabi/6.3.1/thumb/v7e-m/crtbegin.o

.igot.plt       0x004362d4        0x0
 .igot.plt      0x004362d4        0x0 c:/program files (x86)/atmel/studio/7.0/toolchain/arm/arm-gnu-toolchain/bin/../lib/gcc/arm-none-eabi/6.3.1/thumb/v7e-m/crtbegin.o
                0x004362d4                . = ALIGN (0x4)
                0x004362d4                _etext = .

.relocate       0x20400000      0x9b8 load address 0x004362d4
                0x20400000                . = ALIGN (0x4)
                0x20400000                _srelocate = .
 *(.ramfunc .ramfunc.*)
 *(.data .data.*)
 .data.g_interrupt_enabled
                0x20400000        0x1 src/ASF/common/utils/interrupt/interrupt_sam_nvic.o
                0x20400000                g_interrupt_enabled
 *fill*         0x20400001        0x3 
 .data.SystemCoreClock
                0x20400004        0x4 src/ASF/sam/utils/cmsis/same70/source/templates/system_same70.o
                0x20400004                SystemCoreClock
 .data._impure_ptr
                0x20400008        0x4 c:/program files (x86)/atmel/studio/7.0/toolchain/arm/arm-gnu-toolchain/bin/../lib/gcc/arm-none-eabi/6.3.1/../../../../arm-none-eabi/lib/thumb/v7e-m\libc.a(lib_a-impure.o)
                0x20400008                _impure_ptr
 *fill*         0x2040000c        0x4 
 .data.impure_data
                0x20400010      0x428 c:/program files (x86)/atmel/studio/7.0/toolchain/arm/arm-gnu-toolchain/bin/../lib/gcc/arm-none-eabi/6.3.1/../../../../arm-none-eabi/lib/thumb/v7e-m\libc.a(lib_a-impure.o)
 .data.__atexit_recursive_mutex
                0x20400438        0x4 c:/program files (x86)/atmel/studio/7.0/toolchain/arm/arm-gnu-toolchain/bin/../lib/gcc/arm-none-eabi/6.3.1/../../../../arm-none-eabi/lib/thumb/v7e-m\libc.a(lib_a-__call_atexit.o)
                0x20400438                __atexit_recursive_mutex
 .data.__malloc_av_
                0x2040043c      0x408 c:/program files (x86)/atmel/studio/7.0/toolchain/arm/arm-gnu-toolchain/bin/../lib/gcc/arm-none-eabi/6.3.1/../../../../arm-none-eabi/lib/thumb/v7e-m\libc.a(lib_a-mallocr.o)
                0x2040043c                __malloc_av_
 .data.__malloc_sbrk_base
                0x20400844        0x4 c:/program files (x86)/atmel/studio/7.0/toolchain/arm/arm-gnu-toolchain/bin/../lib/gcc/arm-none-eabi/6.3.1/../../../../arm-none-eabi/lib/thumb/v7e-m\libc.a(lib_a-mallocr.o)
                0x20400844                __malloc_sbrk_base
 .data.__malloc_trim_threshold
                0x20400848        0x4 c:/program files (x86)/atmel/studio/7.0/toolchain/arm/arm-gnu-toolchain/bin/../lib/gcc/arm-none-eabi/6.3.1/../../../../arm-none-eabi/lib/thumb/v7e-m\libc.a(lib_a-mallocr.o)
                0x20400848                __malloc_trim_threshold
 .data.__global_locale
                0x2040084c      0x16c c:/program files (x86)/atmel/studio/7.0/toolchain/arm/arm-gnu-toolchain/bin/../lib/gcc/arm-none-eabi/6.3.1/../../../../arm-none-eabi/lib/thumb/v7e-m\libc.a(lib_a-locale.o)
                0x2040084c                __global_locale
                0x204009b8                . = ALIGN (0x4)
                0x204009b8                _erelocate = .

.bss            0x204009b8      0x4bc load address 0x00436c8c
                0x204009b8                . = ALIGN (0x4)
                0x204009b8                _sbss = .
                0x204009b8                _szero = .
 *(.bss .bss.*)
 .bss           0x204009b8       0x1c c:/program files (x86)/atmel/studio/7.0/toolchain/arm/arm-gnu-toolchain/bin/../lib/gcc/arm-none-eabi/6.3.1/thumb/v7e-m/crtbegin.o
 .bss.g_ul_pixel_cache
                0x204009d4      0x3c0 src/ASF/sam/components/display/ili9488/ili9488.o
 .bss.gs_interrupt_sources
                0x20400d94       0x70 src/ASF/sam/drivers/pio/pio_handler.o
 .bss.heap.6420
                0x20400e04        0x4 src/ASF/sam/utils/syscalls/gcc/syscalls.o
 .bss.__malloc_current_mallinfo
                0x20400e08       0x28 c:/program files (x86)/atmel/studio/7.0/toolchain/arm/arm-gnu-toolchain/bin/../lib/gcc/arm-none-eabi/6.3.1/../../../../arm-none-eabi/lib/thumb/v7e-m\libc.a(lib_a-mallocr.o)
                0x20400e08                __malloc_current_mallinfo
 .bss.__malloc_max_sbrked_mem
                0x20400e30        0x4 c:/program files (x86)/atmel/studio/7.0/toolchain/arm/arm-gnu-toolchain/bin/../lib/gcc/arm-none-eabi/6.3.1/../../../../arm-none-eabi/lib/thumb/v7e-m\libc.a(lib_a-mallocr.o)
                0x20400e30                __malloc_max_sbrked_mem
 .bss.__malloc_max_total_mem
                0x20400e34        0x4 c:/program files (x86)/atmel/studio/7.0/toolchain/arm/arm-gnu-toolchain/bin/../lib/gcc/arm-none-eabi/6.3.1/../../../../arm-none-eabi/lib/thumb/v7e-m\libc.a(lib_a-mallocr.o)
                0x20400e34                __malloc_max_total_mem
 .bss.__malloc_top_pad
                0x20400e38        0x4 c:/program files (x86)/atmel/studio/7.0/toolchain/arm/arm-gnu-toolchain/bin/../lib/gcc/arm-none-eabi/6.3.1/../../../../arm-none-eabi/lib/thumb/v7e-m\libc.a(lib_a-mallocr.o)
                0x20400e38                __malloc_top_pad
 *(COMMON)
 COMMON         0x20400e3c       0x10 src/main.o
                0x20400e3c                g_ili9488_display_opt
 COMMON         0x20400e4c       0x21 c:/program files (x86)/atmel/studio/7.0/toolchain/arm/arm-gnu-toolchain/bin/../lib/gcc/arm-none-eabi/6.3.1/../../../../arm-none-eabi/lib/thumb/v7e-m\libc.a(lib_a-lock.o)
                0x20400e4c                __lock___atexit_recursive_mutex
                0x20400e50                __lock___arc4random_mutex
                0x20400e54                __lock___env_recursive_mutex
                0x20400e58                __lock___sinit_recursive_mutex
                0x20400e5c                __lock___malloc_recursive_mutex
                0x20400e60                __lock___at_quick_exit_mutex
                0x20400e64                __lock___dd_hash_mutex
                0x20400e68                __lock___tz_mutex
                0x20400e6c                __lock___sfp_recursive_mutex
 *fill*         0x20400e6d        0x3 
 COMMON         0x20400e70        0x4 c:/program files (x86)/atmel/studio/7.0/toolchain/arm/arm-gnu-toolchain/bin/../lib/gcc/arm-none-eabi/6.3.1/../../../../arm-none-eabi/lib/thumb/v7e-m\libc.a(lib_a-reent.o)
                0x20400e70                errno
                0x20400e74                . = ALIGN (0x4)
                0x20400e74                _ebss = .
                0x20400e74                _ezero = .

.stack          0x20400e74     0x2004 load address 0x00437148
                0x20400e78                . = ALIGN (0x8)
 *fill*         0x20400e74        0x4 
                0x20400e78                _sstack = .
                0x20402e78                . = (. + STACK_SIZE)
 *fill*         0x20400e78     0x2000 
                0x20402e78                . = ALIGN (0x8)
                0x20402e78                _estack = .

.heap           0x20402e78      0x200 load address 0x0043914c
                0x20402e78                . = ALIGN (0x8)
                0x20402e78                _sheap = .
                0x20403078                . = (. + HEAP_SIZE)
 *fill*         0x20402e78      0x200 
                0x20403078                . = ALIGN (0x8)
                0x20403078                _eheap = .
                0x20403078                . = ALIGN (0x4)
                0x20403078                _end = .
                0x2045ffff                _ram_end_ = ((ORIGIN (ram) + LENGTH (ram)) - 0x1)
OUTPUT(SAME70_FONTS.elf elf32-littlearm)

.ARM.attributes
                0x00000000       0x2e
 .ARM.attributes
                0x00000000       0x1e c:/program files (x86)/atmel/studio/7.0/toolchain/arm/arm-gnu-toolchain/bin/../lib/gcc/arm-none-eabi/6.3.1/thumb/v7e-m/crti.o
 .ARM.attributes
                0x0000001e       0x2e c:/program files (x86)/atmel/studio/7.0/toolchain/arm/arm-gnu-toolchain/bin/../lib/gcc/arm-none-eabi/6.3.1/thumb/v7e-m/crtbegin.o
 .ARM.attributes
                0x0000004c       0x37 src/main.o
 .ARM.attributes
                0x00000083       0x37 src/ASF/common/services/spi/sam_spi/spi_master.o
 .ARM.attributes
                0x000000ba       0x37 src/ASF/sam/components/display/ili9488/ili9488.o
 .ARM.attributes
                0x000000f1       0x37 src/ASF/sam/drivers/spi/spi.o
 .ARM.attributes
                0x00000128       0x37 src/ASF/common/services/clock/same70/sysclk.o
 .ARM.attributes
                0x0000015f       0x37 src/ASF/common/utils/interrupt/interrupt_sam_nvic.o
 .ARM.attributes
                0x00000196       0x37 src/ASF/sam/boards/same70_xplained/init.o
 .ARM.attributes
                0x000001cd       0x37 src/ASF/sam/drivers/pio/pio.o
 .ARM.attributes
                0x00000204       0x37 src/ASF/sam/drivers/pio/pio_handler.o
 .ARM.attributes
                0x0000023b       0x37 src/ASF/sam/drivers/pmc/pmc.o
 .ARM.attributes
                0x00000272       0x37 src/ASF/sam/utils/cmsis/same70/source/templates/gcc/startup_same70.o
 .ARM.attributes
                0x000002a9       0x37 src/ASF/sam/utils/cmsis/same70/source/templates/system_same70.o
 .ARM.attributes
                0x000002e0       0x37 src/ASF/sam/utils/syscalls/gcc/syscalls.o
 .ARM.attributes
                0x00000317       0x2e c:/program files (x86)/atmel/studio/7.0/toolchain/arm/arm-gnu-toolchain/bin/../lib/gcc/arm-none-eabi/6.3.1/../../../../arm-none-eabi/lib/thumb/v7e-m\libc.a(lib_a-impure.o)
 .ARM.attributes
                0x00000345       0x2e c:/program files (x86)/atmel/studio/7.0/toolchain/arm/arm-gnu-toolchain/bin/../lib/gcc/arm-none-eabi/6.3.1/../../../../arm-none-eabi/lib/thumb/v7e-m\libc.a(lib_a-init.o)
 .ARM.attributes
                0x00000373       0x2e c:/program files (x86)/atmel/studio/7.0/toolchain/arm/arm-gnu-toolchain/bin/../lib/gcc/arm-none-eabi/6.3.1/../../../../arm-none-eabi/lib/thumb/v7e-m\libc.a(lib_a-memset.o)
 .ARM.attributes
                0x000003a1       0x2e c:/program files (x86)/atmel/studio/7.0/toolchain/arm/arm-gnu-toolchain/bin/../lib/gcc/arm-none-eabi/6.3.1/../../../../arm-none-eabi/lib/thumb/v7e-m\libc.a(lib_a-sprintf.o)
 .ARM.attributes
                0x000003cf       0x2e c:/program files (x86)/atmel/studio/7.0/toolchain/arm/arm-gnu-toolchain/bin/../lib/gcc/arm-none-eabi/6.3.1/../../../../arm-none-eabi/lib/thumb/v7e-m\libc.a(lib_a-svfprintf.o)
 .ARM.attributes
                0x000003fd       0x2e c:/program files (x86)/atmel/studio/7.0/toolchain/arm/arm-gnu-toolchain/bin/../lib/gcc/arm-none-eabi/6.3.1/../../../../arm-none-eabi/lib/thumb/v7e-m\libc.a(lib_a-__call_atexit.o)
 .ARM.attributes
                0x0000042b       0x2e c:/program files (x86)/atmel/studio/7.0/toolchain/arm/arm-gnu-toolchain/bin/../lib/gcc/arm-none-eabi/6.3.1/../../../../arm-none-eabi/lib/thumb/v7e-m\libc.a(lib_a-atexit.o)
 .ARM.attributes
                0x00000459       0x2e c:/program files (x86)/atmel/studio/7.0/toolchain/arm/arm-gnu-toolchain/bin/../lib/gcc/arm-none-eabi/6.3.1/../../../../arm-none-eabi/lib/thumb/v7e-m\libc.a(lib_a-dtoa.o)
 .ARM.attributes
                0x00000487       0x2e c:/program files (x86)/atmel/studio/7.0/toolchain/arm/arm-gnu-toolchain/bin/../lib/gcc/arm-none-eabi/6.3.1/../../../../arm-none-eabi/lib/thumb/v7e-m\libc.a(lib_a-fini.o)
 .ARM.attributes
                0x000004b5       0x2e c:/program files (x86)/atmel/studio/7.0/toolchain/arm/arm-gnu-toolchain/bin/../lib/gcc/arm-none-eabi/6.3.1/../../../../arm-none-eabi/lib/thumb/v7e-m\libc.a(lib_a-localeconv.o)
 .ARM.attributes
                0x000004e3       0x2e c:/program files (x86)/atmel/studio/7.0/toolchain/arm/arm-gnu-toolchain/bin/../lib/gcc/arm-none-eabi/6.3.1/../../../../arm-none-eabi/lib/thumb/v7e-m\libc.a(lib_a-lock.o)
 .ARM.attributes
                0x00000511       0x2e c:/program files (x86)/atmel/studio/7.0/toolchain/arm/arm-gnu-toolchain/bin/../lib/gcc/arm-none-eabi/6.3.1/../../../../arm-none-eabi/lib/thumb/v7e-m\libc.a(lib_a-mallocr.o)
 .ARM.attributes
                0x0000053f       0x1c c:/program files (x86)/atmel/studio/7.0/toolchain/arm/arm-gnu-toolchain/bin/../lib/gcc/arm-none-eabi/6.3.1/../../../../arm-none-eabi/lib/thumb/v7e-m\libc.a(lib_a-memchr.o)
 .ARM.attributes
                0x0000055b       0x1c c:/program files (x86)/atmel/studio/7.0/toolchain/arm/arm-gnu-toolchain/bin/../lib/gcc/arm-none-eabi/6.3.1/../../../../arm-none-eabi/lib/thumb/v7e-m\libc.a(lib_a-memcpy.o)
 .ARM.attributes
                0x00000577       0x2e c:/program files (x86)/atmel/studio/7.0/toolchain/arm/arm-gnu-toolchain/bin/../lib/gcc/arm-none-eabi/6.3.1/../../../../arm-none-eabi/lib/thumb/v7e-m\libc.a(lib_a-mlock.o)
 .ARM.attributes
                0x000005a5       0x2e c:/program files (x86)/atmel/studio/7.0/toolchain/arm/arm-gnu-toolchain/bin/../lib/gcc/arm-none-eabi/6.3.1/../../../../arm-none-eabi/lib/thumb/v7e-m\libc.a(lib_a-mprec.o)
 .ARM.attributes
                0x000005d3       0x2e c:/program files (x86)/atmel/studio/7.0/toolchain/arm/arm-gnu-toolchain/bin/../lib/gcc/arm-none-eabi/6.3.1/../../../../arm-none-eabi/lib/thumb/v7e-m\libc.a(lib_a-sbrkr.o)
 .ARM.attributes
                0x00000601       0x1c c:/program files (x86)/atmel/studio/7.0/toolchain/arm/arm-gnu-toolchain/bin/../lib/gcc/arm-none-eabi/6.3.1/../../../../arm-none-eabi/lib/thumb/v7e-m\libc.a(lib_a-strlen.o)
 .ARM.attributes
                0x0000061d       0x2e c:/program files (x86)/atmel/studio/7.0/toolchain/arm/arm-gnu-toolchain/bin/../lib/gcc/arm-none-eabi/6.3.1/../../../../arm-none-eabi/lib/thumb/v7e-m\libc.a(lib_a-svfiprintf.o)
 .ARM.attributes
                0x0000064b       0x2e c:/program files (x86)/atmel/studio/7.0/toolchain/arm/arm-gnu-toolchain/bin/../lib/gcc/arm-none-eabi/6.3.1/../../../../arm-none-eabi/lib/thumb/v7e-m\libc.a(lib_a-__atexit.o)
 .ARM.attributes
                0x00000679       0x2e c:/program files (x86)/atmel/studio/7.0/toolchain/arm/arm-gnu-toolchain/bin/../lib/gcc/arm-none-eabi/6.3.1/../../../../arm-none-eabi/lib/thumb/v7e-m\libc.a(lib_a-callocr.o)
 .ARM.attributes
                0x000006a7       0x2e c:/program files (x86)/atmel/studio/7.0/toolchain/arm/arm-gnu-toolchain/bin/../lib/gcc/arm-none-eabi/6.3.1/../../../../arm-none-eabi/lib/thumb/v7e-m\libc.a(lib_a-freer.o)
 .ARM.attributes
                0x000006d5       0x2e c:/program files (x86)/atmel/studio/7.0/toolchain/arm/arm-gnu-toolchain/bin/../lib/gcc/arm-none-eabi/6.3.1/../../../../arm-none-eabi/lib/thumb/v7e-m\libc.a(lib_a-locale.o)
 .ARM.attributes
                0x00000703       0x2e c:/program files (x86)/atmel/studio/7.0/toolchain/arm/arm-gnu-toolchain/bin/../lib/gcc/arm-none-eabi/6.3.1/../../../../arm-none-eabi/lib/thumb/v7e-m\libc.a(lib_a-mbtowc_r.o)
 .ARM.attributes
                0x00000731       0x2e c:/program files (x86)/atmel/studio/7.0/toolchain/arm/arm-gnu-toolchain/bin/../lib/gcc/arm-none-eabi/6.3.1/../../../../arm-none-eabi/lib/thumb/v7e-m\libc.a(lib_a-memmove.o)
 .ARM.attributes
                0x0000075f       0x2e c:/program files (x86)/atmel/studio/7.0/toolchain/arm/arm-gnu-toolchain/bin/../lib/gcc/arm-none-eabi/6.3.1/../../../../arm-none-eabi/lib/thumb/v7e-m\libc.a(lib_a-reallocr.o)
 .ARM.attributes
                0x0000078d       0x2e c:/program files (x86)/atmel/studio/7.0/toolchain/arm/arm-gnu-toolchain/bin/../lib/gcc/arm-none-eabi/6.3.1/../../../../arm-none-eabi/lib/thumb/v7e-m\libc.a(lib_a-reent.o)
 .ARM.attributes
                0x000007bb       0x2e c:/program files (x86)/atmel/studio/7.0/toolchain/arm/arm-gnu-toolchain/bin/../lib/gcc/arm-none-eabi/6.3.1/../../../../arm-none-eabi/lib/thumb/v7e-m\libc.a(lib_a-wctomb_r.o)
 .ARM.attributes
                0x000007e9       0x2e c:/program files (x86)/atmel/studio/7.0/toolchain/arm/arm-gnu-toolchain/bin/../lib/gcc/arm-none-eabi/6.3.1/../../../../arm-none-eabi/lib/thumb/v7e-m\libc.a(lib_a-ctype_.o)
 .ARM.attributes
                0x00000817       0x1e c:/program files (x86)/atmel/studio/7.0/toolchain/arm/arm-gnu-toolchain/bin/../lib/gcc/arm-none-eabi/6.3.1/thumb/v7e-m\libgcc.a(_arm_addsubdf3.o)
 .ARM.attributes
                0x00000835       0x1e c:/program files (x86)/atmel/studio/7.0/toolchain/arm/arm-gnu-toolchain/bin/../lib/gcc/arm-none-eabi/6.3.1/thumb/v7e-m\libgcc.a(_arm_muldivdf3.o)
 .ARM.attributes
                0x00000853       0x1e c:/program files (x86)/atmel/studio/7.0/toolchain/arm/arm-gnu-toolchain/bin/../lib/gcc/arm-none-eabi/6.3.1/thumb/v7e-m\libgcc.a(_arm_cmpdf2.o)
 .ARM.attributes
                0x00000871       0x1e c:/program files (x86)/atmel/studio/7.0/toolchain/arm/arm-gnu-toolchain/bin/../lib/gcc/arm-none-eabi/6.3.1/thumb/v7e-m\libgcc.a(_arm_unorddf2.o)
 .ARM.attributes
                0x0000088f       0x1e c:/program files (x86)/atmel/studio/7.0/toolchain/arm/arm-gnu-toolchain/bin/../lib/gcc/arm-none-eabi/6.3.1/thumb/v7e-m\libgcc.a(_arm_fixdfsi.o)
 .ARM.attributes
                0x000008ad       0x1e c:/program files (x86)/atmel/studio/7.0/toolchain/arm/arm-gnu-toolchain/bin/../lib/gcc/arm-none-eabi/6.3.1/thumb/v7e-m\libgcc.a(_aeabi_uldivmod.o)
 .ARM.attributes
                0x000008cb       0x2e c:/program files (x86)/atmel/studio/7.0/toolchain/arm/arm-gnu-toolchain/bin/../lib/gcc/arm-none-eabi/6.3.1/thumb/v7e-m\libgcc.a(_udivmoddi4.o)
 .ARM.attributes
                0x000008f9       0x1e c:/program files (x86)/atmel/studio/7.0/toolchain/arm/arm-gnu-toolchain/bin/../lib/gcc/arm-none-eabi/6.3.1/thumb/v7e-m\libgcc.a(_dvmd_tls.o)
 .ARM.attributes
                0x00000917       0x1e c:/program files (x86)/atmel/studio/7.0/toolchain/arm/arm-gnu-toolchain/bin/../lib/gcc/arm-none-eabi/6.3.1/thumb/v7e-m/crtn.o

.comment        0x00000000       0x59
 .comment       0x00000000       0x59 src/main.o
                                 0x5a (size before relaxing)
 .comment       0x00000059       0x5a src/ASF/common/services/spi/sam_spi/spi_master.o
 .comment       0x00000059       0x5a src/ASF/sam/components/display/ili9488/ili9488.o
 .comment       0x00000059       0x5a src/ASF/sam/drivers/spi/spi.o
 .comment       0x00000059       0x5a src/ASF/common/services/clock/same70/sysclk.o
 .comment       0x00000059       0x5a src/ASF/common/utils/interrupt/interrupt_sam_nvic.o
 .comment       0x00000059       0x5a src/ASF/sam/boards/same70_xplained/init.o
 .comment       0x00000059       0x5a src/ASF/sam/drivers/pio/pio.o
 .comment       0x00000059       0x5a src/ASF/sam/drivers/pio/pio_handler.o
 .comment       0x00000059       0x5a src/ASF/sam/drivers/pmc/pmc.o
 .comment       0x00000059       0x5a src/ASF/sam/utils/cmsis/same70/source/templates/gcc/startup_same70.o
 .comment       0x00000059       0x5a src/ASF/sam/utils/cmsis/same70/source/templates/system_same70.o
 .comment       0x00000059       0x5a src/ASF/sam/utils/syscalls/gcc/syscalls.o

.debug_info     0x00000000    0x12463
 .debug_info    0x00000000     0x22cc src/main.o
 .debug_info    0x000022cc     0x143e src/ASF/common/services/spi/sam_spi/spi_master.o
 .debug_info    0x0000370a     0x208c src/ASF/sam/components/display/ili9488/ili9488.o
 .debug_info    0x00005796     0x1123 src/ASF/sam/drivers/spi/spi.o
 .debug_info    0x000068b9     0x1311 src/ASF/common/services/clock/same70/sysclk.o
 .debug_info    0x00007bca      0xb06 src/ASF/common/utils/interrupt/interrupt_sam_nvic.o
 .debug_info    0x000086d0     0x1dad src/ASF/sam/boards/same70_xplained/init.o
 .debug_info    0x0000a47d     0x1ce3 src/ASF/sam/drivers/pio/pio.o
 .debug_info    0x0000c160     0x1a74 src/ASF/sam/drivers/pio/pio_handler.o
 .debug_info    0x0000dbd4     0x1eed src/ASF/sam/drivers/pmc/pmc.o
 .debug_info    0x0000fac1     0x1612 src/ASF/sam/utils/cmsis/same70/source/templates/gcc/startup_same70.o
 .debug_info    0x000110d3      0x5d4 src/ASF/sam/utils/cmsis/same70/source/templates/system_same70.o
 .debug_info    0x000116a7      0xdbc src/ASF/sam/utils/syscalls/gcc/syscalls.o

.debug_abbrev   0x00000000     0x220b
 .debug_abbrev  0x00000000      0x264 src/main.o
 .debug_abbrev  0x00000264      0x305 src/ASF/common/services/spi/sam_spi/spi_master.o
 .debug_abbrev  0x00000569      0x2f4 src/ASF/sam/components/display/ili9488/ili9488.o
 .debug_abbrev  0x0000085d      0x2cf src/ASF/sam/drivers/spi/spi.o
 .debug_abbrev  0x00000b2c      0x296 src/ASF/common/services/clock/same70/sysclk.o
 .debug_abbrev  0x00000dc2      0x214 src/ASF/common/utils/interrupt/interrupt_sam_nvic.o
 .debug_abbrev  0x00000fd6      0x3f4 src/ASF/sam/boards/same70_xplained/init.o
 .debug_abbrev  0x000013ca      0x296 src/ASF/sam/drivers/pio/pio.o
 .debug_abbrev  0x00001660      0x2c9 src/ASF/sam/drivers/pio/pio_handler.o
 .debug_abbrev  0x00001929      0x2ce src/ASF/sam/drivers/pmc/pmc.o
 .debug_abbrev  0x00001bf7      0x2e8 src/ASF/sam/utils/cmsis/same70/source/templates/gcc/startup_same70.o
 .debug_abbrev  0x00001edf      0x102 src/ASF/sam/utils/cmsis/same70/source/templates/system_same70.o
 .debug_abbrev  0x00001fe1      0x22a src/ASF/sam/utils/syscalls/gcc/syscalls.o

.debug_loc      0x00000000     0x5605
 .debug_loc     0x00000000       0xb5 src/main.o
 .debug_loc     0x000000b5      0x830 src/ASF/common/services/spi/sam_spi/spi_master.o
 .debug_loc     0x000008e5      0xd20 src/ASF/sam/components/display/ili9488/ili9488.o
 .debug_loc     0x00001605      0x630 src/ASF/sam/drivers/spi/spi.o
 .debug_loc     0x00001c35      0x4a0 src/ASF/common/services/clock/same70/sysclk.o
 .debug_loc     0x000020d5       0xa0 src/ASF/common/utils/interrupt/interrupt_sam_nvic.o
 .debug_loc     0x00002175      0x2fc src/ASF/sam/boards/same70_xplained/init.o
 .debug_loc     0x00002471     0x1174 src/ASF/sam/drivers/pio/pio.o
 .debug_loc     0x000035e5      0x38c src/ASF/sam/drivers/pio/pio_handler.o
 .debug_loc     0x00003971     0x1744 src/ASF/sam/drivers/pmc/pmc.o
 .debug_loc     0x000050b5      0x16c src/ASF/sam/utils/cmsis/same70/source/templates/gcc/startup_same70.o
 .debug_loc     0x00005221       0xe4 src/ASF/sam/utils/cmsis/same70/source/templates/system_same70.o
 .debug_loc     0x00005305      0x300 src/ASF/sam/utils/syscalls/gcc/syscalls.o

.debug_aranges  0x00000000      0x990
 .debug_aranges
                0x00000000       0x30 src/main.o
 .debug_aranges
                0x00000030       0xe0 src/ASF/common/services/spi/sam_spi/spi_master.o
 .debug_aranges
                0x00000110      0x168 src/ASF/sam/components/display/ili9488/ili9488.o
 .debug_aranges
                0x00000278       0xa8 src/ASF/sam/drivers/spi/spi.o
 .debug_aranges
                0x00000320       0x98 src/ASF/common/services/clock/same70/sysclk.o
 .debug_aranges
                0x000003b8       0x28 src/ASF/common/utils/interrupt/interrupt_sam_nvic.o
 .debug_aranges
                0x000003e0       0x68 src/ASF/sam/boards/same70_xplained/init.o
 .debug_aranges
                0x00000448      0x1a8 src/ASF/sam/drivers/pio/pio.o
 .debug_aranges
                0x000005f0       0x80 src/ASF/sam/drivers/pio/pio_handler.o
 .debug_aranges
                0x00000670      0x250 src/ASF/sam/drivers/pmc/pmc.o
 .debug_aranges
                0x000008c0       0x40 src/ASF/sam/utils/cmsis/same70/source/templates/gcc/startup_same70.o
 .debug_aranges
                0x00000900       0x30 src/ASF/sam/utils/cmsis/same70/source/templates/system_same70.o
 .debug_aranges
                0x00000930       0x60 src/ASF/sam/utils/syscalls/gcc/syscalls.o

.debug_ranges   0x00000000      0x938
 .debug_ranges  0x00000000       0x20 src/main.o
 .debug_ranges  0x00000020       0xd0 src/ASF/common/services/spi/sam_spi/spi_master.o
 .debug_ranges  0x000000f0      0x158 src/ASF/sam/components/display/ili9488/ili9488.o
 .debug_ranges  0x00000248       0x98 src/ASF/sam/drivers/spi/spi.o
 .debug_ranges  0x000002e0       0x88 src/ASF/common/services/clock/same70/sysclk.o
 .debug_ranges  0x00000368       0x18 src/ASF/common/utils/interrupt/interrupt_sam_nvic.o
 .debug_ranges  0x00000380       0xd0 src/ASF/sam/boards/same70_xplained/init.o
 .debug_ranges  0x00000450      0x198 src/ASF/sam/drivers/pio/pio.o
 .debug_ranges  0x000005e8       0x70 src/ASF/sam/drivers/pio/pio_handler.o
 .debug_ranges  0x00000658      0x240 src/ASF/sam/drivers/pmc/pmc.o
 .debug_ranges  0x00000898       0x30 src/ASF/sam/utils/cmsis/same70/source/templates/gcc/startup_same70.o
 .debug_ranges  0x000008c8       0x20 src/ASF/sam/utils/cmsis/same70/source/templates/system_same70.o
 .debug_ranges  0x000008e8       0x50 src/ASF/sam/utils/syscalls/gcc/syscalls.o

.debug_macro    0x00000000    0x1f772
 .debug_macro   0x00000000      0x7fb src/main.o
 .debug_macro   0x000007fb      0x8d4 src/main.o
 .debug_macro   0x000010cf      0x16d src/main.o
 .debug_macro   0x0000123c      0x6d7 src/main.o
 .debug_macro   0x00001913       0x76 src/main.o
 .debug_macro   0x00001989       0x16 src/main.o
 .debug_macro   0x0000199f      0x6da src/main.o
 .debug_macro   0x00002079       0x22 src/main.o
 .debug_macro   0x0000209b       0x87 src/main.o
 .debug_macro   0x00002122       0x51 src/main.o
 .debug_macro   0x00002173       0xef src/main.o
 .debug_macro   0x00002262       0x6a src/main.o
 .debug_macro   0x000022cc      0x1df src/main.o
 .debug_macro   0x000024ab       0x51 src/main.o
 .debug_macro   0x000024fc       0x3b src/main.o
 .debug_macro   0x00002537       0x2d src/main.o
 .debug_macro   0x00002564       0x26 src/main.o
 .debug_macro   0x0000258a      0xf9a src/main.o
 .debug_macro   0x00003524      0x191 src/main.o
 .debug_macro   0x000036b5      0x2ee src/main.o
 .debug_macro   0x000039a3      0xa23 src/main.o
 .debug_macro   0x000043c6      0x1b4 src/main.o
 .debug_macro   0x0000457a      0x35f src/main.o
 .debug_macro   0x000048d9      0x15a src/main.o
 .debug_macro   0x00004a33     0x18b3 src/main.o
 .debug_macro   0x000062e6       0x1c src/main.o
 .debug_macro   0x00006302      0x6a2 src/main.o
 .debug_macro   0x000069a4      0x27f src/main.o
 .debug_macro   0x00006c23      0x3ba src/main.o
 .debug_macro   0x00006fdd      0x4f0 src/main.o
 .debug_macro   0x000074cd      0x5cb src/main.o
 .debug_macro   0x00007a98     0x1527 src/main.o
 .debug_macro   0x00008fbf     0x2a40 src/main.o